Archive member included because of file (symbol)

c:\Users\dogsp\AppData\Roaming\Code\User\globalStorage\vexrobotics.vexcode\sdk\cpp\V5\V5_20220726_10_00_00/vexv5\libv5rt.a(v5_startup.c.obj)
                              (vexStartup)
c:\Users\dogsp\AppData\Roaming\Code\User\globalStorage\vexrobotics.vexcode\sdk\cpp\V5\V5_20220726_10_00_00/vexv5\libv5rt.a(v5_util.c.obj)
                              c:\Users\dogsp\AppData\Roaming\Code\User\globalStorage\vexrobotics.vexcode\sdk\cpp\V5\V5_20220726_10_00_00/vexv5\libv5rt.a(v5_startup.c.obj) (vexStdlibVersionLinked)
c:\Users\dogsp\AppData\Roaming\Code\User\globalStorage\vexrobotics.vexcode\sdk\cpp\V5\V5_20220726_10_00_00/vexv5\libv5rt.a(v5_apijump.c.obj)
                              c:\Users\dogsp\AppData\Roaming\Code\User\globalStorage\vexrobotics.vexcode\sdk\cpp\V5\V5_20220726_10_00_00/vexv5\libv5rt.a(v5_startup.c.obj) (vexPrivateApiEnable)
c:\Users\dogsp\AppData\Roaming\Code\User\globalStorage\vexrobotics.vexcode\sdk\cpp\V5\V5_20220726_10_00_00/vexv5\libv5rt.a(v5_apiversions.c.obj)
                              c:\Users\dogsp\AppData\Roaming\Code\User\globalStorage\vexrobotics.vexcode\sdk\cpp\V5\V5_20220726_10_00_00/vexv5\libv5rt.a(v5_apijump.c.obj) (vexSystemVersion)
c:\Users\dogsp\AppData\Roaming\Code\User\globalStorage\vexrobotics.vexcode\sdk\cpp\V5\V5_20220726_10_00_00/vexv5\libv5rt.a(vex_global.cpp.obj)
                              build/src/main.o (vex::wait(double, vex::timeUnits))
c:\Users\dogsp\AppData\Roaming\Code\User\globalStorage\vexrobotics.vexcode\sdk\cpp\V5\V5_20220726_10_00_00/vexv5\libv5rt.a(vex_motor.cpp.obj)
                              build/src/robot-config.o (vex::motor::~motor())
c:\Users\dogsp\AppData\Roaming\Code\User\globalStorage\vexrobotics.vexcode\sdk\cpp\V5\V5_20220726_10_00_00/vexv5\libv5rt.a(vex_vision.cpp.obj)
                              build/src/robot-config.o (vex::vision::~vision())
c:\Users\dogsp\AppData\Roaming\Code\User\globalStorage\vexrobotics.vexcode\sdk\cpp\V5\V5_20220726_10_00_00/vexv5\libv5rt.a(vex_imu.cpp.obj)
                              build/src/drive.o (vex::inertial::setRotation(double, vex::rotationUnits))
c:\Users\dogsp\AppData\Roaming\Code\User\globalStorage\vexrobotics.vexcode\sdk\cpp\V5\V5_20220726_10_00_00/vexv5\libv5rt.a(vex_controller.cpp.obj)
                              build/src/drive.o (vex::controller::~controller())
c:\Users\dogsp\AppData\Roaming\Code\User\globalStorage\vexrobotics.vexcode\sdk\cpp\V5\V5_20220726_10_00_00/vexv5\libv5rt.a(vex_task.cpp.obj)
                              build/src/drive.o (vex::task::task())
c:\Users\dogsp\AppData\Roaming\Code\User\globalStorage\vexrobotics.vexcode\sdk\cpp\V5\V5_20220726_10_00_00/vexv5\libv5rt.a(vex_thread.cpp.obj)
                              c:\Users\dogsp\AppData\Roaming\Code\User\globalStorage\vexrobotics.vexcode\sdk\cpp\V5\V5_20220726_10_00_00/vexv5\libv5rt.a(vex_global.cpp.obj) (vex::this_thread::sleep_for(unsigned long))
c:\Users\dogsp\AppData\Roaming\Code\User\globalStorage\vexrobotics.vexcode\sdk\cpp\V5\V5_20220726_10_00_00/vexv5\libv5rt.a(vex_event.cpp.obj)
                              c:\Users\dogsp\AppData\Roaming\Code\User\globalStorage\vexrobotics.vexcode\sdk\cpp\V5\V5_20220726_10_00_00/vexv5\libv5rt.a(vex_imu.cpp.obj) (vex::event::init(unsigned long, unsigned long, void (*)()))
c:\Users\dogsp\AppData\Roaming\Code\User\globalStorage\vexrobotics.vexcode\sdk\cpp\V5\V5_20220726_10_00_00/vexv5\libv5rt.a(vex_mevent.cpp.obj)
                              c:\Users\dogsp\AppData\Roaming\Code\User\globalStorage\vexrobotics.vexcode\sdk\cpp\V5\V5_20220726_10_00_00/vexv5\libv5rt.a(vex_controller.cpp.obj) (vex::mevent::mevent(unsigned long, unsigned long))
c:\Users\dogsp\AppData\Roaming\Code\User\globalStorage\vexrobotics.vexcode\sdk\cpp\V5\V5_20220726_10_00_00/vexv5\libv5rt.a(vex_brain.cpp.obj)
                              build/src/robot-config.o (vex::brain::brain())
c:\Users\dogsp\AppData\Roaming\Code\User\globalStorage\vexrobotics.vexcode\sdk\cpp\V5\V5_20220726_10_00_00/vexv5\libv5rt.a(vex_competition.cpp.obj)
                              build/src/main.o (vex::competition::competition())
c:\Users\dogsp\AppData\Roaming\Code\User\globalStorage\vexrobotics.vexcode\sdk\cpp\V5\V5_20220726_10_00_00/vexv5\libv5rt.a(vex_triport.cpp.obj)
                              build/src/main.o (vex::triport::~triport())
c:\Users\dogsp\AppData\Roaming\Code\User\globalStorage\vexrobotics.vexcode\sdk\cpp\V5\V5_20220726_10_00_00/vexv5\libv5rt.a(vex_color.cpp.obj)
                              build/src/BrainDrawAuto.o (vex::color::~color())
c:\Users\dogsp\AppData\Roaming\Code\User\globalStorage\vexrobotics.vexcode\sdk\cpp\V5\V5_20220726_10_00_00/vexv5\libv5rt.a(vex_timer.cpp.obj)
                              c:\Users\dogsp\AppData\Roaming\Code\User\globalStorage\vexrobotics.vexcode\sdk\cpp\V5\V5_20220726_10_00_00/vexv5\libv5rt.a(vex_brain.cpp.obj) (vex::timer::~timer())
[...]
Memory Configuration

Name             Origin             Length             Attributes
ps7_ddr_0_S_AXI_BASEADDR 0x03800000         0x04800000
*default*        0x00000000         0xffffffff

Linker script and memory map

                0x00002000                _STACK_SIZE = DEFINED (_STACK_SIZE)?_STACK_SIZE:0x2000
                0x00100000                _HEAP_SIZE = DEFINED (_HEAP_SIZE)?_HEAP_SIZE:0x100000
                0x00000400                _ABORT_STACK_SIZE = DEFINED (_ABORT_STACK_SIZE)?_ABORT_STACK_SIZE:0x400
                0x00000800                _SUPERVISOR_STACK_SIZE = DEFINED (_SUPERVISOR_STACK_SIZE)?_SUPERVISOR_STACK_SIZE:0x800
                0x00000400                _IRQ_STACK_SIZE = DEFINED (_IRQ_STACK_SIZE)?_IRQ_STACK_SIZE:0x400
                0x00000400                _FIQ_STACK_SIZE = DEFINED (_FIQ_STACK_SIZE)?_FIQ_STACK_SIZE:0x400
                0x00000400                _UNDEF_STACK_SIZE = DEFINED (_UNDEF_STACK_SIZE)?_UNDEF_STACK_SIZE:0x400

.text           0x03800000     0x82e0
 *(.vectors)
 *(.boot_data)
 .boot_data     0x03800000       0x20 c:\Users\dogsp\AppData\Roaming\Code\User\globalStorage\vexrobotics.vexcode\sdk\cpp\V5\V5_20220726_10_00_00/vexv5\libv5rt.a(v5_startup.c.obj)
                0x03800000                vexCodeSig
                0x00000020                . = 0x20
 *(.boot)
 .boot          0x03800020       0xbc c:\Users\dogsp\AppData\Roaming\Code\User\globalStorage\vexrobotics.vexcode\sdk\cpp\V5\V5_20220726_10_00_00/vexv5\libv5rt.a(v5_startup.c.obj)
                0x03800020                vexStartup
                0x03800100                . = ALIGN (0x40)
 *fill*         0x038000dc       0x24 
 *(.freertos_vectors)
 *(.text)
 *(.text.*)
 .text._Z15reduce_0_to_360f
                0x03800100       0x7c build/src/util.o
                0x03800100                reduce_0_to_360(float)
 .text._Z26reduce_negative_180_to_180f
                0x0380017c       0x90 build/src/util.o
                0x0380017c                reduce_negative_180_to_180(float)
 .text._Z24reduce_negative_90_to_90f
                0x0380020c       0x90 build/src/util.o
                0x0380020c                reduce_negative_90_to_90(float)
 *fill*         0x0380029c        0x4 
 .text._Z6to_radf
                0x038002a0       0x28 build/src/util.o
                0x038002a0                to_rad(float)
 .text._Z6to_degf
                0x038002c8       0x28 build/src/util.o
                0x038002c8                to_deg(float)
 .text._Z5clampfff
                0x038002f0       0x2c build/src/util.o
                0x038002f0                clamp(float, float, float)
 *fill*         0x0380031c        0x4 
 .text._Z7to_voltf
                0x03800320       0x30 build/src/util.o
                0x03800320                to_volt(float)
 .text._Z8deadbandff
                0x03800350       0x28 build/src/util.o
                0x03800350                deadband(float, float)
 .text._ZN3vex11motor_groupC2IJNS_5motorES2_EEERS2_DpRT_
                0x03800378       0x44 build/src/main.o
                0x03800378                vex::motor_group::motor_group<vex::motor, vex::motor>(vex::motor&, vex::motor&, vex::motor&)
 .text._ZN5DriveD2Ev
                0x038003bc       0x3c build/src/main.o
                0x038003bc                Drive::~Drive()
 .text._Z9pre_autonv
                0x038003f8      0x27c build/src/main.o
                0x038003f8                pre_auton()
 .text._Z10autonomousv
                0x03800674       0x6c build/src/main.o
                0x03800674                autonomous()
 .text._Z11usercontrolv
                0x038006e0      0x220 build/src/main.o
                0x038006e0                usercontrol()
 .text._Z11ToggleBlockv
                0x03800900       0x2c build/src/main.o
                0x03800900                ToggleBlock()
 .text._ZN3vex10controller3lcd5printIfEEvT_
                0x0380092c       0x3c build/src/main.o
                0x0380092c                void vex::controller::lcd::print<float>(float)
 .text.main     0x03800968       0x68 build/src/main.o
                0x03800968                main
 .text._GLOBAL__sub_I_main.cpp
                0x038009d0      0x114 build/src/main.o
 .text._Z17default_constantsv
                0x03800ae4      0x10c build/src/autons.o
                0x03800ae4                default_constants()
 .text._Z15Close_Mid_Scorev
                0x03800bf0      0x2f0 build/src/autons.o
                0x03800bf0                Close_Mid_Score()
 .text._Z14Close_Desc_Midv
                0x03800ee0      0x2f8 build/src/autons.o
                0x03800ee0                Close_Desc_Mid()
 .text._Z11Far_Score_5v
                0x038011d8      0x488 build/src/autons.o
                0x038011d8                Far_Score_5()
 .text._Z11Far_Score_4v
                0x03801660      0x450 build/src/autons.o
                0x03801660                Far_Score_4()
 .text._Z15Far_Score_Touchv
                0x03801ab0      0x240 build/src/autons.o
                0x03801ab0                Far_Score_Touch()
 .text._Z22Close_Score_Desc_Touchv
                0x03801cf0      0x240 build/src/autons.o
                0x03801cf0                Close_Score_Desc_Touch()
 .text._Z22Close_Desc_Shoot_Touchv
                0x03801f30      0x1b0 build/src/autons.o
                0x03801f30                Close_Desc_Shoot_Touch()
 .text._ZN4Odom22set_physical_distancesEff
                0x038020e0        0x8 build/src/odom.o
                0x038020e0                Odom::set_physical_distances(float, float)
 .text._ZN4Odom12set_positionEfffff
                0x038020e8       0x1c build/src/odom.o
                0x038020e8                Odom::set_position(float, float, float, float, float)
 .text._ZN4Odom15update_positionEfff
                0x03802104      0x1a4 build/src/odom.o
                0x03802104                Odom::update_position(float, float, float)
 .text._ZN5DriveC2E11drive_setupN3vex11motor_groupES2_iffff
                0x038022a8       0xf0 build/src/drive.o
                0x038022a8                Drive::Drive(drive_setup, vex::motor_group, vex::motor_group, int, float, float, float, float)
                0x038022a8                Drive::Drive(drive_setup, vex::motor_group, vex::motor_group, int, float, float, float, float)
 .text._ZN5Drive18drive_with_voltageEff
                0x03802398       0x6c build/src/drive.o
                0x03802398                Drive::drive_with_voltage(float, float)
 .text._ZN5Drive18set_turn_constantsEfffff
                0x03802404       0x1c build/src/drive.o
                0x03802404                Drive::set_turn_constants(float, float, float, float, float)
 .text._ZN5Drive19set_drive_constantsEfffff
                0x03802420       0x1c build/src/drive.o
                0x03802420                Drive::set_drive_constants(float, float, float, float, float)
 .text._ZN5Drive21set_heading_constantsEfffff
                0x0380243c       0x1c build/src/drive.o
                0x0380243c                Drive::set_heading_constants(float, float, float, float, float)
 .text._ZN5Drive19set_swing_constantsEfffff
                0x03802458       0x1c build/src/drive.o
                0x03802458                Drive::set_swing_constants(float, float, float, float, float)
 .text._ZN5Drive24set_turn_exit_conditionsEfff
                0x03802474        0xc build/src/drive.o
                0x03802474                Drive::set_turn_exit_conditions(float, float, float)
 .text._ZN5Drive25set_drive_exit_conditionsEfff
                0x03802480        0xc build/src/drive.o
                0x03802480                Drive::set_drive_exit_conditions(float, float, float)
 .text._ZN5Drive25set_swing_exit_conditionsEfff
                0x0380248c        0xc build/src/drive.o
                0x0380248c                Drive::set_swing_exit_conditions(float, float, float)
 .text._ZN5Drive13turn_to_angleEf
                0x03802498       0x50 build/src/drive.o
                0x03802498                Drive::turn_to_angle(float)
 .text._ZN5Drive13turn_to_angleEfffffffff
                0x038024e8      0x178 build/src/drive.o
                0x038024e8                Drive::turn_to_angle(float, float, float, float, float, float, float, float, float)
 .text._ZN5Drive13turn_to_angleEff
                0x03802660       0x4c build/src/drive.o
                0x03802660                Drive::turn_to_angle(float, float)
 .text._ZN5Drive14drive_distanceEf
                0x038026ac       0x80 build/src/drive.o
                0x038026ac                Drive::drive_distance(float)
 *fill*         0x0380272c        0x4 
 .text._ZN5Drive14drive_distanceEfffffffffffffff
                0x03802730      0x2e0 build/src/drive.o
                0x03802730                Drive::drive_distance(float, float, float, float, float, float, float, float, float, float, float, float, float, float, float)
 .text._ZN5Drive14drive_distanceEff
                0x03802a10       0x7c build/src/drive.o
                0x03802a10                Drive::drive_distance(float, float)
 .text._ZN5Drive14drive_distanceEffff
                0x03802a8c       0x74 build/src/drive.o
                0x03802a8c                Drive::drive_distance(float, float, float, float)
 .text._ZN5Drive14drive_distanceEfffffff
                0x03802b00       0x78 build/src/drive.o
                0x03802b00                Drive::drive_distance(float, float, float, float, float, float, float)
 .text._ZN5Drive20right_swing_to_angleEfffffffff
                0x03802b78      0x1b8 build/src/drive.o
                0x03802b78                Drive::right_swing_to_angle(float, float, float, float, float, float, float, float, float)
 .text._ZN5Drive18swing_speed_scalarEffffb
                0x03802d30      0x2e8 build/src/drive.o
                0x03802d30                Drive::swing_speed_scalar(float, float, float, float, bool)
 .text._ZN5Drive14position_trackEv
                0x03803018       0xb4 build/src/drive.o
                0x03803018                Drive::position_track()
 *fill*         0x038030cc        0x4 
 .text._ZN5Drive15set_coordinatesEfff
                0x038030d0       0xf4 build/src/drive.o
                0x038030d0                Drive::set_coordinates(float, float, float)
 .text._ZN5Drive19position_track_taskEv
                0x038031c4       0x14 build/src/drive.o
                0x038031c4                Drive::position_track_task()
 .text._ZN5Drive14get_X_positionEv
                0x038031d8        0x8 build/src/drive.o
                0x038031d8                Drive::get_X_position()
 .text._ZN5Drive14get_Y_positionEv
                0x038031e0        0x8 build/src/drive.o
                0x038031e0                Drive::get_Y_position()
 .text._ZN5Drive14drive_to_pointEff
                0x038031e8       0x7c build/src/drive.o
                0x038031e8                Drive::drive_to_point(float, float)
 *fill*         0x03803264        0x4 
 .text._ZN5Drive14drive_to_pointEfffffffffffffff
                0x03803268      0x34c build/src/drive.o
                0x03803268                Drive::drive_to_point(float, float, float, float, float, float, float, float, float, float, float, float, float, float, float)
 .text._ZN5Drive14drive_to_pointEffff
                0x038035b4       0x74 build/src/drive.o
                0x038035b4                Drive::drive_to_point(float, float, float, float)
 .text._ZN5Drive13turn_to_pointEff
                0x03803628       0x5c build/src/drive.o
                0x03803628                Drive::turn_to_point(float, float)
 *fill*         0x03803684        0x4 
 .text._ZN5Drive13turn_to_pointEfffffffffff
                0x03803688      0x228 build/src/drive.o
                0x03803688                Drive::turn_to_point(float, float, float, float, float, float, float, float, float, float, float)
 .text._ZN5Drive14control_arcadeEf
                0x038038b0      0x120 build/src/drive.o
                0x038038b0                Drive::control_arcade(float)
 .text._Z11vexcodeInitv
                0x038039d0        0x4 build/src/robot-config.o
                0x038039d0                vexcodeInit()
 .text._GLOBAL__sub_I_robot_config.cpp
                0x038039d4      0x3b8 build/src/robot-config.o
 .text._Z11DrawDiamondiiN3vex5colorEi
                0x03803d8c      0x1f0 build/src/BrainDrawAuto.o
                0x03803d8c                DrawDiamond(int, int, vex::color, int)
 .text._Z9DrawFieldv
                0x03803f7c       0xcc build/src/BrainDrawAuto.o
                0x03803f7c                DrawField()
 .text._Z9DrawAuto1v
                0x03804048       0x64 build/src/BrainDrawAuto.o
                0x03804048                DrawAuto1()
 .text._Z9DrawAuto2v
                0x038040ac       0xd0 build/src/BrainDrawAuto.o
                0x038040ac                DrawAuto2()
 .text._Z9DrawAuto3v
                0x0380417c       0xb0 build/src/BrainDrawAuto.o
                0x0380417c                DrawAuto3()
 .text._Z9DrawAuto4v
                0x0380422c       0xd0 build/src/BrainDrawAuto.o
                0x0380422c                DrawAuto4()
 .text._Z9DrawAuto5v
                0x038042fc       0xb0 build/src/BrainDrawAuto.o
                0x038042fc                DrawAuto5()
 .text._Z9DrawAuto6v
                0x038043ac       0xb0 build/src/BrainDrawAuto.o
                0x038043ac                DrawAuto6()
 .text._Z9DrawAuto7v
                0x0380445c       0xb0 build/src/BrainDrawAuto.o
                0x0380445c                DrawAuto7()
 .text._ZN3PIDC2Efffff
                0x0380450c       0x2c build/src/PID.o
                0x0380450c                PID::PID(float, float, float, float, float)
                0x0380450c                PID::PID(float, float, float, float, float)
 .text._ZN3PIDC2Effffffff
                0x03804538       0x44 build/src/PID.o
                0x03804538                PID::PID(float, float, float, float, float, float, float, float)
                0x03804538                PID::PID(float, float, float, float, float, float, float, float)
 .text._ZN3PID7computeEf
                0x0380457c       0xd0 build/src/PID.o
                0x0380457c                PID::compute(float)
 .text._ZN3PID10is_settledEv
                0x0380464c       0x44 build/src/PID.o
                0x0380464c                PID::is_settled()
 .text.vexMain  0x03804690       0xb0 c:\Users\dogsp\AppData\Roaming\Code\User\globalStorage\vexrobotics.vexcode\sdk\cpp\V5\V5_20220726_10_00_00/vexv5\libv5rt.a(v5_startup.c.obj)
                0x03804690                vexMain
 .text.__vex_function_prolog
                0x03804740       0x18 c:\Users\dogsp\AppData\Roaming\Code\User\globalStorage\vexrobotics.vexcode\sdk\cpp\V5\V5_20220726_10_00_00/vexv5\libv5rt.a(v5_startup.c.obj)
                0x03804740                __vex_function_prolog
 .text._init    0x03804758        0x4 c:\Users\dogsp\AppData\Roaming\Code\User\globalStorage\vexrobotics.vexcode\sdk\cpp\V5\V5_20220726_10_00_00/vexv5\libv5rt.a(v5_startup.c.obj)
                0x03804758                _init
 .text._fini    0x0380475c        0x4 c:\Users\dogsp\AppData\Roaming\Code\User\globalStorage\vexrobotics.vexcode\sdk\cpp\V5\V5_20220726_10_00_00/vexv5\libv5rt.a(v5_startup.c.obj)
                0x0380475c                _fini
 .text.vexStdlibVersionLinked
                0x03804760        0xc c:\Users\dogsp\AppData\Roaming\Code\User\globalStorage\vexrobotics.vexcode\sdk\cpp\V5\V5_20220726_10_00_00/vexv5\libv5rt.a(v5_util.c.obj)
                0x03804760                vexStdlibVersionLinked
 .text.vexStdlibVersionVerify
                0x0380476c       0x30 c:\Users\dogsp\AppData\Roaming\Code\User\globalStorage\vexrobotics.vexcode\sdk\cpp\V5\V5_20220726_10_00_00/vexv5\libv5rt.a(v5_util.c.obj)
                0x0380476c                vexStdlibVersionVerify
 .text.vexPrivateApiEnable
                0x0380479c       0x10 c:\Users\dogsp\AppData\Roaming\Code\User\globalStorage\vexrobotics.vexcode\sdk\cpp\V5\V5_20220726_10_00_00/vexv5\libv5rt.a(v5_apijump.c.obj)
                0x0380479c                vexPrivateApiEnable
 .text.vexStdlibMismatchError
                0x038047ac       0x3c c:\Users\dogsp\AppData\Roaming\Code\User\globalStorage\vexrobotics.vexcode\sdk\cpp\V5\V5_20220726_10_00_00/vexv5\libv5rt.a(v5_apijump.c.obj)
                0x038047ac                vexStdlibMismatchError
 .text.vexTaskAdd
                0x038047e8       0x10 c:\Users\dogsp\AppData\Roaming\Code\User\globalStorage\vexrobotics.vexcode\sdk\cpp\V5\V5_20220726_10_00_00/vexv5\libv5rt.a(v5_apijump.c.obj)
                0x038047e8                vexTaskAdd
 .text.vexTasksRun
                0x038047f8       0x10 c:\Users\dogsp\AppData\Roaming\Code\User\globalStorage\vexrobotics.vexcode\sdk\cpp\V5\V5_20220726_10_00_00/vexv5\libv5rt.a(v5_apijump.c.obj)
                0x038047f8                vexTasksRun
 .text.vexTaskYield
                0x03804808       0x10 c:\Users\dogsp\AppData\Roaming\Code\User\globalStorage\vexrobotics.vexcode\sdk\cpp\V5\V5_20220726_10_00_00/vexv5\libv5rt.a(v5_apijump.c.obj)
                0x03804808                vexTaskYield
 .text.vexTaskCheckTimeslice
                0x03804818       0x10 c:\Users\dogsp\AppData\Roaming\Code\User\globalStorage\vexrobotics.vexcode\sdk\cpp\V5\V5_20220726_10_00_00/vexv5\libv5rt.a(v5_apijump.c.obj)
                0x03804818                vexTaskCheckTimeslice
 .text.vexTaskGetIndex
                0x03804828       0x10 c:\Users\dogsp\AppData\Roaming\Code\User\globalStorage\vexrobotics.vexcode\sdk\cpp\V5\V5_20220726_10_00_00/vexv5\libv5rt.a(v5_apijump.c.obj)
                0x03804828                vexTaskGetIndex
 .text.vexTaskSleep
                0x03804838       0x10 c:\Users\dogsp\AppData\Roaming\Code\User\globalStorage\vexrobotics.vexcode\sdk\cpp\V5\V5_20220726_10_00_00/vexv5\libv5rt.a(v5_apijump.c.obj)
                0x03804838                vexTaskSleep
 .text.vexTasksDump
                0x03804848       0x1c c:\Users\dogsp\AppData\Roaming\Code\User\globalStorage\vexrobotics.vexcode\sdk\cpp\V5\V5_20220726_10_00_00/vexv5\libv5rt.a(v5_apijump.c.obj)
                0x03804848                vexTasksDump
 .text.vexTaskGetTaskIndex
                0x03804864       0x10 c:\Users\dogsp\AppData\Roaming\Code\User\globalStorage\vexrobotics.vexcode\sdk\cpp\V5\V5_20220726_10_00_00/vexv5\libv5rt.a(v5_apijump.c.obj)
                0x03804864                vexTaskGetTaskIndex
 .text.vexTaskStopAll
                0x03804874       0x10 c:\Users\dogsp\AppData\Roaming\Code\User\globalStorage\vexrobotics.vexcode\sdk\cpp\V5\V5_20220726_10_00_00/vexv5\libv5rt.a(v5_apijump.c.obj)
                0x03804874                vexTaskStopAll
 .text.vexTaskRemoveAllUser
                0x03804884       0x34 c:\Users\dogsp\AppData\Roaming\Code\User\globalStorage\vexrobotics.vexcode\sdk\cpp\V5\V5_20220726_10_00_00/vexv5\libv5rt.a(v5_apijump.c.obj)
                0x03804884                vexTaskRemoveAllUser
 .text.vexTaskCompletionIdSet
                0x038048b8       0x10 c:\Users\dogsp\AppData\Roaming\Code\User\globalStorage\vexrobotics.vexcode\sdk\cpp\V5\V5_20220726_10_00_00/vexv5\libv5rt.a(v5_apijump.c.obj)
                0x038048b8                vexTaskCompletionIdSet
 .text.vexTaskStopWithId
                0x038048c8       0x10 c:\Users\dogsp\AppData\Roaming\Code\User\globalStorage\vexrobotics.vexcode\sdk\cpp\V5\V5_20220726_10_00_00/vexv5\libv5rt.a(v5_apijump.c.obj)
                0x038048c8                vexTaskStopWithId
 .text.vexTaskGetCallbackAndId
                0x038048d8       0x54 c:\Users\dogsp\AppData\Roaming\Code\User\globalStorage\vexrobotics.vexcode\sdk\cpp\V5\V5_20220726_10_00_00/vexv5\libv5rt.a(v5_apijump.c.obj)
                0x038048d8                vexTaskGetCallbackAndId
 .text.vexCriticalSection
                0x0380492c       0x2c c:\Users\dogsp\AppData\Roaming\Code\User\globalStorage\vexrobotics.vexcode\sdk\cpp\V5\V5_20220726_10_00_00/vexv5\libv5rt.a(v5_apijump.c.obj)
                0x0380492c                vexCriticalSection
 .text.vexEventAdd
                0x03804958       0x34 c:\Users\dogsp\AppData\Roaming\Code\User\globalStorage\vexrobotics.vexcode\sdk\cpp\V5\V5_20220726_10_00_00/vexv5\libv5rt.a(v5_apijump.c.obj)
                0x03804958                vexEventAdd
 .text.vexEventUserIndexGet
                0x0380498c       0x1c c:\Users\dogsp\AppData\Roaming\Code\User\globalStorage\vexrobotics.vexcode\sdk\cpp\V5\V5_20220726_10_00_00/vexv5\libv5rt.a(v5_apijump.c.obj)
                0x0380498c                vexEventUserIndexGet
 .text.vexEventAddWithArg
                0x038049a8       0x3c c:\Users\dogsp\AppData\Roaming\Code\User\globalStorage\vexrobotics.vexcode\sdk\cpp\V5\V5_20220726_10_00_00/vexv5\libv5rt.a(v5_apijump.c.obj)
                0x038049a8                vexEventAddWithArg
 .text.vexEventsCleanup
                0x038049e4       0x2c c:\Users\dogsp\AppData\Roaming\Code\User\globalStorage\vexrobotics.vexcode\sdk\cpp\V5\V5_20220726_10_00_00/vexv5\libv5rt.a(v5_apijump.c.obj)
                0x038049e4                vexEventsCleanup
 .text.vexDebug
                0x03804a10       0x38 c:\Users\dogsp\AppData\Roaming\Code\User\globalStorage\vexrobotics.vexcode\sdk\cpp\V5\V5_20220726_10_00_00/vexv5\libv5rt.a(v5_apijump.c.obj)
                0x03804a10                vexDebug
 .text.vex_sprintf
                0x03804a48       0x40 c:\Users\dogsp\AppData\Roaming\Code\User\globalStorage\vexrobotics.vexcode\sdk\cpp\V5\V5_20220726_10_00_00/vexv5\libv5rt.a(v5_apijump.c.obj)
                0x03804a48                vex_sprintf
 .text.vex_vsnprintf
                0x03804a88       0x3c c:\Users\dogsp\AppData\Roaming\Code\User\globalStorage\vexrobotics.vexcode\sdk\cpp\V5\V5_20220726_10_00_00/vexv5\libv5rt.a(v5_apijump.c.obj)
                0x03804a88                vex_vsnprintf
 .text.vexSystemTimeGet
                0x03804ac4       0x1c c:\Users\dogsp\AppData\Roaming\Code\User\globalStorage\vexrobotics.vexcode\sdk\cpp\V5\V5_20220726_10_00_00/vexv5\libv5rt.a(v5_apijump.c.obj)
                0x03804ac4                vexSystemTimeGet
 .text.vexSystemExitRequest
                0x03804ae0       0x1c c:\Users\dogsp\AppData\Roaming\Code\User\globalStorage\vexrobotics.vexcode\sdk\cpp\V5\V5_20220726_10_00_00/vexv5\libv5rt.a(v5_apijump.c.obj)
                0x03804ae0                vexSystemExitRequest
 .text.vexDeviceGetByIndex
                0x03804afc       0x24 c:\Users\dogsp\AppData\Roaming\Code\User\globalStorage\vexrobotics.vexcode\sdk\cpp\V5\V5_20220726_10_00_00/vexv5\libv5rt.a(v5_apijump.c.obj)
                0x03804afc                vexDeviceGetByIndex
 .text.vexControllerGet
                0x03804b20       0x2c c:\Users\dogsp\AppData\Roaming\Code\User\globalStorage\vexrobotics.vexcode\sdk\cpp\V5\V5_20220726_10_00_00/vexv5\libv5rt.a(v5_apijump.c.obj)
                0x03804b20                vexControllerGet
 .text.vexControllerTextSet
                0x03804b4c       0x74 c:\Users\dogsp\AppData\Roaming\Code\User\globalStorage\vexrobotics.vexcode\sdk\cpp\V5\V5_20220726_10_00_00/vexv5\libv5rt.a(v5_apijump.c.obj)
                0x03804b4c                vexControllerTextSet
 .text.vexDeviceAdiPortConfigSet
                0x03804bc0       0x34 c:\Users\dogsp\AppData\Roaming\Code\User\globalStorage\vexrobotics.vexcode\sdk\cpp\V5\V5_20220726_10_00_00/vexv5\libv5rt.a(v5_apijump.c.obj)
                0x03804bc0                vexDeviceAdiPortConfigSet
 .text.vexDeviceAdiPortConfigGet
                0x03804bf4       0x2c c:\Users\dogsp\AppData\Roaming\Code\User\globalStorage\vexrobotics.vexcode\sdk\cpp\V5\V5_20220726_10_00_00/vexv5\libv5rt.a(v5_apijump.c.obj)
                0x03804bf4                vexDeviceAdiPortConfigGet
 .text.vexDeviceAdiValueSet
                0x03804c20       0x34 c:\Users\dogsp\AppData\Roaming\Code\User\globalStorage\vexrobotics.vexcode\sdk\cpp\V5\V5_20220726_10_00_00/vexv5\libv5rt.a(v5_apijump.c.obj)
                0x03804c20                vexDeviceAdiValueSet
 .text.vexDeviceAdiValueGet
                0x03804c54       0x2c c:\Users\dogsp\AppData\Roaming\Code\User\globalStorage\vexrobotics.vexcode\sdk\cpp\V5\V5_20220726_10_00_00/vexv5\libv5rt.a(v5_apijump.c.obj)
                0x03804c54                vexDeviceAdiValueGet
 .text.vexDeviceMotorVelocitySet
                0x03804c80       0x2c c:\Users\dogsp\AppData\Roaming\Code\User\globalStorage\vexrobotics.vexcode\sdk\cpp\V5\V5_20220726_10_00_00/vexv5\libv5rt.a(v5_apijump.c.obj)
                0x03804c80                vexDeviceMotorVelocitySet
 .text.vexDeviceMotorVoltageSet
                0x03804cac       0x2c c:\Users\dogsp\AppData\Roaming\Code\User\globalStorage\vexrobotics.vexcode\sdk\cpp\V5\V5_20220726_10_00_00/vexv5\libv5rt.a(v5_apijump.c.obj)
                0x03804cac                vexDeviceMotorVoltageSet
 .text.vexDeviceMotorVelocityGet
                0x03804cd8       0x24 c:\Users\dogsp\AppData\Roaming\Code\User\globalStorage\vexrobotics.vexcode\sdk\cpp\V5\V5_20220726_10_00_00/vexv5\libv5rt.a(v5_apijump.c.obj)
                0x03804cd8                vexDeviceMotorVelocityGet
 .text.vexDeviceMotorActualVelocityGet
                0x03804cfc       0x24 c:\Users\dogsp\AppData\Roaming\Code\User\globalStorage\vexrobotics.vexcode\sdk\cpp\V5\V5_20220726_10_00_00/vexv5\libv5rt.a(v5_apijump.c.obj)
                0x03804cfc                vexDeviceMotorActualVelocityGet
 .text.vexDeviceMotorModeGet
                0x03804d20       0x24 c:\Users\dogsp\AppData\Roaming\Code\User\globalStorage\vexrobotics.vexcode\sdk\cpp\V5\V5_20220726_10_00_00/vexv5\libv5rt.a(v5_apijump.c.obj)
                0x03804d20                vexDeviceMotorModeGet
 .text.vexDeviceMotorZeroPositionFlagGet
                0x03804d44       0x24 c:\Users\dogsp\AppData\Roaming\Code\User\globalStorage\vexrobotics.vexcode\sdk\cpp\V5\V5_20220726_10_00_00/vexv5\libv5rt.a(v5_apijump.c.obj)
                0x03804d44                vexDeviceMotorZeroPositionFlagGet
 .text.vexDeviceMotorReverseFlagSet
                0x03804d68       0x2c c:\Users\dogsp\AppData\Roaming\Code\User\globalStorage\vexrobotics.vexcode\sdk\cpp\V5\V5_20220726_10_00_00/vexv5\libv5rt.a(v5_apijump.c.obj)
                0x03804d68                vexDeviceMotorReverseFlagSet
 .text.vexDeviceMotorEncoderUnitsSet
                0x03804d94       0x2c c:\Users\dogsp\AppData\Roaming\Code\User\globalStorage\vexrobotics.vexcode\sdk\cpp\V5\V5_20220726_10_00_00/vexv5\libv5rt.a(v5_apijump.c.obj)
                0x03804d94                vexDeviceMotorEncoderUnitsSet
 .text.vexDeviceMotorBrakeModeSet
                0x03804dc0       0x2c c:\Users\dogsp\AppData\Roaming\Code\User\globalStorage\vexrobotics.vexcode\sdk\cpp\V5\V5_20220726_10_00_00/vexv5\libv5rt.a(v5_apijump.c.obj)
                0x03804dc0                vexDeviceMotorBrakeModeSet
 .text.vexDeviceMotorPositionSet
                0x03804dec       0x34 c:\Users\dogsp\AppData\Roaming\Code\User\globalStorage\vexrobotics.vexcode\sdk\cpp\V5\V5_20220726_10_00_00/vexv5\libv5rt.a(v5_apijump.c.obj)
                0x03804dec                vexDeviceMotorPositionSet
 .text.vexDeviceMotorPositionGet
                0x03804e20       0x24 c:\Users\dogsp\AppData\Roaming\Code\User\globalStorage\vexrobotics.vexcode\sdk\cpp\V5\V5_20220726_10_00_00/vexv5\libv5rt.a(v5_apijump.c.obj)
                0x03804e20                vexDeviceMotorPositionGet
 .text.vexDeviceMotorRelativeTargetSet
                0x03804e44       0x3c c:\Users\dogsp\AppData\Roaming\Code\User\globalStorage\vexrobotics.vexcode\sdk\cpp\V5\V5_20220726_10_00_00/vexv5\libv5rt.a(v5_apijump.c.obj)
                0x03804e44                vexDeviceMotorRelativeTargetSet
 .text.vexDeviceMotorGearingSet
                0x03804e80       0x2c c:\Users\dogsp\AppData\Roaming\Code\User\globalStorage\vexrobotics.vexcode\sdk\cpp\V5\V5_20220726_10_00_00/vexv5\libv5rt.a(v5_apijump.c.obj)
                0x03804e80                vexDeviceMotorGearingSet
 .text.vexDeviceMotorGearingGet
                0x03804eac       0x24 c:\Users\dogsp\AppData\Roaming\Code\User\globalStorage\vexrobotics.vexcode\sdk\cpp\V5\V5_20220726_10_00_00/vexv5\libv5rt.a(v5_apijump.c.obj)
                0x03804eac                vexDeviceMotorGearingGet
 .text.vexDeviceVisionModeSet
                0x03804ed0       0x2c c:\Users\dogsp\AppData\Roaming\Code\User\globalStorage\vexrobotics.vexcode\sdk\cpp\V5\V5_20220726_10_00_00/vexv5\libv5rt.a(v5_apijump.c.obj)
                0x03804ed0                vexDeviceVisionModeSet
 .text.vexDeviceVisionObjectCountGet
                0x03804efc       0x24 c:\Users\dogsp\AppData\Roaming\Code\User\globalStorage\vexrobotics.vexcode\sdk\cpp\V5\V5_20220726_10_00_00/vexv5\libv5rt.a(v5_apijump.c.obj)
                0x03804efc                vexDeviceVisionObjectCountGet
 .text.vexDeviceVisionObjectGet
                0x03804f20       0x34 c:\Users\dogsp\AppData\Roaming\Code\User\globalStorage\vexrobotics.vexcode\sdk\cpp\V5\V5_20220726_10_00_00/vexv5\libv5rt.a(v5_apijump.c.obj)
                0x03804f20                vexDeviceVisionObjectGet
 .text.vexDeviceVisionSignatureSet
                0x03804f54       0x2c c:\Users\dogsp\AppData\Roaming\Code\User\globalStorage\vexrobotics.vexcode\sdk\cpp\V5\V5_20220726_10_00_00/vexv5\libv5rt.a(v5_apijump.c.obj)
                0x03804f54                vexDeviceVisionSignatureSet
 .text.vexDeviceVisionBrightnessSet
                0x03804f80       0x2c c:\Users\dogsp\AppData\Roaming\Code\User\globalStorage\vexrobotics.vexcode\sdk\cpp\V5\V5_20220726_10_00_00/vexv5\libv5rt.a(v5_apijump.c.obj)
                0x03804f80                vexDeviceVisionBrightnessSet
 .text.vexDeviceVisionLedModeSet
                0x03804fac       0x2c c:\Users\dogsp\AppData\Roaming\Code\User\globalStorage\vexrobotics.vexcode\sdk\cpp\V5\V5_20220726_10_00_00/vexv5\libv5rt.a(v5_apijump.c.obj)
                0x03804fac                vexDeviceVisionLedModeSet
 .text.vexDeviceVisionLedColorSet
                0x03804fd8       0x30 c:\Users\dogsp\AppData\Roaming\Code\User\globalStorage\vexrobotics.vexcode\sdk\cpp\V5\V5_20220726_10_00_00/vexv5\libv5rt.a(v5_apijump.c.obj)
                0x03804fd8                vexDeviceVisionLedColorSet
 .text.vexDeviceImuReset
                0x03805008       0x24 c:\Users\dogsp\AppData\Roaming\Code\User\globalStorage\vexrobotics.vexcode\sdk\cpp\V5\V5_20220726_10_00_00/vexv5\libv5rt.a(v5_apijump.c.obj)
                0x03805008                vexDeviceImuReset
 .text.vexDeviceImuHeadingGet
                0x0380502c       0x24 c:\Users\dogsp\AppData\Roaming\Code\User\globalStorage\vexrobotics.vexcode\sdk\cpp\V5\V5_20220726_10_00_00/vexv5\libv5rt.a(v5_apijump.c.obj)
                0x0380502c                vexDeviceImuHeadingGet
 .text.vexDeviceImuDegreesGet
                0x03805050       0x24 c:\Users\dogsp\AppData\Roaming\Code\User\globalStorage\vexrobotics.vexcode\sdk\cpp\V5\V5_20220726_10_00_00/vexv5\libv5rt.a(v5_apijump.c.obj)
                0x03805050                vexDeviceImuDegreesGet
 .text.vexDeviceImuStatusGet
                0x03805074       0x24 c:\Users\dogsp\AppData\Roaming\Code\User\globalStorage\vexrobotics.vexcode\sdk\cpp\V5\V5_20220726_10_00_00/vexv5\libv5rt.a(v5_apijump.c.obj)
                0x03805074                vexDeviceImuStatusGet
 .text.vexDisplayForegroundColor
                0x03805098       0x24 c:\Users\dogsp\AppData\Roaming\Code\User\globalStorage\vexrobotics.vexcode\sdk\cpp\V5\V5_20220726_10_00_00/vexv5\libv5rt.a(v5_apijump.c.obj)
                0x03805098                vexDisplayForegroundColor
 .text.vexDisplayBackgroundColor
                0x038050bc       0x24 c:\Users\dogsp\AppData\Roaming\Code\User\globalStorage\vexrobotics.vexcode\sdk\cpp\V5\V5_20220726_10_00_00/vexv5\libv5rt.a(v5_apijump.c.obj)
                0x038050bc                vexDisplayBackgroundColor
 .text.vexDisplayBackgroundColorGet
                0x038050e0       0x1c c:\Users\dogsp\AppData\Roaming\Code\User\globalStorage\vexrobotics.vexcode\sdk\cpp\V5\V5_20220726_10_00_00/vexv5\libv5rt.a(v5_apijump.c.obj)
                0x038050e0                vexDisplayBackgroundColorGet
 .text.vexDisplayPixelSet
                0x038050fc       0x38 c:\Users\dogsp\AppData\Roaming\Code\User\globalStorage\vexrobotics.vexcode\sdk\cpp\V5\V5_20220726_10_00_00/vexv5\libv5rt.a(v5_apijump.c.obj)
                0x038050fc                vexDisplayPixelSet
 .text.vexDisplayLineDraw
                0x03805134       0x4c c:\Users\dogsp\AppData\Roaming\Code\User\globalStorage\vexrobotics.vexcode\sdk\cpp\V5\V5_20220726_10_00_00/vexv5\libv5rt.a(v5_apijump.c.obj)
                0x03805134                vexDisplayLineDraw
 .text.vexDisplayRectDraw
                0x03805180       0x4c c:\Users\dogsp\AppData\Roaming\Code\User\globalStorage\vexrobotics.vexcode\sdk\cpp\V5\V5_20220726_10_00_00/vexv5\libv5rt.a(v5_apijump.c.obj)
                0x03805180                vexDisplayRectDraw
 .text.vexDisplayRectClear
                0x038051cc       0x4c c:\Users\dogsp\AppData\Roaming\Code\User\globalStorage\vexrobotics.vexcode\sdk\cpp\V5\V5_20220726_10_00_00/vexv5\libv5rt.a(v5_apijump.c.obj)
                0x038051cc                vexDisplayRectClear
 .text.vexDisplayVPrintf
                0x03805218       0x50 c:\Users\dogsp\AppData\Roaming\Code\User\globalStorage\vexrobotics.vexcode\sdk\cpp\V5\V5_20220726_10_00_00/vexv5\libv5rt.a(v5_apijump.c.obj)
                0x03805218                vexDisplayVPrintf
 .text.vexDisplayTextReference
                0x03805268       0x24 c:\Users\dogsp\AppData\Roaming\Code\User\globalStorage\vexrobotics.vexcode\sdk\cpp\V5\V5_20220726_10_00_00/vexv5\libv5rt.a(v5_apijump.c.obj)
                0x03805268                vexDisplayTextReference
 .text.vexDisplayTextSize
                0x0380528c       0x2c c:\Users\dogsp\AppData\Roaming\Code\User\globalStorage\vexrobotics.vexcode\sdk\cpp\V5\V5_20220726_10_00_00/vexv5\libv5rt.a(v5_apijump.c.obj)
                0x0380528c                vexDisplayTextSize
 .text.vexDisplayFontNamedSet
                0x038052b8       0x24 c:\Users\dogsp\AppData\Roaming\Code\User\globalStorage\vexrobotics.vexcode\sdk\cpp\V5\V5_20220726_10_00_00/vexv5\libv5rt.a(v5_apijump.c.obj)
                0x038052b8                vexDisplayFontNamedSet
 .text.vexDisplayPenSizeGet
                0x038052dc       0x1c c:\Users\dogsp\AppData\Roaming\Code\User\globalStorage\vexrobotics.vexcode\sdk\cpp\V5\V5_20220726_10_00_00/vexv5\libv5rt.a(v5_apijump.c.obj)
                0x038052dc                vexDisplayPenSizeGet
 .text.vexSystemStdlibImpureDataAddr
                0x038052f8       0x28 c:\Users\dogsp\AppData\Roaming\Code\User\globalStorage\vexrobotics.vexcode\sdk\cpp\V5\V5_20220726_10_00_00/vexv5\libv5rt.a(v5_apijump.c.obj)
                0x038052f8                vexSystemStdlibImpureDataAddr
 .text.vexSystemStdlibImpureDataSize
                0x03805320       0x28 c:\Users\dogsp\AppData\Roaming\Code\User\globalStorage\vexrobotics.vexcode\sdk\cpp\V5\V5_20220726_10_00_00/vexv5\libv5rt.a(v5_apijump.c.obj)
                0x03805320                vexSystemStdlibImpureDataSize
 .text.vexSystemSaveUserData
                0x03805348       0x3c c:\Users\dogsp\AppData\Roaming\Code\User\globalStorage\vexrobotics.vexcode\sdk\cpp\V5\V5_20220726_10_00_00/vexv5\libv5rt.a(v5_apijump.c.obj)
                0x03805348                vexSystemSaveUserData
 .text.vexTouchDataGet
                0x03805384       0x10 c:\Users\dogsp\AppData\Roaming\Code\User\globalStorage\vexrobotics.vexcode\sdk\cpp\V5\V5_20220726_10_00_00/vexv5\libv5rt.a(v5_apijump.c.obj)
                0x03805384                vexTouchDataGet
 .text.vexDisplayThemeIdGet
                0x03805394       0x38 c:\Users\dogsp\AppData\Roaming\Code\User\globalStorage\vexrobotics.vexcode\sdk\cpp\V5\V5_20220726_10_00_00/vexv5\libv5rt.a(v5_apijump.c.obj)
                0x03805394                vexDisplayThemeIdGet
 .text.vexDeviceEventMaskSet
                0x038053cc       0x48 c:\Users\dogsp\AppData\Roaming\Code\User\globalStorage\vexrobotics.vexcode\sdk\cpp\V5\V5_20220726_10_00_00/vexv5\libv5rt.a(v5_apijump.c.obj)
                0x038053cc                vexDeviceEventMaskSet
 .text.vexDeviceEventMaskGet
                0x03805414       0x3c c:\Users\dogsp\AppData\Roaming\Code\User\globalStorage\vexrobotics.vexcode\sdk\cpp\V5\V5_20220726_10_00_00/vexv5\libv5rt.a(v5_apijump.c.obj)
                0x03805414                vexDeviceEventMaskGet
 .text.vexSystemVersion
                0x03805450       0x10 c:\Users\dogsp\AppData\Roaming\Code\User\globalStorage\vexrobotics.vexcode\sdk\cpp\V5\V5_20220726_10_00_00/vexv5\libv5rt.a(v5_apiversions.c.obj)
                0x03805450                vexSystemVersion
 .text.vexStdlibVersion
                0x03805460       0x10 c:\Users\dogsp\AppData\Roaming\Code\User\globalStorage\vexrobotics.vexcode\sdk\cpp\V5\V5_20220726_10_00_00/vexv5\libv5rt.a(v5_apiversions.c.obj)
                0x03805460                vexStdlibVersion
 .text._ZN3vex4waitEdNS_9timeUnitsE
                0x03805470       0x30 c:\Users\dogsp\AppData\Roaming\Code\User\globalStorage\vexrobotics.vexcode\sdk\cpp\V5\V5_20220726_10_00_00/vexv5\libv5rt.a(vex_global.cpp.obj)
                0x03805470                vex::wait(double, vex::timeUnits)
 .text._ZN3vex5motorD2Ev
                0x038054a0       0x20 c:\Users\dogsp\AppData\Roaming\Code\User\globalStorage\vexrobotics.vexcode\sdk\cpp\V5\V5_20220726_10_00_00/vexv5\libv5rt.a(vex_motor.cpp.obj)
                0x038054a0                vex::motor::~motor()
                0x038054a0                vex::motor::~motor()
 .text._ZN3vex5motorD0Ev
                0x038054c0       0x1c c:\Users\dogsp\AppData\Roaming\Code\User\globalStorage\vexrobotics.vexcode\sdk\cpp\V5\V5_20220726_10_00_00/vexv5\libv5rt.a(vex_motor.cpp.obj)
                0x038054c0                vex::motor::~motor()
 .text._ZN3vex5motor9installedEv
                0x038054dc       0x18 c:\Users\dogsp\AppData\Roaming\Code\User\globalStorage\vexrobotics.vexcode\sdk\cpp\V5\V5_20220726_10_00_00/vexv5\libv5rt.a(vex_motor.cpp.obj)
                0x038054dc                vex::motor::installed()
 .text._ZN3vex5motor15defaultStoppingENS_9brakeTypeE
                0x038054f4       0x30 c:\Users\dogsp\AppData\Roaming\Code\User\globalStorage\vexrobotics.vexcode\sdk\cpp\V5\V5_20220726_10_00_00/vexv5\libv5rt.a(vex_motor.cpp.obj)
                0x038054f4                vex::motor::defaultStopping(vex::brakeType)
 .text._ZN3vex5motorC2El
                0x03805524       0x78 c:\Users\dogsp\AppData\Roaming\Code\User\globalStorage\vexrobotics.vexcode\sdk\cpp\V5\V5_20220726_10_00_00/vexv5\libv5rt.a(vex_motor.cpp.obj)
                0x03805524                vex::motor::motor(long)
                0x03805524                vex::motor::motor(long)
 .text._ZN3vex5motorC2ElNS_11gearSettingEb
                0x0380559c       0x34 c:\Users\dogsp\AppData\Roaming\Code\User\globalStorage\vexrobotics.vexcode\sdk\cpp\V5\V5_20220726_10_00_00/vexv5\libv5rt.a(vex_motor.cpp.obj)
                0x0380559c                vex::motor::motor(long, vex::gearSetting, bool)
                0x0380559c                vex::motor::motor(long, vex::gearSetting, bool)
 .text._ZN3vex5motor4spinENS_13directionTypeEdNS_12voltageUnitsE
                0x038055d0       0x50 c:\Users\dogsp\AppData\Roaming\Code\User\globalStorage\vexrobotics.vexcode\sdk\cpp\V5\V5_20220726_10_00_00/vexv5\libv5rt.a(vex_motor.cpp.obj)
                0x038055d0                vex::motor::spin(vex::directionType, double, vex::voltageUnits)
 .text._ZN3vex5motor14isSpinningModeEv
                0x03805620       0x48 c:\Users\dogsp\AppData\Roaming\Code\User\globalStorage\vexrobotics.vexcode\sdk\cpp\V5\V5_20220726_10_00_00/vexv5\libv5rt.a(vex_motor.cpp.obj)
                0x03805620                vex::motor::isSpinningMode()
 .text._ZN3vex5motor4stopENS_9brakeTypeE
                0x03805668       0x30 c:\Users\dogsp\AppData\Roaming\Code\User\globalStorage\vexrobotics.vexcode\sdk\cpp\V5\V5_20220726_10_00_00/vexv5\libv5rt.a(vex_motor.cpp.obj)
                0x03805668                vex::motor::stop(vex::brakeType)
 .text._ZN3vex5motor4stopEv
                0x03805698        0x8 c:\Users\dogsp\AppData\Roaming\Code\User\globalStorage\vexrobotics.vexcode\sdk\cpp\V5\V5_20220726_10_00_00/vexv5\libv5rt.a(vex_motor.cpp.obj)
                0x03805698                vex::motor::stop()
 .text._ZN3vex5motor16velocityToScaledEdNS_13velocityUnitsE
                0x038056a0       0x5c c:\Users\dogsp\AppData\Roaming\Code\User\globalStorage\vexrobotics.vexcode\sdk\cpp\V5\V5_20220726_10_00_00/vexv5\libv5rt.a(vex_motor.cpp.obj)
                0x038056a0                vex::motor::velocityToScaled(double, vex::velocityUnits)
 .text._ZN3vex5motor8velocityENS_13velocityUnitsE
                0x038056fc       0x30 c:\Users\dogsp\AppData\Roaming\Code\User\globalStorage\vexrobotics.vexcode\sdk\cpp\V5\V5_20220726_10_00_00/vexv5\libv5rt.a(vex_motor.cpp.obj)
                0x038056fc                vex::motor::velocity(vex::velocityUnits)
 .text._ZN3vex5motor5valueEv
                0x0380572c       0x1c c:\Users\dogsp\AppData\Roaming\Code\User\globalStorage\vexrobotics.vexcode\sdk\cpp\V5\V5_20220726_10_00_00/vexv5\libv5rt.a(vex_motor.cpp.obj)
                0x0380572c                vex::motor::value()
 .text._ZN3vex5motor16scaledToVelocityEdNS_13velocityUnitsE
                0x03805748       0xa4 c:\Users\dogsp\AppData\Roaming\Code\User\globalStorage\vexrobotics.vexcode\sdk\cpp\V5\V5_20220726_10_00_00/vexv5\libv5rt.a(vex_motor.cpp.obj)
                0x03805748                vex::motor::scaledToVelocity(double, vex::velocityUnits)
 .text._ZN3vex5motor4spinENS_13directionTypeEdNS_13velocityUnitsE
                0x038057ec       0x5c c:\Users\dogsp\AppData\Roaming\Code\User\globalStorage\vexrobotics.vexcode\sdk\cpp\V5\V5_20220726_10_00_00/vexv5\libv5rt.a(vex_motor.cpp.obj)
                0x038057ec                vex::motor::spin(vex::directionType, double, vex::velocityUnits)
 .text._ZN3vex5motor11setVelocityEdNS_13velocityUnitsE
                0x03805848       0x54 c:\Users\dogsp\AppData\Roaming\Code\User\globalStorage\vexrobotics.vexcode\sdk\cpp\V5\V5_20220726_10_00_00/vexv5\libv5rt.a(vex_motor.cpp.obj)
                0x03805848                vex::motor::setVelocity(double, vex::velocityUnits)
 .text._ZN3vex5motor16setRotationUnitsENS_13rotationUnitsE
                0x0380589c       0x1c c:\Users\dogsp\AppData\Roaming\Code\User\globalStorage\vexrobotics.vexcode\sdk\cpp\V5\V5_20220726_10_00_00/vexv5\libv5rt.a(vex_motor.cpp.obj)
                0x0380589c                vex::motor::setRotationUnits(vex::rotationUnits)
 .text._ZN3vex5motor7spinForEdNS_13rotationUnitsEdNS_13velocityUnitsEb
                0x038058b8       0xf4 c:\Users\dogsp\AppData\Roaming\Code\User\globalStorage\vexrobotics.vexcode\sdk\cpp\V5\V5_20220726_10_00_00/vexv5\libv5rt.a(vex_motor.cpp.obj)
                0x038058b8                vex::motor::spinFor(double, vex::rotationUnits, double, vex::velocityUnits, bool)
 .text._ZN3vex5motor7spinForENS_13directionTypeEdNS_13rotationUnitsEb
                0x038059ac       0x3c c:\Users\dogsp\AppData\Roaming\Code\User\globalStorage\vexrobotics.vexcode\sdk\cpp\V5\V5_20220726_10_00_00/vexv5\libv5rt.a(vex_motor.cpp.obj)
                0x038059ac                vex::motor::spinFor(vex::directionType, double, vex::rotationUnits, bool)
 .text._ZN3vex5motor8positionENS_13rotationUnitsE
                0x038059e8       0x44 c:\Users\dogsp\AppData\Roaming\Code\User\globalStorage\vexrobotics.vexcode\sdk\cpp\V5\V5_20220726_10_00_00/vexv5\libv5rt.a(vex_motor.cpp.obj)
                0x038059e8                vex::motor::position(vex::rotationUnits)
 .text._ZN3vex6vision9installedEv
                0x03805a2c       0x18 c:\Users\dogsp\AppData\Roaming\Code\User\globalStorage\vexrobotics.vexcode\sdk\cpp\V5\V5_20220726_10_00_00/vexv5\libv5rt.a(vex_vision.cpp.obj)
                0x03805a2c                vex::vision::installed()
 .text._ZN3vex6visionD2Ev
                0x03805a44       0x38 c:\Users\dogsp\AppData\Roaming\Code\User\globalStorage\vexrobotics.vexcode\sdk\cpp\V5\V5_20220726_10_00_00/vexv5\libv5rt.a(vex_vision.cpp.obj)
                0x03805a44                vex::vision::~vision()
                0x03805a44                vex::vision::~vision()
 .text._ZN3vex6visionD0Ev
                0x03805a7c       0x1c c:\Users\dogsp\AppData\Roaming\Code\User\globalStorage\vexrobotics.vexcode\sdk\cpp\V5\V5_20220726_10_00_00/vexv5\libv5rt.a(vex_vision.cpp.obj)
                0x03805a7c                vex::vision::~vision()
 .text._ZN3vex6vision12setSignatureERNS0_9signatureE
                0x03805a98       0x70 c:\Users\dogsp\AppData\Roaming\Code\User\globalStorage\vexrobotics.vexcode\sdk\cpp\V5\V5_20220726_10_00_00/vexv5\libv5rt.a(vex_vision.cpp.obj)
                0x03805a98                vex::vision::setSignature(vex::vision::signature&)
 .text._ZN3vex6vision7setModeENS0_13detectionModeE
                0x03805b08       0x18 c:\Users\dogsp\AppData\Roaming\Code\User\globalStorage\vexrobotics.vexcode\sdk\cpp\V5\V5_20220726_10_00_00/vexv5\libv5rt.a(vex_vision.cpp.obj)
                0x03805b08                vex::vision::setMode(vex::vision::detectionMode)
 .text._ZN3vex6vision13setBrightnessEh
                0x03805b20       0x30 c:\Users\dogsp\AppData\Roaming\Code\User\globalStorage\vexrobotics.vexcode\sdk\cpp\V5\V5_20220726_10_00_00/vexv5\libv5rt.a(vex_vision.cpp.obj)
                0x03805b20                vex::vision::setBrightness(unsigned char)
 .text._ZN3vex6vision10setLedModeENS0_7ledModeE
                0x03805b50       0x18 c:\Users\dogsp\AppData\Roaming\Code\User\globalStorage\vexrobotics.vexcode\sdk\cpp\V5\V5_20220726_10_00_00/vexv5\libv5rt.a(vex_vision.cpp.obj)
                0x03805b50                vex::vision::setLedMode(vex::vision::ledMode)
 .text._ZN3vex6vision11setLedColorEhhh
                0x03805b68       0x30 c:\Users\dogsp\AppData\Roaming\Code\User\globalStorage\vexrobotics.vexcode\sdk\cpp\V5\V5_20220726_10_00_00/vexv5\libv5rt.a(vex_vision.cpp.obj)
                0x03805b68                vex::vision::setLedColor(unsigned char, unsigned char, unsigned char)
 .text._ZN3vex6vision9signatureD2Ev
                0x03805b98        0x4 c:\Users\dogsp\AppData\Roaming\Code\User\globalStorage\vexrobotics.vexcode\sdk\cpp\V5\V5_20220726_10_00_00/vexv5\libv5rt.a(vex_vision.cpp.obj)
                0x03805b98                vex::vision::signature::~signature()
                0x03805b98                vex::vision::signature::~signature()
 .text._ZN3vex6vision9signature5clearEv
                0x03805b9c       0x38 c:\Users\dogsp\AppData\Roaming\Code\User\globalStorage\vexrobotics.vexcode\sdk\cpp\V5\V5_20220726_10_00_00/vexv5\libv5rt.a(vex_vision.cpp.obj)
                0x03805b9c                vex::vision::signature::clear()
 .text._ZN3vex6vision9signatureC2Ev
                0x03805bd4       0x60 c:\Users\dogsp\AppData\Roaming\Code\User\globalStorage\vexrobotics.vexcode\sdk\cpp\V5\V5_20220726_10_00_00/vexv5\libv5rt.a(vex_vision.cpp.obj)
                0x03805bd4                vex::vision::signature::signature()
                0x03805bd4                vex::vision::signature::signature()
 .text._ZN3vex6vision9signatureC2Elllllllfl
                0x03805c34       0x5c c:\Users\dogsp\AppData\Roaming\Code\User\globalStorage\vexrobotics.vexcode\sdk\cpp\V5\V5_20220726_10_00_00/vexv5\libv5rt.a(vex_vision.cpp.obj)
                0x03805c34                vex::vision::signature::signature(long, long, long, long, long, long, long, float, long)
                0x03805c34                vex::vision::signature::signature(long, long, long, long, long, long, long, float, long)
 .text._ZN3vex6vision6object3setE22_V5_DeviceVisionObject
                0x03805c90       0x78 c:\Users\dogsp\AppData\Roaming\Code\User\globalStorage\vexrobotics.vexcode\sdk\cpp\V5\V5_20220726_10_00_00/vexv5\libv5rt.a(vex_vision.cpp.obj)
                0x03805c90                vex::vision::object::set(_V5_DeviceVisionObject)
 .text._ZN3vex6vision6object5clearEv
                0x03805d08       0x38 c:\Users\dogsp\AppData\Roaming\Code\User\globalStorage\vexrobotics.vexcode\sdk\cpp\V5\V5_20220726_10_00_00/vexv5\libv5rt.a(vex_vision.cpp.obj)
                0x03805d08                vex::vision::object::clear()
 .text._ZN3vex6vision6objectC2Ev
                0x03805d40       0x58 c:\Users\dogsp\AppData\Roaming\Code\User\globalStorage\vexrobotics.vexcode\sdk\cpp\V5\V5_20220726_10_00_00/vexv5\libv5rt.a(vex_vision.cpp.obj)
                0x03805d40                vex::vision::object::object()
                0x03805d40                vex::vision::object::object()
 .text._ZN3vex6vision13_clearObjectsEv
                0x03805d98       0x40 c:\Users\dogsp\AppData\Roaming\Code\User\globalStorage\vexrobotics.vexcode\sdk\cpp\V5\V5_20220726_10_00_00/vexv5\libv5rt.a(vex_vision.cpp.obj)
                0x03805d98                vex::vision::_clearObjects()
 .text._ZN3vex6vision6objectaSERKS1_
                0x03805dd8       0x74 c:\Users\dogsp\AppData\Roaming\Code\User\globalStorage\vexrobotics.vexcode\sdk\cpp\V5\V5_20220726_10_00_00/vexv5\libv5rt.a(vex_vision.cpp.obj)
                0x03805dd8                vex::vision::object::operator=(vex::vision::object const&)
 .text._ZN3vex6vision12takeSnapshotEmm
                0x03805e4c       0xf4 c:\Users\dogsp\AppData\Roaming\Code\User\globalStorage\vexrobotics.vexcode\sdk\cpp\V5\V5_20220726_10_00_00/vexv5\libv5rt.a(vex_vision.cpp.obj)
                0x03805e4c                vex::vision::takeSnapshot(unsigned long, unsigned long)
 .text._ZN3vex6vision12takeSnapshotEm
                0x03805f40        0x8 c:\Users\dogsp\AppData\Roaming\Code\User\globalStorage\vexrobotics.vexcode\sdk\cpp\V5\V5_20220726_10_00_00/vexv5\libv5rt.a(vex_vision.cpp.obj)
                0x03805f40                vex::vision::takeSnapshot(unsigned long)
 .text._ZN3vex6vision5valueEv
                0x03805f48        0x8 c:\Users\dogsp\AppData\Roaming\Code\User\globalStorage\vexrobotics.vexcode\sdk\cpp\V5\V5_20220726_10_00_00/vexv5\libv5rt.a(vex_vision.cpp.obj)
                0x03805f48                vex::vision::value()
 .text._ZN3vex6vision12takeSnapshotERNS0_9signatureE
                0x03805f50       0x10 c:\Users\dogsp\AppData\Roaming\Code\User\globalStorage\vexrobotics.vexcode\sdk\cpp\V5\V5_20220726_10_00_00/vexv5\libv5rt.a(vex_vision.cpp.obj)
                0x03805f50                vex::vision::takeSnapshot(vex::vision::signature&)
 .text._ZN3vex6vision6objectaSEl
                0x03805f60       0x38 c:\Users\dogsp\AppData\Roaming\Code\User\globalStorage\vexrobotics.vexcode\sdk\cpp\V5\V5_20220726_10_00_00/vexv5\libv5rt.a(vex_vision.cpp.obj)
                0x03805f60                vex::vision::object::operator=(long)
 .text._ZN3vex6visionC2El
                0x03805f98       0xa4 c:\Users\dogsp\AppData\Roaming\Code\User\globalStorage\vexrobotics.vexcode\sdk\cpp\V5\V5_20220726_10_00_00/vexv5\libv5rt.a(vex_vision.cpp.obj)
                0x03805f98                vex::vision::vision(long)
                0x03805f98                vex::vision::vision(long)
 .text._ZN3vex8inertial11getTurnTypeEv
                0x0380603c        0x8 c:\Users\dogsp\AppData\Roaming\Code\User\globalStorage\vexrobotics.vexcode\sdk\cpp\V5\V5_20220726_10_00_00/vexv5\libv5rt.a(vex_imu.cpp.obj)
                0x0380603c                vex::inertial::getTurnType()
 .text._ZThn16_N3vex8inertial11getTurnTypeEv
                0x03806044        0x8 c:\Users\dogsp\AppData\Roaming\Code\User\globalStorage\vexrobotics.vexcode\sdk\cpp\V5\V5_20220726_10_00_00/vexv5\libv5rt.a(vex_imu.cpp.obj)
                0x03806044                non-virtual thunk to vex::inertial::getTurnType()
 *fill*         0x0380604c        0x4 
 .text._ZN3vex8inertial10setHeadingEdNS_13rotationUnitsE
                0x03806050       0x58 c:\Users\dogsp\AppData\Roaming\Code\User\globalStorage\vexrobotics.vexcode\sdk\cpp\V5\V5_20220726_10_00_00/vexv5\libv5rt.a(vex_imu.cpp.obj)
                0x03806050                vex::inertial::setHeading(double, vex::rotationUnits)
 .text._ZThn16_N3vex8inertial10setHeadingEdNS_13rotationUnitsE
                0x038060a8        0x8 c:\Users\dogsp\AppData\Roaming\Code\User\globalStorage\vexrobotics.vexcode\sdk\cpp\V5\V5_20220726_10_00_00/vexv5\libv5rt.a(vex_imu.cpp.obj)
                0x038060a8                non-virtual thunk to vex::inertial::setHeading(double, vex::rotationUnits)
 .text._ZN3vex8inertial11setRotationEdNS_13rotationUnitsE
                0x038060b0       0x58 c:\Users\dogsp\AppData\Roaming\Code\User\globalStorage\vexrobotics.vexcode\sdk\cpp\V5\V5_20220726_10_00_00/vexv5\libv5rt.a(vex_imu.cpp.obj)
                0x038060b0                vex::inertial::setRotation(double, vex::rotationUnits)
 .text._ZThn16_N3vex8inertial11setRotationEdNS_13rotationUnitsE
                0x03806108        0x8 c:\Users\dogsp\AppData\Roaming\Code\User\globalStorage\vexrobotics.vexcode\sdk\cpp\V5\V5_20220726_10_00_00/vexv5\libv5rt.a(vex_imu.cpp.obj)
                0x03806108                non-virtual thunk to vex::inertial::setRotation(double, vex::rotationUnits)
 .text._ZN3vex8inertialD2Ev
                0x03806110       0x20 c:\Users\dogsp\AppData\Roaming\Code\User\globalStorage\vexrobotics.vexcode\sdk\cpp\V5\V5_20220726_10_00_00/vexv5\libv5rt.a(vex_imu.cpp.obj)
                0x03806110                vex::inertial::~inertial()
                0x03806110                vex::inertial::~inertial()
 .text._ZThn16_N3vex8inertialD1Ev
                0x03806130        0x8 c:\Users\dogsp\AppData\Roaming\Code\User\globalStorage\vexrobotics.vexcode\sdk\cpp\V5\V5_20220726_10_00_00/vexv5\libv5rt.a(vex_imu.cpp.obj)
                0x03806130                non-virtual thunk to vex::inertial::~inertial()
 .text._ZN3vex8inertialD0Ev
                0x03806138       0x1c c:\Users\dogsp\AppData\Roaming\Code\User\globalStorage\vexrobotics.vexcode\sdk\cpp\V5\V5_20220726_10_00_00/vexv5\libv5rt.a(vex_imu.cpp.obj)
                0x03806138                vex::inertial::~inertial()
 .text._ZThn16_N3vex8inertialD0Ev
                0x03806154        0x8 c:\Users\dogsp\AppData\Roaming\Code\User\globalStorage\vexrobotics.vexcode\sdk\cpp\V5\V5_20220726_10_00_00/vexv5\libv5rt.a(vex_imu.cpp.obj)
                0x03806154                non-virtual thunk to vex::inertial::~inertial()
 .text._ZN3vex8inertial9installedEv
                0x0380615c       0x18 c:\Users\dogsp\AppData\Roaming\Code\User\globalStorage\vexrobotics.vexcode\sdk\cpp\V5\V5_20220726_10_00_00/vexv5\libv5rt.a(vex_imu.cpp.obj)
                0x0380615c                vex::inertial::installed()
 .text._ZN3vex8inertial5angleENS_13rotationUnitsE
                0x03806174       0x6c c:\Users\dogsp\AppData\Roaming\Code\User\globalStorage\vexrobotics.vexcode\sdk\cpp\V5\V5_20220726_10_00_00/vexv5\libv5rt.a(vex_imu.cpp.obj)
                0x03806174                vex::inertial::angle(vex::rotationUnits)
 .text._ZThn16_N3vex8inertial5angleENS_13rotationUnitsE
                0x038061e0        0x8 c:\Users\dogsp\AppData\Roaming\Code\User\globalStorage\vexrobotics.vexcode\sdk\cpp\V5\V5_20220726_10_00_00/vexv5\libv5rt.a(vex_imu.cpp.obj)
                0x038061e0                non-virtual thunk to vex::inertial::angle(vex::rotationUnits)
 .text._ZN3vex8inertial7headingENS_13rotationUnitsE
                0x038061e8        0x4 c:\Users\dogsp\AppData\Roaming\Code\User\globalStorage\vexrobotics.vexcode\sdk\cpp\V5\V5_20220726_10_00_00/vexv5\libv5rt.a(vex_imu.cpp.obj)
                0x038061e8                vex::inertial::heading(vex::rotationUnits)
 .text._ZThn16_N3vex8inertial7headingENS_13rotationUnitsE
                0x038061ec        0x8 c:\Users\dogsp\AppData\Roaming\Code\User\globalStorage\vexrobotics.vexcode\sdk\cpp\V5\V5_20220726_10_00_00/vexv5\libv5rt.a(vex_imu.cpp.obj)
                0x038061ec                non-virtual thunk to vex::inertial::heading(vex::rotationUnits)
 .text._ZN3vex8inertial5valueEv
                0x038061f4       0x1c c:\Users\dogsp\AppData\Roaming\Code\User\globalStorage\vexrobotics.vexcode\sdk\cpp\V5\V5_20220726_10_00_00/vexv5\libv5rt.a(vex_imu.cpp.obj)
                0x038061f4                vex::inertial::value()
 .text._ZN3vex8inertial8rotationENS_13rotationUnitsE
                0x03806210       0x48 c:\Users\dogsp\AppData\Roaming\Code\User\globalStorage\vexrobotics.vexcode\sdk\cpp\V5\V5_20220726_10_00_00/vexv5\libv5rt.a(vex_imu.cpp.obj)
                0x03806210                vex::inertial::rotation(vex::rotationUnits)
 .text._ZThn16_N3vex8inertial8rotationENS_13rotationUnitsE
                0x03806258        0x8 c:\Users\dogsp\AppData\Roaming\Code\User\globalStorage\vexrobotics.vexcode\sdk\cpp\V5\V5_20220726_10_00_00/vexv5\libv5rt.a(vex_imu.cpp.obj)
                0x03806258                non-virtual thunk to vex::inertial::rotation(vex::rotationUnits)
 .text._ZN3vex8inertial13isCalibratingEv
                0x03806260       0x38 c:\Users\dogsp\AppData\Roaming\Code\User\globalStorage\vexrobotics.vexcode\sdk\cpp\V5\V5_20220726_10_00_00/vexv5\libv5rt.a(vex_imu.cpp.obj)
                0x03806260                vex::inertial::isCalibrating()
 .text._ZThn16_N3vex8inertial13isCalibratingEv
                0x03806298        0x8 c:\Users\dogsp\AppData\Roaming\Code\User\globalStorage\vexrobotics.vexcode\sdk\cpp\V5\V5_20220726_10_00_00/vexv5\libv5rt.a(vex_imu.cpp.obj)
                0x03806298                non-virtual thunk to vex::inertial::isCalibrating()
 .text._ZN3vex8inertialC2ElNS_8turnTypeE
                0x038062a0       0x4c c:\Users\dogsp\AppData\Roaming\Code\User\globalStorage\vexrobotics.vexcode\sdk\cpp\V5\V5_20220726_10_00_00/vexv5\libv5rt.a(vex_imu.cpp.obj)
                0x038062a0                vex::inertial::inertial(long, vex::turnType)
                0x038062a0                vex::inertial::inertial(long, vex::turnType)
 .text._ZN3vex8inertial16startCalibrationEl
                0x038062ec       0x20 c:\Users\dogsp\AppData\Roaming\Code\User\globalStorage\vexrobotics.vexcode\sdk\cpp\V5\V5_20220726_10_00_00/vexv5\libv5rt.a(vex_imu.cpp.obj)
                0x038062ec                vex::inertial::startCalibration(long)
 .text._ZN3vex8inertial9calibrateEl
                0x0380630c        0xc c:\Users\dogsp\AppData\Roaming\Code\User\globalStorage\vexrobotics.vexcode\sdk\cpp\V5\V5_20220726_10_00_00/vexv5\libv5rt.a(vex_imu.cpp.obj)
                0x0380630c                vex::inertial::calibrate(long)
                0x03806310                non-virtual thunk to vex::inertial::calibrate(long)
 .text._ZN3vex10controllerD2Ev
                0x03806318        0x4 c:\Users\dogsp\AppData\Roaming\Code\User\globalStorage\vexrobotics.vexcode\sdk\cpp\V5\V5_20220726_10_00_00/vexv5\libv5rt.a(vex_controller.cpp.obj)
                0x03806318                vex::controller::~controller()
                0x03806318                vex::controller::~controller()
 .text._ZN3vex10controller5valueE19_V5_ControllerIndex
                0x0380631c        0x8 c:\Users\dogsp\AppData\Roaming\Code\User\globalStorage\vexrobotics.vexcode\sdk\cpp\V5\V5_20220726_10_00_00/vexv5\libv5rt.a(vex_controller.cpp.obj)
                0x0380631c                vex::controller::value(_V5_ControllerIndex)
 .text._ZNK3vex10controller6button8pressingEv
                0x03806324       0xc8 c:\Users\dogsp\AppData\Roaming\Code\User\globalStorage\vexrobotics.vexcode\sdk\cpp\V5\V5_20220726_10_00_00/vexv5\libv5rt.a(vex_controller.cpp.obj)
                0x03806324                vex::controller::button::pressing() const
 .text._ZNK3vex10controller6button7pressedEPFvvE
                0x038063ec      0x108 c:\Users\dogsp\AppData\Roaming\Code\User\globalStorage\vexrobotics.vexcode\sdk\cpp\V5\V5_20220726_10_00_00/vexv5\libv5rt.a(vex_controller.cpp.obj)
                0x038063ec                vex::controller::button::pressed(void (*)()) const
 .text._ZNK3vex10controller6button21_buttonToPressedEventEv
                0x038064f4       0x20 c:\Users\dogsp\AppData\Roaming\Code\User\globalStorage\vexrobotics.vexcode\sdk\cpp\V5\V5_20220726_10_00_00/vexv5\libv5rt.a(vex_controller.cpp.obj)
                0x038064f4                vex::controller::button::_buttonToPressedEvent() const
 .text._ZNK3vex10controller6button22_buttonToReleasedEventEv
                0x03806514       0x20 c:\Users\dogsp\AppData\Roaming\Code\User\globalStorage\vexrobotics.vexcode\sdk\cpp\V5\V5_20220726_10_00_00/vexv5\libv5rt.a(vex_controller.cpp.obj)
                0x03806514                vex::controller::button::_buttonToReleasedEvent() const
 .text._ZN3vex10controller6buttonC2ENS0_11tButtonTypeEPS0_
                0x03806534       0x48 c:\Users\dogsp\AppData\Roaming\Code\User\globalStorage\vexrobotics.vexcode\sdk\cpp\V5\V5_20220726_10_00_00/vexv5\libv5rt.a(vex_controller.cpp.obj)
                0x03806534                vex::controller::button::button(vex::controller::tButtonType, vex::controller*)
                0x03806534                vex::controller::button::button(vex::controller::tButtonType, vex::controller*)
 .text._ZNK3vex10controller4axis5valueEv
                0x0380657c       0x58 c:\Users\dogsp\AppData\Roaming\Code\User\globalStorage\vexrobotics.vexcode\sdk\cpp\V5\V5_20220726_10_00_00/vexv5\libv5rt.a(vex_controller.cpp.obj)
                0x0380657c                vex::controller::axis::value() const
 .text._ZNK3vex10controller4axis23_joystickToChangedEventEv
                0x038065d4       0x20 c:\Users\dogsp\AppData\Roaming\Code\User\globalStorage\vexrobotics.vexcode\sdk\cpp\V5\V5_20220726_10_00_00/vexv5\libv5rt.a(vex_controller.cpp.obj)
                0x038065d4                vex::controller::axis::_joystickToChangedEvent() const
 .text._ZN3vex10controller4axisC2ENS0_9tAxisTypeEPS0_
                0x038065f4       0x2c c:\Users\dogsp\AppData\Roaming\Code\User\globalStorage\vexrobotics.vexcode\sdk\cpp\V5\V5_20220726_10_00_00/vexv5\libv5rt.a(vex_controller.cpp.obj)
                0x038065f4                vex::controller::axis::axis(vex::controller::tAxisType, vex::controller*)
                0x038065f4                vex::controller::axis::axis(vex::controller::tAxisType, vex::controller*)
 .text._ZN3vex10controllerC2ENS_14controllerTypeE
                0x03806620      0x16c c:\Users\dogsp\AppData\Roaming\Code\User\globalStorage\vexrobotics.vexcode\sdk\cpp\V5\V5_20220726_10_00_00/vexv5\libv5rt.a(vex_controller.cpp.obj)
                0x03806620                vex::controller::controller(vex::controllerType)
                0x03806620                vex::controller::controller(vex::controllerType)
 .text._ZN3vex10controller3lcd15getControllerIdEv
                0x0380678c       0x10 c:\Users\dogsp\AppData\Roaming\Code\User\globalStorage\vexrobotics.vexcode\sdk\cpp\V5\V5_20220726_10_00_00/vexv5\libv5rt.a(vex_controller.cpp.obj)
                0x0380678c                vex::controller::lcd::getControllerId()
 .text._ZN3vex10controller3lcd5printEPKcz
                0x0380679c       0x80 c:\Users\dogsp\AppData\Roaming\Code\User\globalStorage\vexrobotics.vexcode\sdk\cpp\V5\V5_20220726_10_00_00/vexv5\libv5rt.a(vex_controller.cpp.obj)
                0x0380679c                vex::controller::lcd::print(char const*, ...)
 .text._ZN3vex10controller3lcd9clearLineEi
                0x0380681c       0x80 c:\Users\dogsp\AppData\Roaming\Code\User\globalStorage\vexrobotics.vexcode\sdk\cpp\V5\V5_20220726_10_00_00/vexv5\libv5rt.a(vex_controller.cpp.obj)
                0x0380681c                vex::controller::lcd::clearLine(int)
 .text._ZN3vex10controller3lcd9clearLineEv
                0x0380689c        0x8 c:\Users\dogsp\AppData\Roaming\Code\User\globalStorage\vexrobotics.vexcode\sdk\cpp\V5\V5_20220726_10_00_00/vexv5\libv5rt.a(vex_controller.cpp.obj)
                0x0380689c                vex::controller::lcd::clearLine()
 .text._ZN3vex10controller3lcd7newLineEv
                0x038068a4       0x20 c:\Users\dogsp\AppData\Roaming\Code\User\globalStorage\vexrobotics.vexcode\sdk\cpp\V5\V5_20220726_10_00_00/vexv5\libv5rt.a(vex_controller.cpp.obj)
                0x038068a4                vex::controller::lcd::newLine()
 .text._ZN3vex4taskC2Ev
                0x038068c4       0x28 c:\Users\dogsp\AppData\Roaming\Code\User\globalStorage\vexrobotics.vexcode\sdk\cpp\V5\V5_20220726_10_00_00/vexv5\libv5rt.a(vex_task.cpp.obj)
                0x038068c4                vex::task::task()
                0x038068c4                vex::task::task()
 .text._ZN3vex4taskC2EPFivE
                0x038068ec       0x5c c:\Users\dogsp\AppData\Roaming\Code\User\globalStorage\vexrobotics.vexcode\sdk\cpp\V5\V5_20220726_10_00_00/vexv5\libv5rt.a(vex_task.cpp.obj)
                0x038068ec                vex::task::task(int (*)())
                0x038068ec                vex::task::task(int (*)())
 .text._ZN3vex4taskD2Ev
                0x03806948        0x4 c:\Users\dogsp\AppData\Roaming\Code\User\globalStorage\vexrobotics.vexcode\sdk\cpp\V5\V5_20220726_10_00_00/vexv5\libv5rt.a(vex_task.cpp.obj)
                0x03806948                vex::task::~task()
                0x03806948                vex::task::~task()
 .text._ZN3vex4task4stopEPvi
                0x0380694c       0x1c c:\Users\dogsp\AppData\Roaming\Code\User\globalStorage\vexrobotics.vexcode\sdk\cpp\V5\V5_20220726_10_00_00/vexv5\libv5rt.a(vex_task.cpp.obj)
                0x0380694c                vex::task::stop(void*, int)
 .text._ZN3vex4task5sleepEm
                0x03806968        0x4 c:\Users\dogsp\AppData\Roaming\Code\User\globalStorage\vexrobotics.vexcode\sdk\cpp\V5\V5_20220726_10_00_00/vexv5\libv5rt.a(vex_task.cpp.obj)
                0x03806968                vex::task::sleep(unsigned long)
 .text._ZN3vex4task6_indexEPFivE
                0x0380696c       0x14 c:\Users\dogsp\AppData\Roaming\Code\User\globalStorage\vexrobotics.vexcode\sdk\cpp\V5\V5_20220726_10_00_00/vexv5\libv5rt.a(vex_task.cpp.obj)
                0x0380696c                vex::task::_index(int (*)())
 .text._ZN3vex4task8_stopAllEv
                0x03806980       0x3c c:\Users\dogsp\AppData\Roaming\Code\User\globalStorage\vexrobotics.vexcode\sdk\cpp\V5\V5_20220726_10_00_00/vexv5\libv5rt.a(vex_task.cpp.obj)
                0x03806980                vex::task::_stopAll()
 .text._ZN3vex11this_thread9sleep_forEm
                0x038069bc        0x4 c:\Users\dogsp\AppData\Roaming\Code\User\globalStorage\vexrobotics.vexcode\sdk\cpp\V5\V5_20220726_10_00_00/vexv5\libv5rt.a(vex_thread.cpp.obj)
                0x038069bc                vex::this_thread::sleep_for(unsigned long)
 .text._ZN3vex5event4initEmmPFvvE
                0x038069c0        0x4 c:\Users\dogsp\AppData\Roaming\Code\User\globalStorage\vexrobotics.vexcode\sdk\cpp\V5\V5_20220726_10_00_00/vexv5\libv5rt.a(vex_event.cpp.obj)
                0x038069c0                vex::event::init(unsigned long, unsigned long, void (*)())
 .text._ZN3vex5event4initEmmPFvPvES1_
                0x038069c4        0x4 c:\Users\dogsp\AppData\Roaming\Code\User\globalStorage\vexrobotics.vexcode\sdk\cpp\V5\V5_20220726_10_00_00/vexv5\libv5rt.a(vex_event.cpp.obj)
                0x038069c4                vex::event::init(unsigned long, unsigned long, void (*)(void*), void*)
 .text._ZN3vex5event9userindexEv
                0x038069c8        0x4 c:\Users\dogsp\AppData\Roaming\Code\User\globalStorage\vexrobotics.vexcode\sdk\cpp\V5\V5_20220726_10_00_00/vexv5\libv5rt.a(vex_event.cpp.obj)
                0x038069c8                vex::event::userindex()
 .text._ZZN3vex6meventC4EmmENUlvE_4_FUNEv
                0x038069cc        0x4 c:\Users\dogsp\AppData\Roaming\Code\User\globalStorage\vexrobotics.vexcode\sdk\cpp\V5\V5_20220726_10_00_00/vexv5\libv5rt.a(vex_mevent.cpp.obj)
 .text._ZN3vex6meventC2Emm
                0x038069d0       0x70 c:\Users\dogsp\AppData\Roaming\Code\User\globalStorage\vexrobotics.vexcode\sdk\cpp\V5\V5_20220726_10_00_00/vexv5\libv5rt.a(vex_mevent.cpp.obj)
                0x038069d0                vex::mevent::mevent(unsigned long, unsigned long)
                0x038069d0                vex::mevent::mevent(unsigned long, unsigned long)
 .text._ZN3vex5brain9_getIndexEv
                0x03806a40       0x10 c:\Users\dogsp\AppData\Roaming\Code\User\globalStorage\vexrobotics.vexcode\sdk\cpp\V5\V5_20220726_10_00_00/vexv5\libv5rt.a(vex_brain.cpp.obj)
                0x03806a40                vex::brain::_getIndex()
 .text._ZN3vex5brain3lcd9setCursorEll
                0x03806a50       0x44 c:\Users\dogsp\AppData\Roaming\Code\User\globalStorage\vexrobotics.vexcode\sdk\cpp\V5\V5_20220726_10_00_00/vexv5\libv5rt.a(vex_brain.cpp.obj)
                0x03806a50                vex::brain::lcd::setCursor(long, long)
 .text._ZN3vex5brain3lcd7setFontENS_8fontTypeE
                0x03806a94      0x23c c:\Users\dogsp\AppData\Roaming\Code\User\globalStorage\vexrobotics.vexcode\sdk\cpp\V5\V5_20220726_10_00_00/vexv5\libv5rt.a(vex_brain.cpp.obj)
                0x03806a94                vex::brain::lcd::setFont(vex::fontType)
 .text._ZN3vex5brain3lcdC2Ev
                0x03806cd0       0x94 c:\Users\dogsp\AppData\Roaming\Code\User\globalStorage\vexrobotics.vexcode\sdk\cpp\V5\V5_20220726_10_00_00/vexv5\libv5rt.a(vex_brain.cpp.obj)
                0x03806cd0                vex::brain::lcd::lcd()
                0x03806cd0                vex::brain::lcd::lcd()
 .text._ZN3vex5brainC2Ev
                0x03806d64       0x3c c:\Users\dogsp\AppData\Roaming\Code\User\globalStorage\vexrobotics.vexcode\sdk\cpp\V5\V5_20220726_10_00_00/vexv5\libv5rt.a(vex_brain.cpp.obj)
                0x03806d64                vex::brain::brain()
                0x03806d64                vex::brain::brain()
 .text._ZN3vex5brain3lcd11setPenColorERKNS_5colorE
                0x03806da0       0x14 c:\Users\dogsp\AppData\Roaming\Code\User\globalStorage\vexrobotics.vexcode\sdk\cpp\V5\V5_20220726_10_00_00/vexv5\libv5rt.a(vex_brain.cpp.obj)
                0x03806da0                vex::brain::lcd::setPenColor(vex::color const&)
 .text._ZN3vex5brain3lcd7printAtEllPKcz
                0x03806db4       0x54 c:\Users\dogsp\AppData\Roaming\Code\User\globalStorage\vexrobotics.vexcode\sdk\cpp\V5\V5_20220726_10_00_00/vexv5\libv5rt.a(vex_brain.cpp.obj)
                0x03806db4                vex::brain::lcd::printAt(long, long, char const*, ...)
 .text._ZN3vex5brain3lcd12_clearScreenEm
                0x03806e08       0x38 c:\Users\dogsp\AppData\Roaming\Code\User\globalStorage\vexrobotics.vexcode\sdk\cpp\V5\V5_20220726_10_00_00/vexv5\libv5rt.a(vex_brain.cpp.obj)
                0x03806e08                vex::brain::lcd::_clearScreen(unsigned long)
 .text._ZN3vex5brain3lcd11clearScreenERKNS_5colorE
                0x03806e40       0x20 c:\Users\dogsp\AppData\Roaming\Code\User\globalStorage\vexrobotics.vexcode\sdk\cpp\V5\V5_20220726_10_00_00/vexv5\libv5rt.a(vex_brain.cpp.obj)
                0x03806e40                vex::brain::lcd::clearScreen(vex::color const&)
 .text._ZN3vex5brain3lcd11clearScreenEv
                0x03806e60       0x2c c:\Users\dogsp\AppData\Roaming\Code\User\globalStorage\vexrobotics.vexcode\sdk\cpp\V5\V5_20220726_10_00_00/vexv5\libv5rt.a(vex_brain.cpp.obj)
                0x03806e60                vex::brain::lcd::clearScreen()
 .text._ZN3vex5brain3lcd9drawPixelEii
                0x03806e8c       0x14 c:\Users\dogsp\AppData\Roaming\Code\User\globalStorage\vexrobotics.vexcode\sdk\cpp\V5\V5_20220726_10_00_00/vexv5\libv5rt.a(vex_brain.cpp.obj)
                0x03806e8c                vex::brain::lcd::drawPixel(int, int)
 .text._ZN3vex5brain3lcd8drawLineEiiii
                0x03806ea0      0x2c4 c:\Users\dogsp\AppData\Roaming\Code\User\globalStorage\vexrobotics.vexcode\sdk\cpp\V5\V5_20220726_10_00_00/vexv5\libv5rt.a(vex_brain.cpp.obj)
                0x03806ea0                vex::brain::lcd::drawLine(int, int, int, int)
 .text._ZN3vex5brain3lcd13drawRectangleEiiii
                0x03807164       0xdc c:\Users\dogsp\AppData\Roaming\Code\User\globalStorage\vexrobotics.vexcode\sdk\cpp\V5\V5_20220726_10_00_00/vexv5\libv5rt.a(vex_brain.cpp.obj)
                0x03807164                vex::brain::lcd::drawRectangle(int, int, int, int)
 .text._ZN3vex5brain3lcd8pressingEv
                0x03807240       0x20 c:\Users\dogsp\AppData\Roaming\Code\User\globalStorage\vexrobotics.vexcode\sdk\cpp\V5\V5_20220726_10_00_00/vexv5\libv5rt.a(vex_brain.cpp.obj)
                0x03807240                vex::brain::lcd::pressing()
 .text._ZN3vex5brainD2Ev
                0x03807260       0x20 c:\Users\dogsp\AppData\Roaming\Code\User\globalStorage\vexrobotics.vexcode\sdk\cpp\V5\V5_20220726_10_00_00/vexv5\libv5rt.a(vex_brain.cpp.obj)
                0x03807260                vex::brain::~brain()
                0x03807260                vex::brain::~brain()
 .text._ZN3vex11competition8_disableEPv
                0x03807280       0xa4 c:\Users\dogsp\AppData\Roaming\Code\User\globalStorage\vexrobotics.vexcode\sdk\cpp\V5\V5_20220726_10_00_00/vexv5\libv5rt.a(vex_competition.cpp.obj)
                0x03807280                vex::competition::_disable(void*)
 .text._ZN3vex11competition11_autonomousEv
                0x03807324       0x80 c:\Users\dogsp\AppData\Roaming\Code\User\globalStorage\vexrobotics.vexcode\sdk\cpp\V5\V5_20220726_10_00_00/vexv5\libv5rt.a(vex_competition.cpp.obj)
                0x03807324                vex::competition::_autonomous()
 .text._ZN3vex11competition14_drivercontrolEv
                0x038073a4       0x80 c:\Users\dogsp\AppData\Roaming\Code\User\globalStorage\vexrobotics.vexcode\sdk\cpp\V5\V5_20220726_10_00_00/vexv5\libv5rt.a(vex_competition.cpp.obj)
                0x038073a4                vex::competition::_drivercontrol()
 .text._ZN3vex11competitionC2Ev
                0x03807424      0x13c c:\Users\dogsp\AppData\Roaming\Code\User\globalStorage\vexrobotics.vexcode\sdk\cpp\V5\V5_20220726_10_00_00/vexv5\libv5rt.a(vex_competition.cpp.obj)
                0x03807424                vex::competition::competition()
                0x03807424                vex::competition::competition()
 .text._ZN3vex11competitionD2Ev
                0x03807560        0x4 c:\Users\dogsp\AppData\Roaming\Code\User\globalStorage\vexrobotics.vexcode\sdk\cpp\V5\V5_20220726_10_00_00/vexv5\libv5rt.a(vex_competition.cpp.obj)
                0x03807560                vex::competition::~competition()
                0x03807560                vex::competition::~competition()
 .text._ZN3vex11competition10autonomousEPFvvE
                0x03807564       0x44 c:\Users\dogsp\AppData\Roaming\Code\User\globalStorage\vexrobotics.vexcode\sdk\cpp\V5\V5_20220726_10_00_00/vexv5\libv5rt.a(vex_competition.cpp.obj)
                0x03807564                vex::competition::autonomous(void (*)())
 .text._ZN3vex11competition13drivercontrolEPFvvE
                0x038075a8       0x44 c:\Users\dogsp\AppData\Roaming\Code\User\globalStorage\vexrobotics.vexcode\sdk\cpp\V5\V5_20220726_10_00_00/vexv5\libv5rt.a(vex_competition.cpp.obj)
                0x038075a8                vex::competition::drivercontrol(void (*)())
 .text._ZN3vex7triportD2Ev
                0x038075ec       0x38 c:\Users\dogsp\AppData\Roaming\Code\User\globalStorage\vexrobotics.vexcode\sdk\cpp\V5\V5_20220726_10_00_00/vexv5\libv5rt.a(vex_triport.cpp.obj)
                0x038075ec                vex::triport::~triport()
                0x038075ec                vex::triport::~triport()
 .text._ZN3vex7triportD0Ev
                0x03807624       0x1c c:\Users\dogsp\AppData\Roaming\Code\User\globalStorage\vexrobotics.vexcode\sdk\cpp\V5\V5_20220726_10_00_00/vexv5\libv5rt.a(vex_triport.cpp.obj)
                0x03807624                vex::triport::~triport()
 .text._ZN3vex7triport9installedEv
                0x03807640       0x18 c:\Users\dogsp\AppData\Roaming\Code\User\globalStorage\vexrobotics.vexcode\sdk\cpp\V5\V5_20220726_10_00_00/vexv5\libv5rt.a(vex_triport.cpp.obj)
                0x03807640                vex::triport::installed()
 .text._ZN3vex7triport4portC2ElPS0_
                0x03807658       0x74 c:\Users\dogsp\AppData\Roaming\Code\User\globalStorage\vexrobotics.vexcode\sdk\cpp\V5\V5_20220726_10_00_00/vexv5\libv5rt.a(vex_triport.cpp.obj)
                0x03807658                vex::triport::port::port(long, vex::triport*)
                0x03807658                vex::triport::port::port(long, vex::triport*)
 .text._ZN3vex7triportC2El
                0x038076cc       0xf0 c:\Users\dogsp\AppData\Roaming\Code\User\globalStorage\vexrobotics.vexcode\sdk\cpp\V5\V5_20220726_10_00_00/vexv5\libv5rt.a(vex_triport.cpp.obj)
                0x038076cc                vex::triport::triport(long)
                0x038076cc                vex::triport::triport(long)
 .text._ZN3vex7triport4port4typeENS_11triportTypeE
                0x038077bc       0x30 c:\Users\dogsp\AppData\Roaming\Code\User\globalStorage\vexrobotics.vexcode\sdk\cpp\V5\V5_20220726_10_00_00/vexv5\libv5rt.a(vex_triport.cpp.obj)
                0x038077bc                vex::triport::port::type(vex::triportType)
 .text._ZN3vex7triport4port4typeEv
                0x038077ec       0x38 c:\Users\dogsp\AppData\Roaming\Code\User\globalStorage\vexrobotics.vexcode\sdk\cpp\V5\V5_20220726_10_00_00/vexv5\libv5rt.a(vex_triport.cpp.obj)
                0x038077ec                vex::triport::port::type()
 .text._ZN3vex7triport4port5valueEv
                0x03807824       0x14 c:\Users\dogsp\AppData\Roaming\Code\User\globalStorage\vexrobotics.vexcode\sdk\cpp\V5\V5_20220726_10_00_00/vexv5\libv5rt.a(vex_triport.cpp.obj)
                0x03807824                vex::triport::port::value()
 .text._ZN3vex7triport4port5valueEl
                0x03807838       0x18 c:\Users\dogsp\AppData\Roaming\Code\User\globalStorage\vexrobotics.vexcode\sdk\cpp\V5\V5_20220726_10_00_00/vexv5\libv5rt.a(vex_triport.cpp.obj)
                0x03807838                vex::triport::port::value(long)
 .text._ZN3vex11__trideviceC2ERNS_7triport4portENS_11triportTypeE
                0x03807850       0x5c c:\Users\dogsp\AppData\Roaming\Code\User\globalStorage\vexrobotics.vexcode\sdk\cpp\V5\V5_20220726_10_00_00/vexv5\libv5rt.a(vex_triport.cpp.obj)
                0x03807850                vex::__tridevice::__tridevice(vex::triport::port&, vex::triportType)
                0x03807850                vex::__tridevice::__tridevice(vex::triport::port&, vex::triportType)
 .text._ZN3vex11digital_outC2ERNS_7triport4portE
                0x038078ac       0x18 c:\Users\dogsp\AppData\Roaming\Code\User\globalStorage\vexrobotics.vexcode\sdk\cpp\V5\V5_20220726_10_00_00/vexv5\libv5rt.a(vex_triport.cpp.obj)
                0x038078ac                vex::digital_out::digital_out(vex::triport::port&)
                0x038078ac                vex::digital_out::digital_out(vex::triport::port&)
 .text._ZN3vex11digital_outD2Ev
                0x038078c4        0x4 c:\Users\dogsp\AppData\Roaming\Code\User\globalStorage\vexrobotics.vexcode\sdk\cpp\V5\V5_20220726_10_00_00/vexv5\libv5rt.a(vex_triport.cpp.obj)
                0x038078c4                vex::digital_out::~digital_out()
                0x038078c4                vex::digital_out::~digital_out()
 .text._ZN3vex11digital_out5valueEv
                0x038078c8        0x8 c:\Users\dogsp\AppData\Roaming\Code\User\globalStorage\vexrobotics.vexcode\sdk\cpp\V5\V5_20220726_10_00_00/vexv5\libv5rt.a(vex_triport.cpp.obj)
                0x038078c8                vex::digital_out::value()
 .text._ZN3vex11digital_out3setEb
                0x038078d0        0x8 c:\Users\dogsp\AppData\Roaming\Code\User\globalStorage\vexrobotics.vexcode\sdk\cpp\V5\V5_20220726_10_00_00/vexv5\libv5rt.a(vex_triport.cpp.obj)
                0x038078d0                vex::digital_out::set(bool)
 .text._ZN3vex5colorD2Ev
                0x038078d8        0x4 c:\Users\dogsp\AppData\Roaming\Code\User\globalStorage\vexrobotics.vexcode\sdk\cpp\V5\V5_20220726_10_00_00/vexv5\libv5rt.a(vex_color.cpp.obj)
                0x038078d8                vex::color::~color()
                0x038078d8                vex::color::~color()
 .text._ZNK3vex5colorcvmEv
                0x038078dc        0x8 c:\Users\dogsp\AppData\Roaming\Code\User\globalStorage\vexrobotics.vexcode\sdk\cpp\V5\V5_20220726_10_00_00/vexv5\libv5rt.a(vex_color.cpp.obj)
                0x038078dc                vex::color::operator unsigned long() const
 .text.startup._GLOBAL__sub_I__ZN3vex5color5blackE
                0x038078e4      0x164 c:\Users\dogsp\AppData\Roaming\Code\User\globalStorage\vexrobotics.vexcode\sdk\cpp\V5\V5_20220726_10_00_00/vexv5\libv5rt.a(vex_color.cpp.obj)
 .text._ZN3vex5timerD2Ev
                0x03807a48        0x4 c:\Users\dogsp\AppData\Roaming\Code\User\globalStorage\vexrobotics.vexcode\sdk\cpp\V5\V5_20220726_10_00_00/vexv5\libv5rt.a(vex_timer.cpp.obj)
                0x03807a48                vex::timer::~timer()
                0x03807a48                vex::timer::~timer()
 .text._ZN3vex5timer5clearEv
                0x03807a4c       0x1c c:\Users\dogsp\AppData\Roaming\Code\User\globalStorage\vexrobotics.vexcode\sdk\cpp\V5\V5_20220726_10_00_00/vexv5\libv5rt.a(vex_timer.cpp.obj)
                0x03807a4c                vex::timer::clear()
 .text._ZN3vex5timerC2Ev
                0x03807a68       0x14 c:\Users\dogsp\AppData\Roaming\Code\User\globalStorage\vexrobotics.vexcode\sdk\cpp\V5\V5_20220726_10_00_00/vexv5\libv5rt.a(vex_timer.cpp.obj)
                0x03807a68                vex::timer::timer()
                0x03807a68                vex::timer::timer()
 .text._ZN3vex11motor_group18motor_group_motorsC2Ev
                0x03807a7c       0x28 c:\Users\dogsp\AppData\Roaming\Code\User\globalStorage\vexrobotics.vexcode\sdk\cpp\V5\V5_20220726_10_00_00/vexv5\libv5rt.a(vex_motorgroup.cpp.obj)
                0x03807a7c                vex::motor_group::motor_group_motors::motor_group_motors()
                0x03807a7c                vex::motor_group::motor_group_motors::motor_group_motors()
 .text._ZN3vex11motor_group18motor_group_motorsC2ERKS1_
                0x03807aa4       0x20 c:\Users\dogsp\AppData\Roaming\Code\User\globalStorage\vexrobotics.vexcode\sdk\cpp\V5\V5_20220726_10_00_00/vexv5\libv5rt.a(vex_motorgroup.cpp.obj)
                0x03807aa4                vex::motor_group::motor_group_motors::motor_group_motors(vex::motor_group::motor_group_motors const&)
                0x03807aa4                vex::motor_group::motor_group_motors::motor_group_motors(vex::motor_group::motor_group_motors const&)
 .text._ZN3vex11motor_groupC2Ev
                0x03807ac4       0x1c c:\Users\dogsp\AppData\Roaming\Code\User\globalStorage\vexrobotics.vexcode\sdk\cpp\V5\V5_20220726_10_00_00/vexv5\libv5rt.a(vex_motorgroup.cpp.obj)
                0x03807ac4                vex::motor_group::motor_group()
                0x03807ac4                vex::motor_group::motor_group()
 .text._ZN3vex11motor_groupD2Ev
                0x03807ae0        0x4 c:\Users\dogsp\AppData\Roaming\Code\User\globalStorage\vexrobotics.vexcode\sdk\cpp\V5\V5_20220726_10_00_00/vexv5\libv5rt.a(vex_motorgroup.cpp.obj)
                0x03807ae0                vex::motor_group::~motor_group()
                0x03807ae0                vex::motor_group::~motor_group()
 .text._ZN3vex11motor_group9_addMotorERNS_5motorE
                0x03807ae4       0x20 c:\Users\dogsp\AppData\Roaming\Code\User\globalStorage\vexrobotics.vexcode\sdk\cpp\V5\V5_20220726_10_00_00/vexv5\libv5rt.a(vex_motorgroup.cpp.obj)
                0x03807ae4                vex::motor_group::_addMotor(vex::motor&)
 .text._ZN3vex11motor_group4spinENS_13directionTypeEdNS_12voltageUnitsE
                0x03807b04       0x54 c:\Users\dogsp\AppData\Roaming\Code\User\globalStorage\vexrobotics.vexcode\sdk\cpp\V5\V5_20220726_10_00_00/vexv5\libv5rt.a(vex_motorgroup.cpp.obj)
                0x03807b04                vex::motor_group::spin(vex::directionType, double, vex::voltageUnits)
 .text._ZN3vex11motor_group4stopENS_9brakeTypeE
                0x03807b58       0x38 c:\Users\dogsp\AppData\Roaming\Code\User\globalStorage\vexrobotics.vexcode\sdk\cpp\V5\V5_20220726_10_00_00/vexv5\libv5rt.a(vex_motorgroup.cpp.obj)
                0x03807b58                vex::motor_group::stop(vex::brakeType)
 .text._ZN3vex11motor_group8positionENS_13rotationUnitsE
                0x03807b90        0xc c:\Users\dogsp\AppData\Roaming\Code\User\globalStorage\vexrobotics.vexcode\sdk\cpp\V5\V5_20220726_10_00_00/vexv5\libv5rt.a(vex_motorgroup.cpp.obj)
                0x03807b90                vex::motor_group::position(vex::rotationUnits)
 .text.vexAdiPortConfigSet
                0x03807b9c       0x28 c:\Users\dogsp\AppData\Roaming\Code\User\globalStorage\vexrobotics.vexcode\sdk\cpp\V5\V5_20220726_10_00_00/vexv5\libv5rt.a(v5_apiuser.c.obj)
                0x03807b9c                vexAdiPortConfigSet
 .text.vexAdiPortConfigGet
                0x03807bc4       0x28 c:\Users\dogsp\AppData\Roaming\Code\User\globalStorage\vexrobotics.vexcode\sdk\cpp\V5\V5_20220726_10_00_00/vexv5\libv5rt.a(v5_apiuser.c.obj)
                0x03807bc4                vexAdiPortConfigGet
 .text.vexAdiValueSet
                0x03807bec       0x28 c:\Users\dogsp\AppData\Roaming\Code\User\globalStorage\vexrobotics.vexcode\sdk\cpp\V5\V5_20220726_10_00_00/vexv5\libv5rt.a(v5_apiuser.c.obj)
                0x03807bec                vexAdiValueSet
 .text.vexAdiValueGet
                0x03807c14       0x20 c:\Users\dogsp\AppData\Roaming\Code\User\globalStorage\vexrobotics.vexcode\sdk\cpp\V5\V5_20220726_10_00_00/vexv5\libv5rt.a(v5_apiuser.c.obj)
                0x03807c14                vexAdiValueGet
 .text.vexMotorVelocitySet
                0x03807c34       0x20 c:\Users\dogsp\AppData\Roaming\Code\User\globalStorage\vexrobotics.vexcode\sdk\cpp\V5\V5_20220726_10_00_00/vexv5\libv5rt.a(v5_apiuser.c.obj)
                0x03807c34                vexMotorVelocitySet
 .text.vexMotorVoltageSet
                0x03807c54       0x20 c:\Users\dogsp\AppData\Roaming\Code\User\globalStorage\vexrobotics.vexcode\sdk\cpp\V5\V5_20220726_10_00_00/vexv5\libv5rt.a(v5_apiuser.c.obj)
                0x03807c54                vexMotorVoltageSet
 .text.vexMotorVelocityGet
                0x03807c74       0x18 c:\Users\dogsp\AppData\Roaming\Code\User\globalStorage\vexrobotics.vexcode\sdk\cpp\V5\V5_20220726_10_00_00/vexv5\libv5rt.a(v5_apiuser.c.obj)
                0x03807c74                vexMotorVelocityGet
 .text.vexMotorActualVelocityGet
                0x03807c8c       0x24 c:\Users\dogsp\AppData\Roaming\Code\User\globalStorage\vexrobotics.vexcode\sdk\cpp\V5\V5_20220726_10_00_00/vexv5\libv5rt.a(v5_apiuser.c.obj)
                0x03807c8c                vexMotorActualVelocityGet
 .text.vexMotorModeGet
                0x03807cb0       0x18 c:\Users\dogsp\AppData\Roaming\Code\User\globalStorage\vexrobotics.vexcode\sdk\cpp\V5\V5_20220726_10_00_00/vexv5\libv5rt.a(v5_apiuser.c.obj)
                0x03807cb0                vexMotorModeGet
 .text.vexMotorZeroPositionFlagGet
                0x03807cc8       0x18 c:\Users\dogsp\AppData\Roaming\Code\User\globalStorage\vexrobotics.vexcode\sdk\cpp\V5\V5_20220726_10_00_00/vexv5\libv5rt.a(v5_apiuser.c.obj)
                0x03807cc8                vexMotorZeroPositionFlagGet
 .text.vexMotorReverseFlagSet
                0x03807ce0       0x20 c:\Users\dogsp\AppData\Roaming\Code\User\globalStorage\vexrobotics.vexcode\sdk\cpp\V5\V5_20220726_10_00_00/vexv5\libv5rt.a(v5_apiuser.c.obj)
                0x03807ce0                vexMotorReverseFlagSet
 .text.vexMotorEncoderUnitsSet
                0x03807d00       0x20 c:\Users\dogsp\AppData\Roaming\Code\User\globalStorage\vexrobotics.vexcode\sdk\cpp\V5\V5_20220726_10_00_00/vexv5\libv5rt.a(v5_apiuser.c.obj)
                0x03807d00                vexMotorEncoderUnitsSet
 .text.vexMotorBrakeModeSet
                0x03807d20       0x20 c:\Users\dogsp\AppData\Roaming\Code\User\globalStorage\vexrobotics.vexcode\sdk\cpp\V5\V5_20220726_10_00_00/vexv5\libv5rt.a(v5_apiuser.c.obj)
                0x03807d20                vexMotorBrakeModeSet
 .text.vexMotorPositionSet
                0x03807d40       0x28 c:\Users\dogsp\AppData\Roaming\Code\User\globalStorage\vexrobotics.vexcode\sdk\cpp\V5\V5_20220726_10_00_00/vexv5\libv5rt.a(v5_apiuser.c.obj)
                0x03807d40                vexMotorPositionSet
 .text.vexMotorPositionGet
                0x03807d68       0x24 c:\Users\dogsp\AppData\Roaming\Code\User\globalStorage\vexrobotics.vexcode\sdk\cpp\V5\V5_20220726_10_00_00/vexv5\libv5rt.a(v5_apiuser.c.obj)
                0x03807d68                vexMotorPositionGet
 .text.vexMotorRelativeTargetSet
                0x03807d8c       0x30 c:\Users\dogsp\AppData\Roaming\Code\User\globalStorage\vexrobotics.vexcode\sdk\cpp\V5\V5_20220726_10_00_00/vexv5\libv5rt.a(v5_apiuser.c.obj)
                0x03807d8c                vexMotorRelativeTargetSet
 .text.vexMotorGearingSet
                0x03807dbc       0x20 c:\Users\dogsp\AppData\Roaming\Code\User\globalStorage\vexrobotics.vexcode\sdk\cpp\V5\V5_20220726_10_00_00/vexv5\libv5rt.a(v5_apiuser.c.obj)
                0x03807dbc                vexMotorGearingSet
 .text.vexMotorGearingGet
                0x03807ddc       0x18 c:\Users\dogsp\AppData\Roaming\Code\User\globalStorage\vexrobotics.vexcode\sdk\cpp\V5\V5_20220726_10_00_00/vexv5\libv5rt.a(v5_apiuser.c.obj)
                0x03807ddc                vexMotorGearingGet
 .text.vexVisionModeSet
                0x03807df4       0x20 c:\Users\dogsp\AppData\Roaming\Code\User\globalStorage\vexrobotics.vexcode\sdk\cpp\V5\V5_20220726_10_00_00/vexv5\libv5rt.a(v5_apiuser.c.obj)
                0x03807df4                vexVisionModeSet
 .text.vexVisionObjectCountGet
                0x03807e14       0x18 c:\Users\dogsp\AppData\Roaming\Code\User\globalStorage\vexrobotics.vexcode\sdk\cpp\V5\V5_20220726_10_00_00/vexv5\libv5rt.a(v5_apiuser.c.obj)
                0x03807e14                vexVisionObjectCountGet
 .text.vexVisionObjectGet
                0x03807e2c       0x28 c:\Users\dogsp\AppData\Roaming\Code\User\globalStorage\vexrobotics.vexcode\sdk\cpp\V5\V5_20220726_10_00_00/vexv5\libv5rt.a(v5_apiuser.c.obj)
                0x03807e2c                vexVisionObjectGet
 .text.vexVisionSignatureSet
                0x03807e54       0x20 c:\Users\dogsp\AppData\Roaming\Code\User\globalStorage\vexrobotics.vexcode\sdk\cpp\V5\V5_20220726_10_00_00/vexv5\libv5rt.a(v5_apiuser.c.obj)
                0x03807e54                vexVisionSignatureSet
 .text.vexVisionBrightnessSet
                0x03807e74       0x20 c:\Users\dogsp\AppData\Roaming\Code\User\globalStorage\vexrobotics.vexcode\sdk\cpp\V5\V5_20220726_10_00_00/vexv5\libv5rt.a(v5_apiuser.c.obj)
                0x03807e74                vexVisionBrightnessSet
 .text.vexVisionLedModeSet
                0x03807e94       0x20 c:\Users\dogsp\AppData\Roaming\Code\User\globalStorage\vexrobotics.vexcode\sdk\cpp\V5\V5_20220726_10_00_00/vexv5\libv5rt.a(v5_apiuser.c.obj)
                0x03807e94                vexVisionLedModeSet
 .text.vexVisionLedColorSet
                0x03807eb4       0x2c c:\Users\dogsp\AppData\Roaming\Code\User\globalStorage\vexrobotics.vexcode\sdk\cpp\V5\V5_20220726_10_00_00/vexv5\libv5rt.a(v5_apiuser.c.obj)
                0x03807eb4                vexVisionLedColorSet
 .text.vexImuReset
                0x03807ee0       0x10 c:\Users\dogsp\AppData\Roaming\Code\User\globalStorage\vexrobotics.vexcode\sdk\cpp\V5\V5_20220726_10_00_00/vexv5\libv5rt.a(v5_apiuser.c.obj)
                0x03807ee0                vexImuReset
 .text.vexImuHeadingGet
                0x03807ef0       0x10 c:\Users\dogsp\AppData\Roaming\Code\User\globalStorage\vexrobotics.vexcode\sdk\cpp\V5\V5_20220726_10_00_00/vexv5\libv5rt.a(v5_apiuser.c.obj)
                0x03807ef0                vexImuHeadingGet
 .text.vexImuDegreesGet
                0x03807f00       0x10 c:\Users\dogsp\AppData\Roaming\Code\User\globalStorage\vexrobotics.vexcode\sdk\cpp\V5\V5_20220726_10_00_00/vexv5\libv5rt.a(v5_apiuser.c.obj)
                0x03807f00                vexImuDegreesGet
 .text.vexImuStatusGet
                0x03807f10       0x10 c:\Users\dogsp\AppData\Roaming\Code\User\globalStorage\vexrobotics.vexcode\sdk\cpp\V5\V5_20220726_10_00_00/vexv5\libv5rt.a(v5_apiuser.c.obj)
                0x03807f10                vexImuStatusGet
 .text.vexEventMaskSet
                0x03807f20       0x28 c:\Users\dogsp\AppData\Roaming\Code\User\globalStorage\vexrobotics.vexcode\sdk\cpp\V5\V5_20220726_10_00_00/vexv5\libv5rt.a(v5_apiuser.c.obj)
                0x03807f20                vexEventMaskSet
 .text.vexEventMaskGet
                0x03807f48       0x18 c:\Users\dogsp\AppData\Roaming\Code\User\globalStorage\vexrobotics.vexcode\sdk\cpp\V5\V5_20220726_10_00_00/vexv5\libv5rt.a(v5_apiuser.c.obj)
                0x03807f48                vexEventMaskGet
 .text._ZN3vex6deviceD2Ev
                0x03807f60        0x4 c:\Users\dogsp\AppData\Roaming\Code\User\globalStorage\vexrobotics.vexcode\sdk\cpp\V5\V5_20220726_10_00_00/vexv5\libv5rt.a(vex_device.cpp.obj)
                0x03807f60                vex::device::~device()
                0x03807f60                vex::device::~device()
 .text._ZN3vex6device5valueEv
                0x03807f64        0x8 c:\Users\dogsp\AppData\Roaming\Code\User\globalStorage\vexrobotics.vexcode\sdk\cpp\V5\V5_20220726_10_00_00/vexv5\libv5rt.a(vex_device.cpp.obj)
                0x03807f64                vex::device::value()
 .text._ZN3vex6deviceD0Ev
                0x03807f6c       0x14 c:\Users\dogsp\AppData\Roaming\Code\User\globalStorage\vexrobotics.vexcode\sdk\cpp\V5\V5_20220726_10_00_00/vexv5\libv5rt.a(vex_device.cpp.obj)
                0x03807f6c                vex::device::~device()
 .text._ZN3vex6device4initEl
                0x03807f80       0x30 c:\Users\dogsp\AppData\Roaming\Code\User\globalStorage\vexrobotics.vexcode\sdk\cpp\V5\V5_20220726_10_00_00/vexv5\libv5rt.a(vex_device.cpp.obj)
                0x03807f80                vex::device::init(long)
 .text._ZN3vex6deviceC2El
                0x03807fb0       0x20 c:\Users\dogsp\AppData\Roaming\Code\User\globalStorage\vexrobotics.vexcode\sdk\cpp\V5\V5_20220726_10_00_00/vexv5\libv5rt.a(vex_device.cpp.obj)
                0x03807fb0                vex::device::device(long)
                0x03807fb0                vex::device::device(long)
 .text._ZN3vex6device4typeEv
                0x03807fd0       0x10 c:\Users\dogsp\AppData\Roaming\Code\User\globalStorage\vexrobotics.vexcode\sdk\cpp\V5\V5_20220726_10_00_00/vexv5\libv5rt.a(vex_device.cpp.obj)
                0x03807fd0                vex::device::type()
 .text._ZN3vex6device9installedEv