Archive member included because of file (symbol)

C:\Program Files (x86)\VEX Robotics\VEXcode Pro V5\sdk/vexv5\libv5rt.a(v5_startup.c.obj)
                              (vexStartup)
C:\Program Files (x86)\VEX Robotics\VEXcode Pro V5\sdk/vexv5\libv5rt.a(v5_util.c.obj)
                              C:\Program Files (x86)\VEX Robotics\VEXcode Pro V5\sdk/vexv5\libv5rt.a(v5_startup.c.obj) (vexStdlibVersionLinked)
C:\Program Files (x86)\VEX Robotics\VEXcode Pro V5\sdk/vexv5\libv5rt.a(v5_apijump.c.obj)
                              C:\Program Files (x86)\VEX Robotics\VEXcode Pro V5\sdk/vexv5\libv5rt.a(v5_startup.c.obj) (vexPrivateApiEnable)
C:\Program Files (x86)\VEX Robotics\VEXcode Pro V5\sdk/vexv5\libv5rt.a(v5_apiversions.c.obj)
                              C:\Program Files (x86)\VEX Robotics\VEXcode Pro V5\sdk/vexv5\libv5rt.a(v5_apijump.c.obj) (vexSystemVersion)
C:\Program Files (x86)\VEX Robotics\VEXcode Pro V5\sdk/vexv5\libv5rt.a(vex_global.cpp.obj)
                              build/src/main.o (vex::wait(double, vex::timeUnits))
C:\Program Files (x86)\VEX Robotics\VEXcode Pro V5\sdk/vexv5\libv5rt.a(vex_motor.cpp.obj)
                              build/src/robot-config.o (vex::motor::~motor())
C:\Program Files (x86)\VEX Robotics\VEXcode Pro V5\sdk/vexv5\libv5rt.a(vex_vision.cpp.obj)
                              build/src/robot-config.o (vex::vision::~vision())
C:\Program Files (x86)\VEX Robotics\VEXcode Pro V5\sdk/vexv5\libv5rt.a(vex_imu.cpp.obj)
                              build/src/drive.o (vex::inertial::setRotation(double, vex::rotationUnits))
C:\Program Files (x86)\VEX Robotics\VEXcode Pro V5\sdk/vexv5\libv5rt.a(vex_controller.cpp.obj)
                              build/src/drive.o (vex::controller::~controller())
C:\Program Files (x86)\VEX Robotics\VEXcode Pro V5\sdk/vexv5\libv5rt.a(vex_task.cpp.obj)
                              build/src/drive.o (vex::task::task())
C:\Program Files (x86)\VEX Robotics\VEXcode Pro V5\sdk/vexv5\libv5rt.a(vex_thread.cpp.obj)
                              C:\Program Files (x86)\VEX Robotics\VEXcode Pro V5\sdk/vexv5\libv5rt.a(vex_global.cpp.obj) (vex::this_thread::sleep_for(unsigned long))
C:\Program Files (x86)\VEX Robotics\VEXcode Pro V5\sdk/vexv5\libv5rt.a(vex_event.cpp.obj)
                              C:\Program Files (x86)\VEX Robotics\VEXcode Pro V5\sdk/vexv5\libv5rt.a(vex_imu.cpp.obj) (vex::event::init(unsigned long, unsigned long, void (*)()))
C:\Program Files (x86)\VEX Robotics\VEXcode Pro V5\sdk/vexv5\libv5rt.a(vex_mevent.cpp.obj)
                              C:\Program Files (x86)\VEX Robotics\VEXcode Pro V5\sdk/vexv5\libv5rt.a(vex_controller.cpp.obj) (vex::mevent::mevent(unsigned long, unsigned long))
C:\Program Files (x86)\VEX Robotics\VEXcode Pro V5\sdk/vexv5\libv5rt.a(vex_brain.cpp.obj)
                              build/src/robot-config.o (vex::brain::brain())
C:\Program Files (x86)\VEX Robotics\VEXcode Pro V5\sdk/vexv5\libv5rt.a(vex_competition.cpp.obj)
                              build/src/main.o (vex::competition::competition())
C:\Program Files (x86)\VEX Robotics\VEXcode Pro V5\sdk/vexv5\libv5rt.a(vex_triport.cpp.obj)
                              build/src/main.o (vex::triport::~triport())
C:\Program Files (x86)\VEX Robotics\VEXcode Pro V5\sdk/vexv5\libv5rt.a(vex_color.cpp.obj)
                              C:\Program Files (x86)\VEX Robotics\VEXcode Pro V5\sdk/vexv5\libv5rt.a(vex_brain.cpp.obj) (vex::color::operator unsigned long() const)
C:\Program Files (x86)\VEX Robotics\VEXcode Pro V5\sdk/vexv5\libv5rt.a(vex_timer.cpp.obj)
                              C:\Program Files (x86)\VEX Robotics\VEXcode Pro V5\sdk/vexv5\libv5rt.a(vex_brain.cpp.obj) (vex::timer::~timer())
C:\Program Files (x86)\VEX Robotics\VEXcode Pro V5\sdk/vexv5\libv5rt.a(vex_motorgroup.cpp.obj)
                              build/src/drive.o (vex::motor_group::motor_group_motors::motor_group_motors(vex::motor_group::motor_group_motors const&))
C:\Program Files (x86)\VEX Robotics\VEXcode Pro V5\sdk/vexv5\libv5rt.a(v5_apiuser.c.obj)
                              C:\Program Files (x86)\VEX Robotics\VEXcode Pro V5\sdk/vexv5\libv5rt.a(vex_triport.cpp.obj) (vexAdiPortConfigSet)
C:\Program Files (x86)\VEX Robotics\VEXcode Pro V5\sdk/vexv5\libv5rt.a(vex_device.cpp.obj)
                              C:\Program Files (x86)\VEX Robotics\VEXcode Pro V5\sdk/vexv5\libv5rt.a(vex_motor.cpp.obj) (vex::device::~device())
C:\Program Files (x86)\VEX Robotics\VEXcode Pro V5\sdk/vexv5/gcc/libs\libc.a(lib_a-aeabi_memcpy.o)
                              build/src/autons.o (__aeabi_memcpy4)
C:\Program Files (x86)\VEX Robotics\VEXcode Pro V5\sdk/vexv5/gcc/libs\libc.a(lib_a-fini.o)
                              C:\Program Files (x86)\VEX Robotics\VEXcode Pro V5\sdk/vexv5\libv5rt.a(v5_startup.c.obj) (__libc_fini_array)
C:\Program Files (x86)\VEX Robotics\VEXcode Pro V5\sdk/vexv5/gcc/libs\libc.a(lib_a-impure.o)
[...]
Memory Configuration

Name             Origin             Length             Attributes
ps7_ddr_0_S_AXI_BASEADDR 0x03800000         0x04800000
*default*        0x00000000         0xffffffff

Linker script and memory map

                0x00002000                _STACK_SIZE = DEFINED (_STACK_SIZE)?_STACK_SIZE:0x2000
                0x00100000                _HEAP_SIZE = DEFINED (_HEAP_SIZE)?_HEAP_SIZE:0x100000
                0x00000400                _ABORT_STACK_SIZE = DEFINED (_ABORT_STACK_SIZE)?_ABORT_STACK_SIZE:0x400
                0x00000800                _SUPERVISOR_STACK_SIZE = DEFINED (_SUPERVISOR_STACK_SIZE)?_SUPERVISOR_STACK_SIZE:0x800
                0x00000400                _IRQ_STACK_SIZE = DEFINED (_IRQ_STACK_SIZE)?_IRQ_STACK_SIZE:0x400
                0x00000400                _FIQ_STACK_SIZE = DEFINED (_FIQ_STACK_SIZE)?_FIQ_STACK_SIZE:0x400
                0x00000400                _UNDEF_STACK_SIZE = DEFINED (_UNDEF_STACK_SIZE)?_UNDEF_STACK_SIZE:0x400

.text           0x03800000     0x7328
 *(.vectors)
 *(.boot_data)
 .boot_data     0x03800000       0x20 C:\Program Files (x86)\VEX Robotics\VEXcode Pro V5\sdk/vexv5\libv5rt.a(v5_startup.c.obj)
                0x03800000                vexCodeSig
                0x00000020                . = 0x20
 *(.boot)
 .boot          0x03800020       0xbc C:\Program Files (x86)\VEX Robotics\VEXcode Pro V5\sdk/vexv5\libv5rt.a(v5_startup.c.obj)
                0x03800020                vexStartup
                0x03800100                . = ALIGN (0x40)
 *fill*         0x038000dc       0x24 
 *(.freertos_vectors)
 *(.text)
 *(.text.*)
 .text._Z15reduce_0_to_360f
                0x03800100       0x7c build/src/util.o
                0x03800100                reduce_0_to_360(float)
 .text._Z26reduce_negative_180_to_180f
                0x0380017c       0x90 build/src/util.o
                0x0380017c                reduce_negative_180_to_180(float)
 .text._Z24reduce_negative_90_to_90f
                0x0380020c       0x90 build/src/util.o
                0x0380020c                reduce_negative_90_to_90(float)
 *fill*         0x0380029c        0x4 
 .text._Z6to_radf
                0x038002a0       0x28 build/src/util.o
                0x038002a0                to_rad(float)
 .text._Z6to_degf
                0x038002c8       0x28 build/src/util.o
                0x038002c8                to_deg(float)
 .text._Z5clampfff
                0x038002f0       0x2c build/src/util.o
                0x038002f0                clamp(float, float, float)
 *fill*         0x0380031c        0x4 
 .text._Z7to_voltf
                0x03800320       0x30 build/src/util.o
                0x03800320                to_volt(float)
 .text._Z8deadbandff
                0x03800350       0x28 build/src/util.o
                0x03800350                deadband(float, float)
 .text._ZN3vex11motor_groupC2IJNS_5motorES2_EEERS2_DpRT_
                0x03800378       0x44 build/src/main.o
                0x03800378                vex::motor_group::motor_group<vex::motor, vex::motor>(vex::motor&, vex::motor&, vex::motor&)
 .text._ZN5DriveD2Ev
                0x038003bc       0x3c build/src/main.o
                0x038003bc                Drive::~Drive()
 .text._Z9pre_autonv
                0x038003f8      0x1b4 build/src/main.o
                0x038003f8                pre_auton()
 .text._Z10autonomousv
                0x038005ac       0x6c build/src/main.o
                0x038005ac                autonomous()
 .text._Z11usercontrolv
                0x03800618      0x210 build/src/main.o
                0x03800618                usercontrol()
 .text._ZN3vex10controller3lcd5printIfEEvT_
                0x03800828       0x3c build/src/main.o
                0x03800828                void vex::controller::lcd::print<float>(float)
 *fill*         0x03800864        0x4 
 .text.main     0x03800868       0x68 build/src/main.o
                0x03800868                main
 .text._GLOBAL__sub_I_main.cpp
                0x038008d0      0x104 build/src/main.o
 *fill*         0x038009d4        0x4 
 .text._Z11VisionChasefffN3vex6vision9signatureEff
                0x038009d8      0x328 build/src/autons.o
                0x038009d8                VisionChase(float, float, float, vex::vision::signature, float, float)
 .text._Z17default_constantsv
                0x03800d00      0x10c build/src/autons.o
                0x03800d00                default_constants()
 *fill*         0x03800e0c        0x4 
 .text._Z15Close_Mid_Scorev
                0x03800e10      0x2f0 build/src/autons.o
                0x03800e10                Close_Mid_Score()
 .text._Z14Close_Desc_Midv
                0x03801100      0x2f8 build/src/autons.o
                0x03801100                Close_Desc_Mid()
 .text._Z22Close_Desc_Shoot_Touchv
                0x038013f8      0x1b0 build/src/autons.o
                0x038013f8                Close_Desc_Shoot_Touch()
 .text._Z22Close_Score_Desc_Touchv
                0x038015a8      0x260 build/src/autons.o
                0x038015a8                Close_Score_Desc_Touch()
 .text._Z9Far_Scorev
                0x03801808      0x330 build/src/autons.o
                0x03801808                Far_Score()
 .text._Z15Far_Score_Touchv
                0x03801b38      0x1e8 build/src/autons.o
                0x03801b38                Far_Score_Touch()
 .text._Z3Sitv  0x03801d20        0x4 build/src/autons.o
                0x03801d20                Sit()
 .text._ZN4Odom22set_physical_distancesEff
                0x03801d24        0x8 build/src/odom.o
                0x03801d24                Odom::set_physical_distances(float, float)
 .text._ZN4Odom12set_positionEfffff
                0x03801d2c       0x1c build/src/odom.o
                0x03801d2c                Odom::set_position(float, float, float, float, float)
 .text._ZN4Odom15update_positionEfff
                0x03801d48      0x1a4 build/src/odom.o
                0x03801d48                Odom::update_position(float, float, float)
 *fill*         0x03801eec        0x4 
 .text._ZN5DriveC2E11drive_setupN3vex11motor_groupES2_iffff
                0x03801ef0       0xf0 build/src/drive.o
                0x03801ef0                Drive::Drive(drive_setup, vex::motor_group, vex::motor_group, int, float, float, float, float)
                0x03801ef0                Drive::Drive(drive_setup, vex::motor_group, vex::motor_group, int, float, float, float, float)
 .text._ZN5Drive18drive_with_voltageEff
                0x03801fe0       0x6c build/src/drive.o
                0x03801fe0                Drive::drive_with_voltage(float, float)
 .text._ZN5Drive18set_turn_constantsEfffff
                0x0380204c       0x1c build/src/drive.o
                0x0380204c                Drive::set_turn_constants(float, float, float, float, float)
 .text._ZN5Drive19set_drive_constantsEfffff
                0x03802068       0x1c build/src/drive.o
                0x03802068                Drive::set_drive_constants(float, float, float, float, float)
 .text._ZN5Drive21set_heading_constantsEfffff
                0x03802084       0x1c build/src/drive.o
                0x03802084                Drive::set_heading_constants(float, float, float, float, float)
 .text._ZN5Drive19set_swing_constantsEfffff
                0x038020a0       0x1c build/src/drive.o
                0x038020a0                Drive::set_swing_constants(float, float, float, float, float)
 .text._ZN5Drive24set_turn_exit_conditionsEfff
                0x038020bc        0xc build/src/drive.o
                0x038020bc                Drive::set_turn_exit_conditions(float, float, float)
 .text._ZN5Drive25set_drive_exit_conditionsEfff
                0x038020c8        0xc build/src/drive.o
                0x038020c8                Drive::set_drive_exit_conditions(float, float, float)
 .text._ZN5Drive25set_swing_exit_conditionsEfff
                0x038020d4        0xc build/src/drive.o
                0x038020d4                Drive::set_swing_exit_conditions(float, float, float)
 .text._ZN5Drive20get_absolute_headingEv
                0x038020e0       0x48 build/src/drive.o
                0x038020e0                Drive::get_absolute_heading()
 .text._ZN5Drive13turn_to_angleEf
                0x03802128       0x50 build/src/drive.o
                0x03802128                Drive::turn_to_angle(float)
 .text._ZN5Drive13turn_to_angleEfffffffff
                0x03802178      0x178 build/src/drive.o
                0x03802178                Drive::turn_to_angle(float, float, float, float, float, float, float, float, float)
 .text._ZN5Drive13turn_to_angleEff
                0x038022f0       0x4c build/src/drive.o
                0x038022f0                Drive::turn_to_angle(float, float)
 .text._ZN5Drive14drive_distanceEf
                0x0380233c       0x80 build/src/drive.o
                0x0380233c                Drive::drive_distance(float)
 *fill*         0x038023bc        0x4 
 .text._ZN5Drive14drive_distanceEfffffffffffffff
                0x038023c0      0x2e0 build/src/drive.o
                0x038023c0                Drive::drive_distance(float, float, float, float, float, float, float, float, float, float, float, float, float, float, float)
 .text._ZN5Drive14drive_distanceEff
                0x038026a0       0x7c build/src/drive.o
                0x038026a0                Drive::drive_distance(float, float)
 .text._ZN5Drive14drive_distanceEffff
                0x0380271c       0x74 build/src/drive.o
                0x0380271c                Drive::drive_distance(float, float, float, float)
 .text._ZN5Drive14drive_distanceEfffffff
                0x03802790       0x78 build/src/drive.o
                0x03802790                Drive::drive_distance(float, float, float, float, float, float, float)
 .text._ZN5Drive18swing_speed_scalarEffffb
                0x03802808      0x2e8 build/src/drive.o
                0x03802808                Drive::swing_speed_scalar(float, float, float, float, bool)
 .text._ZN5Drive20right_swing_to_angleEfffffffff
                0x03802af0      0x1b8 build/src/drive.o
                0x03802af0                Drive::right_swing_to_angle(float, float, float, float, float, float, float, float, float)
 .text._ZN5Drive14position_trackEv
                0x03802ca8       0xb4 build/src/drive.o
                0x03802ca8                Drive::position_track()
 *fill*         0x03802d5c        0x4 
 .text._ZN5Drive15set_coordinatesEfff
                0x03802d60       0xf4 build/src/drive.o
                0x03802d60                Drive::set_coordinates(float, float, float)
 .text._ZN5Drive19position_track_taskEv
                0x03802e54       0x14 build/src/drive.o
                0x03802e54                Drive::position_track_task()
 .text._ZN5Drive14get_X_positionEv
                0x03802e68        0x8 build/src/drive.o
                0x03802e68                Drive::get_X_position()
 .text._ZN5Drive14get_Y_positionEv
                0x03802e70        0x8 build/src/drive.o
                0x03802e70                Drive::get_Y_position()
 .text._ZN5Drive14drive_to_pointEff
                0x03802e78       0x7c build/src/drive.o
                0x03802e78                Drive::drive_to_point(float, float)
 *fill*         0x03802ef4        0x4 
 .text._ZN5Drive14drive_to_pointEfffffffffffffff
                0x03802ef8      0x34c build/src/drive.o
                0x03802ef8                Drive::drive_to_point(float, float, float, float, float, float, float, float, float, float, float, float, float, float, float)
 .text._ZN5Drive14drive_to_pointEffff
                0x03803244       0x74 build/src/drive.o
                0x03803244                Drive::drive_to_point(float, float, float, float)
 .text._ZN5Drive13turn_to_pointEff
                0x038032b8       0x5c build/src/drive.o
                0x038032b8                Drive::turn_to_point(float, float)
 *fill*         0x03803314        0x4 
 .text._ZN5Drive13turn_to_pointEfffffffffff
                0x03803318      0x228 build/src/drive.o
                0x03803318                Drive::turn_to_point(float, float, float, float, float, float, float, float, float, float, float)
 .text._ZN5Drive14control_arcadeEf
                0x03803540      0x120 build/src/drive.o
                0x03803540                Drive::control_arcade(float)
 .text._Z11vexcodeInitv
                0x03803660        0x4 build/src/robot-config.o
                0x03803660                vexcodeInit()
 .text._GLOBAL__sub_I_robot_config.cpp
                0x03803664      0x3dc build/src/robot-config.o
 .text._ZN3PIDC2Efffff
                0x03803a40       0x2c build/src/PID.o
                0x03803a40                PID::PID(float, float, float, float, float)
                0x03803a40                PID::PID(float, float, float, float, float)
 .text._ZN3PIDC2Effffffff
                0x03803a6c       0x44 build/src/PID.o
                0x03803a6c                PID::PID(float, float, float, float, float, float, float, float)
                0x03803a6c                PID::PID(float, float, float, float, float, float, float, float)
 .text._ZN3PID7computeEf
                0x03803ab0       0xd0 build/src/PID.o
                0x03803ab0                PID::compute(float)
 .text._ZN3PID10is_settledEv
                0x03803b80       0x44 build/src/PID.o
                0x03803b80                PID::is_settled()
 .text.vexMain  0x03803bc4       0xb0 C:\Program Files (x86)\VEX Robotics\VEXcode Pro V5\sdk/vexv5\libv5rt.a(v5_startup.c.obj)
                0x03803bc4                vexMain
 .text.__vex_function_prolog
                0x03803c74       0x18 C:\Program Files (x86)\VEX Robotics\VEXcode Pro V5\sdk/vexv5\libv5rt.a(v5_startup.c.obj)
                0x03803c74                __vex_function_prolog
 .text._init    0x03803c8c        0x4 C:\Program Files (x86)\VEX Robotics\VEXcode Pro V5\sdk/vexv5\libv5rt.a(v5_startup.c.obj)
                0x03803c8c                _init
 .text._fini    0x03803c90        0x4 C:\Program Files (x86)\VEX Robotics\VEXcode Pro V5\sdk/vexv5\libv5rt.a(v5_startup.c.obj)
                0x03803c90                _fini
 .text.vexStdlibVersionLinked
                0x03803c94        0xc C:\Program Files (x86)\VEX Robotics\VEXcode Pro V5\sdk/vexv5\libv5rt.a(v5_util.c.obj)
                0x03803c94                vexStdlibVersionLinked
 .text.vexStdlibVersionVerify
                0x03803ca0       0x30 C:\Program Files (x86)\VEX Robotics\VEXcode Pro V5\sdk/vexv5\libv5rt.a(v5_util.c.obj)
                0x03803ca0                vexStdlibVersionVerify
 .text.vexPrivateApiEnable
                0x03803cd0       0x10 C:\Program Files (x86)\VEX Robotics\VEXcode Pro V5\sdk/vexv5\libv5rt.a(v5_apijump.c.obj)
                0x03803cd0                vexPrivateApiEnable
 .text.vexStdlibMismatchError
                0x03803ce0       0x3c C:\Program Files (x86)\VEX Robotics\VEXcode Pro V5\sdk/vexv5\libv5rt.a(v5_apijump.c.obj)
                0x03803ce0                vexStdlibMismatchError
 .text.vexTaskAdd
                0x03803d1c       0x10 C:\Program Files (x86)\VEX Robotics\VEXcode Pro V5\sdk/vexv5\libv5rt.a(v5_apijump.c.obj)
                0x03803d1c                vexTaskAdd
 .text.vexTasksRun
                0x03803d2c       0x10 C:\Program Files (x86)\VEX Robotics\VEXcode Pro V5\sdk/vexv5\libv5rt.a(v5_apijump.c.obj)
                0x03803d2c                vexTasksRun
 .text.vexTaskYield
                0x03803d3c       0x10 C:\Program Files (x86)\VEX Robotics\VEXcode Pro V5\sdk/vexv5\libv5rt.a(v5_apijump.c.obj)
                0x03803d3c                vexTaskYield
 .text.vexTaskCheckTimeslice
                0x03803d4c       0x10 C:\Program Files (x86)\VEX Robotics\VEXcode Pro V5\sdk/vexv5\libv5rt.a(v5_apijump.c.obj)
                0x03803d4c                vexTaskCheckTimeslice
 .text.vexTaskGetIndex
                0x03803d5c       0x10 C:\Program Files (x86)\VEX Robotics\VEXcode Pro V5\sdk/vexv5\libv5rt.a(v5_apijump.c.obj)
                0x03803d5c                vexTaskGetIndex
 .text.vexTaskSleep
                0x03803d6c       0x10 C:\Program Files (x86)\VEX Robotics\VEXcode Pro V5\sdk/vexv5\libv5rt.a(v5_apijump.c.obj)
                0x03803d6c                vexTaskSleep
 .text.vexTasksDump
                0x03803d7c       0x1c C:\Program Files (x86)\VEX Robotics\VEXcode Pro V5\sdk/vexv5\libv5rt.a(v5_apijump.c.obj)
                0x03803d7c                vexTasksDump
 .text.vexTaskGetTaskIndex
                0x03803d98       0x10 C:\Program Files (x86)\VEX Robotics\VEXcode Pro V5\sdk/vexv5\libv5rt.a(v5_apijump.c.obj)
                0x03803d98                vexTaskGetTaskIndex
 .text.vexTaskStopAll
                0x03803da8       0x10 C:\Program Files (x86)\VEX Robotics\VEXcode Pro V5\sdk/vexv5\libv5rt.a(v5_apijump.c.obj)
                0x03803da8                vexTaskStopAll
 .text.vexTaskRemoveAllUser
                0x03803db8       0x34 C:\Program Files (x86)\VEX Robotics\VEXcode Pro V5\sdk/vexv5\libv5rt.a(v5_apijump.c.obj)
                0x03803db8                vexTaskRemoveAllUser
 .text.vexTaskCompletionIdSet
                0x03803dec       0x10 C:\Program Files (x86)\VEX Robotics\VEXcode Pro V5\sdk/vexv5\libv5rt.a(v5_apijump.c.obj)
                0x03803dec                vexTaskCompletionIdSet
 .text.vexTaskStopWithId
                0x03803dfc       0x10 C:\Program Files (x86)\VEX Robotics\VEXcode Pro V5\sdk/vexv5\libv5rt.a(v5_apijump.c.obj)
                0x03803dfc                vexTaskStopWithId
 .text.vexTaskGetCallbackAndId
                0x03803e0c       0x54 C:\Program Files (x86)\VEX Robotics\VEXcode Pro V5\sdk/vexv5\libv5rt.a(v5_apijump.c.obj)
                0x03803e0c                vexTaskGetCallbackAndId
 .text.vexCriticalSection
                0x03803e60       0x2c C:\Program Files (x86)\VEX Robotics\VEXcode Pro V5\sdk/vexv5\libv5rt.a(v5_apijump.c.obj)
                0x03803e60                vexCriticalSection
 .text.vexEventAdd
                0x03803e8c       0x34 C:\Program Files (x86)\VEX Robotics\VEXcode Pro V5\sdk/vexv5\libv5rt.a(v5_apijump.c.obj)
                0x03803e8c                vexEventAdd
 .text.vexEventUserIndexGet
                0x03803ec0       0x1c C:\Program Files (x86)\VEX Robotics\VEXcode Pro V5\sdk/vexv5\libv5rt.a(v5_apijump.c.obj)
                0x03803ec0                vexEventUserIndexGet
 .text.vexEventAddWithArg
                0x03803edc       0x3c C:\Program Files (x86)\VEX Robotics\VEXcode Pro V5\sdk/vexv5\libv5rt.a(v5_apijump.c.obj)
                0x03803edc                vexEventAddWithArg
 .text.vexEventsCleanup
                0x03803f18       0x2c C:\Program Files (x86)\VEX Robotics\VEXcode Pro V5\sdk/vexv5\libv5rt.a(v5_apijump.c.obj)
                0x03803f18                vexEventsCleanup
 .text.vexDebug
                0x03803f44       0x38 C:\Program Files (x86)\VEX Robotics\VEXcode Pro V5\sdk/vexv5\libv5rt.a(v5_apijump.c.obj)
                0x03803f44                vexDebug
 .text.vex_sprintf
                0x03803f7c       0x40 C:\Program Files (x86)\VEX Robotics\VEXcode Pro V5\sdk/vexv5\libv5rt.a(v5_apijump.c.obj)
                0x03803f7c                vex_sprintf
 .text.vex_vsnprintf
                0x03803fbc       0x3c C:\Program Files (x86)\VEX Robotics\VEXcode Pro V5\sdk/vexv5\libv5rt.a(v5_apijump.c.obj)
                0x03803fbc                vex_vsnprintf
 .text.vexSystemTimeGet
                0x03803ff8       0x1c C:\Program Files (x86)\VEX Robotics\VEXcode Pro V5\sdk/vexv5\libv5rt.a(v5_apijump.c.obj)
                0x03803ff8                vexSystemTimeGet
 .text.vexSystemExitRequest
                0x03804014       0x1c C:\Program Files (x86)\VEX Robotics\VEXcode Pro V5\sdk/vexv5\libv5rt.a(v5_apijump.c.obj)
                0x03804014                vexSystemExitRequest
 .text.vexDeviceGetByIndex
                0x03804030       0x24 C:\Program Files (x86)\VEX Robotics\VEXcode Pro V5\sdk/vexv5\libv5rt.a(v5_apijump.c.obj)
                0x03804030                vexDeviceGetByIndex
 .text.vexControllerGet
                0x03804054       0x2c C:\Program Files (x86)\VEX Robotics\VEXcode Pro V5\sdk/vexv5\libv5rt.a(v5_apijump.c.obj)
                0x03804054                vexControllerGet
 .text.vexControllerTextSet
                0x03804080       0x74 C:\Program Files (x86)\VEX Robotics\VEXcode Pro V5\sdk/vexv5\libv5rt.a(v5_apijump.c.obj)
                0x03804080                vexControllerTextSet
 .text.vexDeviceAdiPortConfigSet
                0x038040f4       0x34 C:\Program Files (x86)\VEX Robotics\VEXcode Pro V5\sdk/vexv5\libv5rt.a(v5_apijump.c.obj)
                0x038040f4                vexDeviceAdiPortConfigSet
 .text.vexDeviceAdiPortConfigGet
                0x03804128       0x2c C:\Program Files (x86)\VEX Robotics\VEXcode Pro V5\sdk/vexv5\libv5rt.a(v5_apijump.c.obj)
                0x03804128                vexDeviceAdiPortConfigGet
 .text.vexDeviceAdiValueSet
                0x03804154       0x34 C:\Program Files (x86)\VEX Robotics\VEXcode Pro V5\sdk/vexv5\libv5rt.a(v5_apijump.c.obj)
                0x03804154                vexDeviceAdiValueSet
 .text.vexDeviceMotorVelocitySet
                0x03804188       0x2c C:\Program Files (x86)\VEX Robotics\VEXcode Pro V5\sdk/vexv5\libv5rt.a(v5_apijump.c.obj)
                0x03804188                vexDeviceMotorVelocitySet
 .text.vexDeviceMotorVoltageSet
                0x038041b4       0x2c C:\Program Files (x86)\VEX Robotics\VEXcode Pro V5\sdk/vexv5\libv5rt.a(v5_apijump.c.obj)
                0x038041b4                vexDeviceMotorVoltageSet
 .text.vexDeviceMotorVelocityGet
                0x038041e0       0x24 C:\Program Files (x86)\VEX Robotics\VEXcode Pro V5\sdk/vexv5\libv5rt.a(v5_apijump.c.obj)
                0x038041e0                vexDeviceMotorVelocityGet
 .text.vexDeviceMotorActualVelocityGet
                0x03804204       0x24 C:\Program Files (x86)\VEX Robotics\VEXcode Pro V5\sdk/vexv5\libv5rt.a(v5_apijump.c.obj)
                0x03804204                vexDeviceMotorActualVelocityGet
 .text.vexDeviceMotorModeGet
                0x03804228       0x24 C:\Program Files (x86)\VEX Robotics\VEXcode Pro V5\sdk/vexv5\libv5rt.a(v5_apijump.c.obj)
                0x03804228                vexDeviceMotorModeGet
 .text.vexDeviceMotorZeroPositionFlagGet
                0x0380424c       0x24 C:\Program Files (x86)\VEX Robotics\VEXcode Pro V5\sdk/vexv5\libv5rt.a(v5_apijump.c.obj)
                0x0380424c                vexDeviceMotorZeroPositionFlagGet
 .text.vexDeviceMotorReverseFlagSet
                0x03804270       0x2c C:\Program Files (x86)\VEX Robotics\VEXcode Pro V5\sdk/vexv5\libv5rt.a(v5_apijump.c.obj)
                0x03804270                vexDeviceMotorReverseFlagSet
 .text.vexDeviceMotorEncoderUnitsSet
                0x0380429c       0x2c C:\Program Files (x86)\VEX Robotics\VEXcode Pro V5\sdk/vexv5\libv5rt.a(v5_apijump.c.obj)
                0x0380429c                vexDeviceMotorEncoderUnitsSet
 .text.vexDeviceMotorBrakeModeSet
                0x038042c8       0x2c C:\Program Files (x86)\VEX Robotics\VEXcode Pro V5\sdk/vexv5\libv5rt.a(v5_apijump.c.obj)
                0x038042c8                vexDeviceMotorBrakeModeSet
 .text.vexDeviceMotorPositionSet
                0x038042f4       0x34 C:\Program Files (x86)\VEX Robotics\VEXcode Pro V5\sdk/vexv5\libv5rt.a(v5_apijump.c.obj)
                0x038042f4                vexDeviceMotorPositionSet
 .text.vexDeviceMotorPositionGet
                0x03804328       0x24 C:\Program Files (x86)\VEX Robotics\VEXcode Pro V5\sdk/vexv5\libv5rt.a(v5_apijump.c.obj)
                0x03804328                vexDeviceMotorPositionGet
 .text.vexDeviceMotorRelativeTargetSet
                0x0380434c       0x3c C:\Program Files (x86)\VEX Robotics\VEXcode Pro V5\sdk/vexv5\libv5rt.a(v5_apijump.c.obj)
                0x0380434c                vexDeviceMotorRelativeTargetSet
 .text.vexDeviceMotorGearingSet
                0x03804388       0x2c C:\Program Files (x86)\VEX Robotics\VEXcode Pro V5\sdk/vexv5\libv5rt.a(v5_apijump.c.obj)
                0x03804388                vexDeviceMotorGearingSet
 .text.vexDeviceMotorGearingGet
                0x038043b4       0x24 C:\Program Files (x86)\VEX Robotics\VEXcode Pro V5\sdk/vexv5\libv5rt.a(v5_apijump.c.obj)
                0x038043b4                vexDeviceMotorGearingGet
 .text.vexDeviceVisionModeSet
                0x038043d8       0x2c C:\Program Files (x86)\VEX Robotics\VEXcode Pro V5\sdk/vexv5\libv5rt.a(v5_apijump.c.obj)
                0x038043d8                vexDeviceVisionModeSet
 .text.vexDeviceVisionObjectCountGet
                0x03804404       0x24 C:\Program Files (x86)\VEX Robotics\VEXcode Pro V5\sdk/vexv5\libv5rt.a(v5_apijump.c.obj)
                0x03804404                vexDeviceVisionObjectCountGet
 .text.vexDeviceVisionObjectGet
                0x03804428       0x34 C:\Program Files (x86)\VEX Robotics\VEXcode Pro V5\sdk/vexv5\libv5rt.a(v5_apijump.c.obj)
                0x03804428                vexDeviceVisionObjectGet
 .text.vexDeviceVisionSignatureSet
                0x0380445c       0x2c C:\Program Files (x86)\VEX Robotics\VEXcode Pro V5\sdk/vexv5\libv5rt.a(v5_apijump.c.obj)
                0x0380445c                vexDeviceVisionSignatureSet
 .text.vexDeviceVisionBrightnessSet
                0x03804488       0x2c C:\Program Files (x86)\VEX Robotics\VEXcode Pro V5\sdk/vexv5\libv5rt.a(v5_apijump.c.obj)
                0x03804488                vexDeviceVisionBrightnessSet
 .text.vexDeviceVisionLedModeSet
                0x038044b4       0x2c C:\Program Files (x86)\VEX Robotics\VEXcode Pro V5\sdk/vexv5\libv5rt.a(v5_apijump.c.obj)
                0x038044b4                vexDeviceVisionLedModeSet
 .text.vexDeviceVisionLedColorSet
                0x038044e0       0x30 C:\Program Files (x86)\VEX Robotics\VEXcode Pro V5\sdk/vexv5\libv5rt.a(v5_apijump.c.obj)
                0x038044e0                vexDeviceVisionLedColorSet
 .text.vexDeviceImuReset
                0x03804510       0x24 C:\Program Files (x86)\VEX Robotics\VEXcode Pro V5\sdk/vexv5\libv5rt.a(v5_apijump.c.obj)
                0x03804510                vexDeviceImuReset
 .text.vexDeviceImuHeadingGet
                0x03804534       0x24 C:\Program Files (x86)\VEX Robotics\VEXcode Pro V5\sdk/vexv5\libv5rt.a(v5_apijump.c.obj)
                0x03804534                vexDeviceImuHeadingGet
 .text.vexDeviceImuDegreesGet
                0x03804558       0x24 C:\Program Files (x86)\VEX Robotics\VEXcode Pro V5\sdk/vexv5\libv5rt.a(v5_apijump.c.obj)
                0x03804558                vexDeviceImuDegreesGet
 .text.vexDeviceImuStatusGet
                0x0380457c       0x24 C:\Program Files (x86)\VEX Robotics\VEXcode Pro V5\sdk/vexv5\libv5rt.a(v5_apijump.c.obj)
                0x0380457c                vexDeviceImuStatusGet
 .text.vexDisplayForegroundColor
                0x038045a0       0x24 C:\Program Files (x86)\VEX Robotics\VEXcode Pro V5\sdk/vexv5\libv5rt.a(v5_apijump.c.obj)
                0x038045a0                vexDisplayForegroundColor
 .text.vexDisplayBackgroundColor
                0x038045c4       0x24 C:\Program Files (x86)\VEX Robotics\VEXcode Pro V5\sdk/vexv5\libv5rt.a(v5_apijump.c.obj)
                0x038045c4                vexDisplayBackgroundColor
 .text.vexDisplayBackgroundColorGet
                0x038045e8       0x1c C:\Program Files (x86)\VEX Robotics\VEXcode Pro V5\sdk/vexv5\libv5rt.a(v5_apijump.c.obj)
                0x038045e8                vexDisplayBackgroundColorGet
 .text.vexDisplayRectClear
                0x03804604       0x4c C:\Program Files (x86)\VEX Robotics\VEXcode Pro V5\sdk/vexv5\libv5rt.a(v5_apijump.c.obj)
                0x03804604                vexDisplayRectClear
 .text.vexDisplayVPrintf
                0x03804650       0x50 C:\Program Files (x86)\VEX Robotics\VEXcode Pro V5\sdk/vexv5\libv5rt.a(v5_apijump.c.obj)
                0x03804650                vexDisplayVPrintf
 .text.vexDisplayTextReference
                0x038046a0       0x24 C:\Program Files (x86)\VEX Robotics\VEXcode Pro V5\sdk/vexv5\libv5rt.a(v5_apijump.c.obj)
                0x038046a0                vexDisplayTextReference
 .text.vexDisplayTextSize
                0x038046c4       0x2c C:\Program Files (x86)\VEX Robotics\VEXcode Pro V5\sdk/vexv5\libv5rt.a(v5_apijump.c.obj)
                0x038046c4                vexDisplayTextSize
 .text.vexDisplayFontNamedSet
                0x038046f0       0x24 C:\Program Files (x86)\VEX Robotics\VEXcode Pro V5\sdk/vexv5\libv5rt.a(v5_apijump.c.obj)
                0x038046f0                vexDisplayFontNamedSet
 .text.vexSystemStdlibImpureDataAddr
                0x03804714       0x28 C:\Program Files (x86)\VEX Robotics\VEXcode Pro V5\sdk/vexv5\libv5rt.a(v5_apijump.c.obj)
                0x03804714                vexSystemStdlibImpureDataAddr
 .text.vexSystemStdlibImpureDataSize
                0x0380473c       0x28 C:\Program Files (x86)\VEX Robotics\VEXcode Pro V5\sdk/vexv5\libv5rt.a(v5_apijump.c.obj)
                0x0380473c                vexSystemStdlibImpureDataSize
 .text.vexSystemSaveUserData
                0x03804764       0x3c C:\Program Files (x86)\VEX Robotics\VEXcode Pro V5\sdk/vexv5\libv5rt.a(v5_apijump.c.obj)
                0x03804764                vexSystemSaveUserData
 .text.vexTouchDataGet
                0x038047a0       0x10 C:\Program Files (x86)\VEX Robotics\VEXcode Pro V5\sdk/vexv5\libv5rt.a(v5_apijump.c.obj)
                0x038047a0                vexTouchDataGet
 .text.vexDisplayThemeIdGet
                0x038047b0       0x38 C:\Program Files (x86)\VEX Robotics\VEXcode Pro V5\sdk/vexv5\libv5rt.a(v5_apijump.c.obj)
                0x038047b0                vexDisplayThemeIdGet
 .text.vexDeviceEventMaskSet
                0x038047e8       0x48 C:\Program Files (x86)\VEX Robotics\VEXcode Pro V5\sdk/vexv5\libv5rt.a(v5_apijump.c.obj)
                0x038047e8                vexDeviceEventMaskSet
 .text.vexDeviceEventMaskGet
                0x03804830       0x3c C:\Program Files (x86)\VEX Robotics\VEXcode Pro V5\sdk/vexv5\libv5rt.a(v5_apijump.c.obj)
                0x03804830                vexDeviceEventMaskGet
 .text.vexSystemVersion
                0x0380486c       0x10 C:\Program Files (x86)\VEX Robotics\VEXcode Pro V5\sdk/vexv5\libv5rt.a(v5_apiversions.c.obj)
                0x0380486c                vexSystemVersion
 .text.vexStdlibVersion
                0x0380487c       0x10 C:\Program Files (x86)\VEX Robotics\VEXcode Pro V5\sdk/vexv5\libv5rt.a(v5_apiversions.c.obj)
                0x0380487c                vexStdlibVersion
 *fill*         0x0380488c        0x4 
 .text._ZN3vex4waitEdNS_9timeUnitsE
                0x03804890       0x30 C:\Program Files (x86)\VEX Robotics\VEXcode Pro V5\sdk/vexv5\libv5rt.a(vex_global.cpp.obj)
                0x03804890                vex::wait(double, vex::timeUnits)
 .text._ZN3vex5motorD2Ev
                0x038048c0       0x20 C:\Program Files (x86)\VEX Robotics\VEXcode Pro V5\sdk/vexv5\libv5rt.a(vex_motor.cpp.obj)
                0x038048c0                vex::motor::~motor()
                0x038048c0                vex::motor::~motor()
 .text._ZN3vex5motorD0Ev
                0x038048e0       0x1c C:\Program Files (x86)\VEX Robotics\VEXcode Pro V5\sdk/vexv5\libv5rt.a(vex_motor.cpp.obj)
                0x038048e0                vex::motor::~motor()
 .text._ZN3vex5motor9installedEv
                0x038048fc       0x18 C:\Program Files (x86)\VEX Robotics\VEXcode Pro V5\sdk/vexv5\libv5rt.a(vex_motor.cpp.obj)
                0x038048fc                vex::motor::installed()
 .text._ZN3vex5motor15defaultStoppingENS_9brakeTypeE
                0x03804914       0x30 C:\Program Files (x86)\VEX Robotics\VEXcode Pro V5\sdk/vexv5\libv5rt.a(vex_motor.cpp.obj)
                0x03804914                vex::motor::defaultStopping(vex::brakeType)
 .text._ZN3vex5motorC2El
                0x03804944       0x78 C:\Program Files (x86)\VEX Robotics\VEXcode Pro V5\sdk/vexv5\libv5rt.a(vex_motor.cpp.obj)
                0x03804944                vex::motor::motor(long)
                0x03804944                vex::motor::motor(long)
 .text._ZN3vex5motorC2ElNS_11gearSettingEb
                0x038049bc       0x34 C:\Program Files (x86)\VEX Robotics\VEXcode Pro V5\sdk/vexv5\libv5rt.a(vex_motor.cpp.obj)
                0x038049bc                vex::motor::motor(long, vex::gearSetting, bool)
                0x038049bc                vex::motor::motor(long, vex::gearSetting, bool)
 .text._ZN3vex5motor4spinENS_13directionTypeEdNS_12voltageUnitsE
                0x038049f0       0x50 C:\Program Files (x86)\VEX Robotics\VEXcode Pro V5\sdk/vexv5\libv5rt.a(vex_motor.cpp.obj)
                0x038049f0                vex::motor::spin(vex::directionType, double, vex::voltageUnits)
 .text._ZN3vex5motor14isSpinningModeEv
                0x03804a40       0x48 C:\Program Files (x86)\VEX Robotics\VEXcode Pro V5\sdk/vexv5\libv5rt.a(vex_motor.cpp.obj)
                0x03804a40                vex::motor::isSpinningMode()
 .text._ZN3vex5motor4stopENS_9brakeTypeE
                0x03804a88       0x30 C:\Program Files (x86)\VEX Robotics\VEXcode Pro V5\sdk/vexv5\libv5rt.a(vex_motor.cpp.obj)
                0x03804a88                vex::motor::stop(vex::brakeType)
 .text._ZN3vex5motor4stopEv
                0x03804ab8        0x8 C:\Program Files (x86)\VEX Robotics\VEXcode Pro V5\sdk/vexv5\libv5rt.a(vex_motor.cpp.obj)
                0x03804ab8                vex::motor::stop()
 .text._ZN3vex5motor16velocityToScaledEdNS_13velocityUnitsE
                0x03804ac0       0x5c C:\Program Files (x86)\VEX Robotics\VEXcode Pro V5\sdk/vexv5\libv5rt.a(vex_motor.cpp.obj)
                0x03804ac0                vex::motor::velocityToScaled(double, vex::velocityUnits)
 .text._ZN3vex5motor8velocityENS_13velocityUnitsE
                0x03804b1c       0x30 C:\Program Files (x86)\VEX Robotics\VEXcode Pro V5\sdk/vexv5\libv5rt.a(vex_motor.cpp.obj)
                0x03804b1c                vex::motor::velocity(vex::velocityUnits)
 .text._ZN3vex5motor5valueEv
                0x03804b4c       0x1c C:\Program Files (x86)\VEX Robotics\VEXcode Pro V5\sdk/vexv5\libv5rt.a(vex_motor.cpp.obj)
                0x03804b4c                vex::motor::value()
 .text._ZN3vex5motor16scaledToVelocityEdNS_13velocityUnitsE
                0x03804b68       0xa4 C:\Program Files (x86)\VEX Robotics\VEXcode Pro V5\sdk/vexv5\libv5rt.a(vex_motor.cpp.obj)
                0x03804b68                vex::motor::scaledToVelocity(double, vex::velocityUnits)
 .text._ZN3vex5motor4spinENS_13directionTypeEdNS_13velocityUnitsE
                0x03804c0c       0x5c C:\Program Files (x86)\VEX Robotics\VEXcode Pro V5\sdk/vexv5\libv5rt.a(vex_motor.cpp.obj)
                0x03804c0c                vex::motor::spin(vex::directionType, double, vex::velocityUnits)
 .text._ZN3vex5motor11setVelocityEdNS_13velocityUnitsE
                0x03804c68       0x54 C:\Program Files (x86)\VEX Robotics\VEXcode Pro V5\sdk/vexv5\libv5rt.a(vex_motor.cpp.obj)
                0x03804c68                vex::motor::setVelocity(double, vex::velocityUnits)
 .text._ZN3vex5motor16setRotationUnitsENS_13rotationUnitsE
                0x03804cbc       0x1c C:\Program Files (x86)\VEX Robotics\VEXcode Pro V5\sdk/vexv5\libv5rt.a(vex_motor.cpp.obj)
                0x03804cbc                vex::motor::setRotationUnits(vex::rotationUnits)
 .text._ZN3vex5motor7spinForEdNS_13rotationUnitsEdNS_13velocityUnitsEb
                0x03804cd8       0xf4 C:\Program Files (x86)\VEX Robotics\VEXcode Pro V5\sdk/vexv5\libv5rt.a(vex_motor.cpp.obj)
                0x03804cd8                vex::motor::spinFor(double, vex::rotationUnits, double, vex::velocityUnits, bool)
 .text._ZN3vex5motor7spinForENS_13directionTypeEdNS_13rotationUnitsEb
                0x03804dcc       0x3c C:\Program Files (x86)\VEX Robotics\VEXcode Pro V5\sdk/vexv5\libv5rt.a(vex_motor.cpp.obj)
                0x03804dcc                vex::motor::spinFor(vex::directionType, double, vex::rotationUnits, bool)
 .text._ZN3vex5motor8positionENS_13rotationUnitsE
                0x03804e08       0x44 C:\Program Files (x86)\VEX Robotics\VEXcode Pro V5\sdk/vexv5\libv5rt.a(vex_motor.cpp.obj)
                0x03804e08                vex::motor::position(vex::rotationUnits)
 .text._ZN3vex6vision9installedEv
                0x03804e4c       0x18 C:\Program Files (x86)\VEX Robotics\VEXcode Pro V5\sdk/vexv5\libv5rt.a(vex_vision.cpp.obj)
                0x03804e4c                vex::vision::installed()
 .text._ZN3vex6visionD2Ev
                0x03804e64       0x38 C:\Program Files (x86)\VEX Robotics\VEXcode Pro V5\sdk/vexv5\libv5rt.a(vex_vision.cpp.obj)
                0x03804e64                vex::vision::~vision()
                0x03804e64                vex::vision::~vision()
 .text._ZN3vex6visionD0Ev
                0x03804e9c       0x1c C:\Program Files (x86)\VEX Robotics\VEXcode Pro V5\sdk/vexv5\libv5rt.a(vex_vision.cpp.obj)
                0x03804e9c                vex::vision::~vision()
 .text._ZN3vex6vision12setSignatureERNS0_9signatureE
                0x03804eb8       0x70 C:\Program Files (x86)\VEX Robotics\VEXcode Pro V5\sdk/vexv5\libv5rt.a(vex_vision.cpp.obj)
                0x03804eb8                vex::vision::setSignature(vex::vision::signature&)
 .text._ZN3vex6vision7setModeENS0_13detectionModeE
                0x03804f28       0x18 C:\Program Files (x86)\VEX Robotics\VEXcode Pro V5\sdk/vexv5\libv5rt.a(vex_vision.cpp.obj)
                0x03804f28                vex::vision::setMode(vex::vision::detectionMode)
 .text._ZN3vex6vision13setBrightnessEh
                0x03804f40       0x30 C:\Program Files (x86)\VEX Robotics\VEXcode Pro V5\sdk/vexv5\libv5rt.a(vex_vision.cpp.obj)
                0x03804f40                vex::vision::setBrightness(unsigned char)
 .text._ZN3vex6vision10setLedModeENS0_7ledModeE
                0x03804f70       0x18 C:\Program Files (x86)\VEX Robotics\VEXcode Pro V5\sdk/vexv5\libv5rt.a(vex_vision.cpp.obj)
                0x03804f70                vex::vision::setLedMode(vex::vision::ledMode)
 .text._ZN3vex6vision11setLedColorEhhh
                0x03804f88       0x30 C:\Program Files (x86)\VEX Robotics\VEXcode Pro V5\sdk/vexv5\libv5rt.a(vex_vision.cpp.obj)
                0x03804f88                vex::vision::setLedColor(unsigned char, unsigned char, unsigned char)
 .text._ZN3vex6vision9signatureD2Ev
                0x03804fb8        0x4 C:\Program Files (x86)\VEX Robotics\VEXcode Pro V5\sdk/vexv5\libv5rt.a(vex_vision.cpp.obj)
                0x03804fb8                vex::vision::signature::~signature()
                0x03804fb8                vex::vision::signature::~signature()
 .text._ZN3vex6vision9signature5clearEv
                0x03804fbc       0x38 C:\Program Files (x86)\VEX Robotics\VEXcode Pro V5\sdk/vexv5\libv5rt.a(vex_vision.cpp.obj)
                0x03804fbc                vex::vision::signature::clear()
 .text._ZN3vex6vision9signatureC2Ev
                0x03804ff4       0x60 C:\Program Files (x86)\VEX Robotics\VEXcode Pro V5\sdk/vexv5\libv5rt.a(vex_vision.cpp.obj)
                0x03804ff4                vex::vision::signature::signature()
                0x03804ff4                vex::vision::signature::signature()
 .text._ZN3vex6vision9signatureC2Elllllllfl
                0x03805054       0x5c C:\Program Files (x86)\VEX Robotics\VEXcode Pro V5\sdk/vexv5\libv5rt.a(vex_vision.cpp.obj)
                0x03805054                vex::vision::signature::signature(long, long, long, long, long, long, long, float, long)
                0x03805054                vex::vision::signature::signature(long, long, long, long, long, long, long, float, long)
 .text._ZN3vex6vision6object3setE22_V5_DeviceVisionObject
                0x038050b0       0x78 C:\Program Files (x86)\VEX Robotics\VEXcode Pro V5\sdk/vexv5\libv5rt.a(vex_vision.cpp.obj)
                0x038050b0                vex::vision::object::set(_V5_DeviceVisionObject)
 .text._ZN3vex6vision6object5clearEv
                0x03805128       0x38 C:\Program Files (x86)\VEX Robotics\VEXcode Pro V5\sdk/vexv5\libv5rt.a(vex_vision.cpp.obj)
                0x03805128                vex::vision::object::clear()
 .text._ZN3vex6vision6objectC2Ev
                0x03805160       0x58 C:\Program Files (x86)\VEX Robotics\VEXcode Pro V5\sdk/vexv5\libv5rt.a(vex_vision.cpp.obj)
                0x03805160                vex::vision::object::object()
                0x03805160                vex::vision::object::object()
 .text._ZN3vex6vision13_clearObjectsEv
                0x038051b8       0x40 C:\Program Files (x86)\VEX Robotics\VEXcode Pro V5\sdk/vexv5\libv5rt.a(vex_vision.cpp.obj)
                0x038051b8                vex::vision::_clearObjects()
 .text._ZN3vex6vision6objectaSERKS1_
                0x038051f8       0x74 C:\Program Files (x86)\VEX Robotics\VEXcode Pro V5\sdk/vexv5\libv5rt.a(vex_vision.cpp.obj)
                0x038051f8                vex::vision::object::operator=(vex::vision::object const&)
 .text._ZN3vex6vision12takeSnapshotEmm
                0x0380526c       0xf4 C:\Program Files (x86)\VEX Robotics\VEXcode Pro V5\sdk/vexv5\libv5rt.a(vex_vision.cpp.obj)
                0x0380526c                vex::vision::takeSnapshot(unsigned long, unsigned long)
 .text._ZN3vex6vision12takeSnapshotEm
                0x03805360        0x8 C:\Program Files (x86)\VEX Robotics\VEXcode Pro V5\sdk/vexv5\libv5rt.a(vex_vision.cpp.obj)
                0x03805360                vex::vision::takeSnapshot(unsigned long)
 .text._ZN3vex6vision5valueEv
                0x03805368        0x8 C:\Program Files (x86)\VEX Robotics\VEXcode Pro V5\sdk/vexv5\libv5rt.a(vex_vision.cpp.obj)
                0x03805368                vex::vision::value()
 .text._ZN3vex6vision12takeSnapshotERNS0_9signatureE
                0x03805370       0x10 C:\Program Files (x86)\VEX Robotics\VEXcode Pro V5\sdk/vexv5\libv5rt.a(vex_vision.cpp.obj)
                0x03805370                vex::vision::takeSnapshot(vex::vision::signature&)
 .text._ZN3vex6vision6objectaSEl
                0x03805380       0x38 C:\Program Files (x86)\VEX Robotics\VEXcode Pro V5\sdk/vexv5\libv5rt.a(vex_vision.cpp.obj)
                0x03805380                vex::vision::object::operator=(long)
 .text._ZN3vex6visionC2El
                0x038053b8       0xa4 C:\Program Files (x86)\VEX Robotics\VEXcode Pro V5\sdk/vexv5\libv5rt.a(vex_vision.cpp.obj)
                0x038053b8                vex::vision::vision(long)
                0x038053b8                vex::vision::vision(long)
 .text._ZN3vex8inertial11getTurnTypeEv
                0x0380545c        0x8 C:\Program Files (x86)\VEX Robotics\VEXcode Pro V5\sdk/vexv5\libv5rt.a(vex_imu.cpp.obj)
                0x0380545c                vex::inertial::getTurnType()
 .text._ZThn16_N3vex8inertial11getTurnTypeEv
                0x03805464        0x8 C:\Program Files (x86)\VEX Robotics\VEXcode Pro V5\sdk/vexv5\libv5rt.a(vex_imu.cpp.obj)
                0x03805464                non-virtual thunk to vex::inertial::getTurnType()
 *fill*         0x0380546c        0x4 
 .text._ZN3vex8inertial10setHeadingEdNS_13rotationUnitsE
                0x03805470       0x58 C:\Program Files (x86)\VEX Robotics\VEXcode Pro V5\sdk/vexv5\libv5rt.a(vex_imu.cpp.obj)
                0x03805470                vex::inertial::setHeading(double, vex::rotationUnits)
 .text._ZThn16_N3vex8inertial10setHeadingEdNS_13rotationUnitsE
                0x038054c8        0x8 C:\Program Files (x86)\VEX Robotics\VEXcode Pro V5\sdk/vexv5\libv5rt.a(vex_imu.cpp.obj)
                0x038054c8                non-virtual thunk to vex::inertial::setHeading(double, vex::rotationUnits)
 .text._ZN3vex8inertial11setRotationEdNS_13rotationUnitsE
                0x038054d0       0x58 C:\Program Files (x86)\VEX Robotics\VEXcode Pro V5\sdk/vexv5\libv5rt.a(vex_imu.cpp.obj)
                0x038054d0                vex::inertial::setRotation(double, vex::rotationUnits)
 .text._ZThn16_N3vex8inertial11setRotationEdNS_13rotationUnitsE
                0x03805528        0x8 C:\Program Files (x86)\VEX Robotics\VEXcode Pro V5\sdk/vexv5\libv5rt.a(vex_imu.cpp.obj)
                0x03805528                non-virtual thunk to vex::inertial::setRotation(double, vex::rotationUnits)
 .text._ZN3vex8inertialD2Ev
                0x03805530       0x20 C:\Program Files (x86)\VEX Robotics\VEXcode Pro V5\sdk/vexv5\libv5rt.a(vex_imu.cpp.obj)
                0x03805530                vex::inertial::~inertial()
                0x03805530                vex::inertial::~inertial()
 .text._ZThn16_N3vex8inertialD1Ev
                0x03805550        0x8 C:\Program Files (x86)\VEX Robotics\VEXcode Pro V5\sdk/vexv5\libv5rt.a(vex_imu.cpp.obj)
                0x03805550                non-virtual thunk to vex::inertial::~inertial()
 .text._ZN3vex8inertialD0Ev
                0x03805558       0x1c C:\Program Files (x86)\VEX Robotics\VEXcode Pro V5\sdk/vexv5\libv5rt.a(vex_imu.cpp.obj)
                0x03805558                vex::inertial::~inertial()
 .text._ZThn16_N3vex8inertialD0Ev
                0x03805574        0x8 C:\Program Files (x86)\VEX Robotics\VEXcode Pro V5\sdk/vexv5\libv5rt.a(vex_imu.cpp.obj)
                0x03805574                non-virtual thunk to vex::inertial::~inertial()
 .text._ZN3vex8inertial9installedEv
                0x0380557c       0x18 C:\Program Files (x86)\VEX Robotics\VEXcode Pro V5\sdk/vexv5\libv5rt.a(vex_imu.cpp.obj)
                0x0380557c                vex::inertial::installed()
 .text._ZN3vex8inertial5angleENS_13rotationUnitsE
                0x03805594       0x6c C:\Program Files (x86)\VEX Robotics\VEXcode Pro V5\sdk/vexv5\libv5rt.a(vex_imu.cpp.obj)
                0x03805594                vex::inertial::angle(vex::rotationUnits)
 .text._ZThn16_N3vex8inertial5angleENS_13rotationUnitsE
                0x03805600        0x8 C:\Program Files (x86)\VEX Robotics\VEXcode Pro V5\sdk/vexv5\libv5rt.a(vex_imu.cpp.obj)
                0x03805600                non-virtual thunk to vex::inertial::angle(vex::rotationUnits)
 .text._ZN3vex8inertial7headingENS_13rotationUnitsE
                0x03805608        0x4 C:\Program Files (x86)\VEX Robotics\VEXcode Pro V5\sdk/vexv5\libv5rt.a(vex_imu.cpp.obj)
                0x03805608                vex::inertial::heading(vex::rotationUnits)
 .text._ZThn16_N3vex8inertial7headingENS_13rotationUnitsE
                0x0380560c        0x8 C:\Program Files (x86)\VEX Robotics\VEXcode Pro V5\sdk/vexv5\libv5rt.a(vex_imu.cpp.obj)
                0x0380560c                non-virtual thunk to vex::inertial::heading(vex::rotationUnits)
 .text._ZN3vex8inertial5valueEv
                0x03805614       0x1c C:\Program Files (x86)\VEX Robotics\VEXcode Pro V5\sdk/vexv5\libv5rt.a(vex_imu.cpp.obj)
                0x03805614                vex::inertial::value()
 .text._ZN3vex8inertial8rotationENS_13rotationUnitsE
                0x03805630       0x48 C:\Program Files (x86)\VEX Robotics\VEXcode Pro V5\sdk/vexv5\libv5rt.a(vex_imu.cpp.obj)
                0x03805630                vex::inertial::rotation(vex::rotationUnits)
 .text._ZThn16_N3vex8inertial8rotationENS_13rotationUnitsE
                0x03805678        0x8 C:\Program Files (x86)\VEX Robotics\VEXcode Pro V5\sdk/vexv5\libv5rt.a(vex_imu.cpp.obj)
                0x03805678                non-virtual thunk to vex::inertial::rotation(vex::rotationUnits)
 .text._ZN3vex8inertial13isCalibratingEv
                0x03805680       0x38 C:\Program Files (x86)\VEX Robotics\VEXcode Pro V5\sdk/vexv5\libv5rt.a(vex_imu.cpp.obj)
                0x03805680                vex::inertial::isCalibrating()
 .text._ZThn16_N3vex8inertial13isCalibratingEv
                0x038056b8        0x8 C:\Program Files (x86)\VEX Robotics\VEXcode Pro V5\sdk/vexv5\libv5rt.a(vex_imu.cpp.obj)
                0x038056b8                non-virtual thunk to vex::inertial::isCalibrating()
 .text._ZN3vex8inertialC2ElNS_8turnTypeE
                0x038056c0       0x4c C:\Program Files (x86)\VEX Robotics\VEXcode Pro V5\sdk/vexv5\libv5rt.a(vex_imu.cpp.obj)
                0x038056c0                vex::inertial::inertial(long, vex::turnType)
                0x038056c0                vex::inertial::inertial(long, vex::turnType)
 .text._ZN3vex8inertial16startCalibrationEl
                0x0380570c       0x20 C:\Program Files (x86)\VEX Robotics\VEXcode Pro V5\sdk/vexv5\libv5rt.a(vex_imu.cpp.obj)
                0x0380570c                vex::inertial::startCalibration(long)
 .text._ZN3vex8inertial9calibrateEl
                0x0380572c        0xc C:\Program Files (x86)\VEX Robotics\VEXcode Pro V5\sdk/vexv5\libv5rt.a(vex_imu.cpp.obj)
                0x0380572c                vex::inertial::calibrate(long)
                0x03805730                non-virtual thunk to vex::inertial::calibrate(long)
 .text._ZN3vex10controllerD2Ev
                0x03805738        0x4 C:\Program Files (x86)\VEX Robotics\VEXcode Pro V5\sdk/vexv5\libv5rt.a(vex_controller.cpp.obj)
                0x03805738                vex::controller::~controller()
                0x03805738                vex::controller::~controller()
 .text._ZN3vex10controller5valueE19_V5_ControllerIndex
                0x0380573c        0x8 C:\Program Files (x86)\VEX Robotics\VEXcode Pro V5\sdk/vexv5\libv5rt.a(vex_controller.cpp.obj)
                0x0380573c                vex::controller::value(_V5_ControllerIndex)
 .text._ZNK3vex10controller6button8pressingEv
                0x03805744       0xc8 C:\Program Files (x86)\VEX Robotics\VEXcode Pro V5\sdk/vexv5\libv5rt.a(vex_controller.cpp.obj)
                0x03805744                vex::controller::button::pressing() const
 .text._ZNK3vex10controller6button21_buttonToPressedEventEv
                0x0380580c       0x20 C:\Program Files (x86)\VEX Robotics\VEXcode Pro V5\sdk/vexv5\libv5rt.a(vex_controller.cpp.obj)
                0x0380580c                vex::controller::button::_buttonToPressedEvent() const
 .text._ZNK3vex10controller6button22_buttonToReleasedEventEv
                0x0380582c       0x20 C:\Program Files (x86)\VEX Robotics\VEXcode Pro V5\sdk/vexv5\libv5rt.a(vex_controller.cpp.obj)
                0x0380582c                vex::controller::button::_buttonToReleasedEvent() const
 .text._ZN3vex10controller6buttonC2ENS0_11tButtonTypeEPS0_
                0x0380584c       0x48 C:\Program Files (x86)\VEX Robotics\VEXcode Pro V5\sdk/vexv5\libv5rt.a(vex_controller.cpp.obj)
                0x0380584c                vex::controller::button::button(vex::controller::tButtonType, vex::controller*)
                0x0380584c                vex::controller::button::button(vex::controller::tButtonType, vex::controller*)
 .text._ZNK3vex10controller4axis5valueEv
                0x03805894       0x58 C:\Program Files (x86)\VEX Robotics\VEXcode Pro V5\sdk/vexv5\libv5rt.a(vex_controller.cpp.obj)
                0x03805894                vex::controller::axis::value() const
 .text._ZNK3vex10controller4axis23_joystickToChangedEventEv
                0x038058ec       0x20 C:\Program Files (x86)\VEX Robotics\VEXcode Pro V5\sdk/vexv5\libv5rt.a(vex_controller.cpp.obj)
                0x038058ec                vex::controller::axis::_joystickToChangedEvent() const
 .text._ZN3vex10controller4axisC2ENS0_9tAxisTypeEPS0_
                0x0380590c       0x2c C:\Program Files (x86)\VEX Robotics\VEXcode Pro V5\sdk/vexv5\libv5rt.a(vex_controller.cpp.obj)
                0x0380590c                vex::controller::axis::axis(vex::controller::tAxisType, vex::controller*)
                0x0380590c                vex::controller::axis::axis(vex::controller::tAxisType, vex::controller*)
 .text._ZN3vex10controllerC2ENS_14controllerTypeE
                0x03805938      0x16c C:\Program Files (x86)\VEX Robotics\VEXcode Pro V5\sdk/vexv5\libv5rt.a(vex_controller.cpp.obj)
                0x03805938                vex::controller::controller(vex::controllerType)
                0x03805938                vex::controller::controller(vex::controllerType)
 .text._ZN3vex10controller3lcd15getControllerIdEv
                0x03805aa4       0x10 C:\Program Files (x86)\VEX Robotics\VEXcode Pro V5\sdk/vexv5\libv5rt.a(vex_controller.cpp.obj)
                0x03805aa4                vex::controller::lcd::getControllerId()
 .text._ZN3vex10controller3lcd5printEPKcz
                0x03805ab4       0x80 C:\Program Files (x86)\VEX Robotics\VEXcode Pro V5\sdk/vexv5\libv5rt.a(vex_controller.cpp.obj)
                0x03805ab4                vex::controller::lcd::print(char const*, ...)
 .text._ZN3vex10controller3lcd9clearLineEi
                0x03805b34       0x80 C:\Program Files (x86)\VEX Robotics\VEXcode Pro V5\sdk/vexv5\libv5rt.a(vex_controller.cpp.obj)
                0x03805b34                vex::controller::lcd::clearLine(int)
 .text._ZN3vex10controller3lcd9clearLineEv
                0x03805bb4        0x8 C:\Program Files (x86)\VEX Robotics\VEXcode Pro V5\sdk/vexv5\libv5rt.a(vex_controller.cpp.obj)
                0x03805bb4                vex::controller::lcd::clearLine()
 .text._ZN3vex10controller3lcd7newLineEv
                0x03805bbc       0x20 C:\Program Files (x86)\VEX Robotics\VEXcode Pro V5\sdk/vexv5\libv5rt.a(vex_controller.cpp.obj)
                0x03805bbc                vex::controller::lcd::newLine()
 .text._ZN3vex4taskC2Ev
                0x03805bdc       0x28 C:\Program Files (x86)\VEX Robotics\VEXcode Pro V5\sdk/vexv5\libv5rt.a(vex_task.cpp.obj)
                0x03805bdc                vex::task::task()
                0x03805bdc                vex::task::task()
 .text._ZN3vex4taskC2EPFivE
                0x03805c04       0x5c C:\Program Files (x86)\VEX Robotics\VEXcode Pro V5\sdk/vexv5\libv5rt.a(vex_task.cpp.obj)
                0x03805c04                vex::task::task(int (*)())
                0x03805c04                vex::task::task(int (*)())
 .text._ZN3vex4taskD2Ev
                0x03805c60        0x4 C:\Program Files (x86)\VEX Robotics\VEXcode Pro V5\sdk/vexv5\libv5rt.a(vex_task.cpp.obj)
                0x03805c60                vex::task::~task()
                0x03805c60                vex::task::~task()
 .text._ZN3vex4task4stopEPvi
                0x03805c64       0x1c C:\Program Files (x86)\VEX Robotics\VEXcode Pro V5\sdk/vexv5\libv5rt.a(vex_task.cpp.obj)
                0x03805c64                vex::task::stop(void*, int)
 .text._ZN3vex4task5sleepEm
                0x03805c80        0x4 C:\Program Files (x86)\VEX Robotics\VEXcode Pro V5\sdk/vexv5\libv5rt.a(vex_task.cpp.obj)
                0x03805c80                vex::task::sleep(unsigned long)
 .text._ZN3vex4task6_indexEPFivE
                0x03805c84       0x14 C:\Program Files (x86)\VEX Robotics\VEXcode Pro V5\sdk/vexv5\libv5rt.a(vex_task.cpp.obj)
                0x03805c84                vex::task::_index(int (*)())
 .text._ZN3vex4task8_stopAllEv
                0x03805c98       0x3c C:\Program Files (x86)\VEX Robotics\VEXcode Pro V5\sdk/vexv5\libv5rt.a(vex_task.cpp.obj)
                0x03805c98                vex::task::_stopAll()
 .text._ZN3vex11this_thread9sleep_forEm
                0x03805cd4        0x4 C:\Program Files (x86)\VEX Robotics\VEXcode Pro V5\sdk/vexv5\libv5rt.a(vex_thread.cpp.obj)
                0x03805cd4                vex::this_thread::sleep_for(unsigned long)
 .text._ZN3vex5event4initEmmPFvvE
                0x03805cd8        0x4 C:\Program Files (x86)\VEX Robotics\VEXcode Pro V5\sdk/vexv5\libv5rt.a(vex_event.cpp.obj)
                0x03805cd8                vex::event::init(unsigned long, unsigned long, void (*)())
 .text._ZN3vex5event4initEmmPFvPvES1_
                0x03805cdc        0x4 C:\Program Files (x86)\VEX Robotics\VEXcode Pro V5\sdk/vexv5\libv5rt.a(vex_event.cpp.obj)
                0x03805cdc                vex::event::init(unsigned long, unsigned long, void (*)(void*), void*)
 .text._ZN3vex5event9userindexEv
                0x03805ce0        0x4 C:\Program Files (x86)\VEX Robotics\VEXcode Pro V5\sdk/vexv5\libv5rt.a(vex_event.cpp.obj)
                0x03805ce0                vex::event::userindex()
 .text._ZZN3vex6meventC4EmmENUlvE_4_FUNEv
                0x03805ce4        0x4 C:\Program Files (x86)\VEX Robotics\VEXcode Pro V5\sdk/vexv5\libv5rt.a(vex_mevent.cpp.obj)
 .text._ZN3vex6meventC2Emm
                0x03805ce8       0x70 C:\Program Files (x86)\VEX Robotics\VEXcode Pro V5\sdk/vexv5\libv5rt.a(vex_mevent.cpp.obj)
                0x03805ce8                vex::mevent::mevent(unsigned long, unsigned long)
                0x03805ce8                vex::mevent::mevent(unsigned long, unsigned long)
 .text._ZN3vex5brain9_getIndexEv
                0x03805d58       0x10 C:\Program Files (x86)\VEX Robotics\VEXcode Pro V5\sdk/vexv5\libv5rt.a(vex_brain.cpp.obj)
                0x03805d58                vex::brain::_getIndex()
 .text._ZN3vex5brain3lcd9setCursorEll
                0x03805d68       0x44 C:\Program Files (x86)\VEX Robotics\VEXcode Pro V5\sdk/vexv5\libv5rt.a(vex_brain.cpp.obj)
                0x03805d68                vex::brain::lcd::setCursor(long, long)
 .text._ZN3vex5brain3lcd7setFontENS_8fontTypeE
                0x03805dac      0x23c C:\Program Files (x86)\VEX Robotics\VEXcode Pro V5\sdk/vexv5\libv5rt.a(vex_brain.cpp.obj)
                0x03805dac                vex::brain::lcd::setFont(vex::fontType)
 .text._ZN3vex5brain3lcdC2Ev
                0x03805fe8       0x94 C:\Program Files (x86)\VEX Robotics\VEXcode Pro V5\sdk/vexv5\libv5rt.a(vex_brain.cpp.obj)
                0x03805fe8                vex::brain::lcd::lcd()
                0x03805fe8                vex::brain::lcd::lcd()
 .text._ZN3vex5brainC2Ev
                0x0380607c       0x3c C:\Program Files (x86)\VEX Robotics\VEXcode Pro V5\sdk/vexv5\libv5rt.a(vex_brain.cpp.obj)
                0x0380607c                vex::brain::brain()
                0x0380607c                vex::brain::brain()
 .text._ZN3vex5brain3lcd7printAtEllPKcz
                0x038060b8       0x54 C:\Program Files (x86)\VEX Robotics\VEXcode Pro V5\sdk/vexv5\libv5rt.a(vex_brain.cpp.obj)
                0x038060b8                vex::brain::lcd::printAt(long, long, char const*, ...)
 .text._ZN3vex5brain3lcd12_clearScreenEm
                0x0380610c       0x38 C:\Program Files (x86)\VEX Robotics\VEXcode Pro V5\sdk/vexv5\libv5rt.a(vex_brain.cpp.obj)
                0x0380610c                vex::brain::lcd::_clearScreen(unsigned long)
 .text._ZN3vex5brain3lcd11clearScreenERKNS_5colorE
                0x03806144       0x20 C:\Program Files (x86)\VEX Robotics\VEXcode Pro V5\sdk/vexv5\libv5rt.a(vex_brain.cpp.obj)
                0x03806144                vex::brain::lcd::clearScreen(vex::color const&)
 .text._ZN3vex5brain3lcd11clearScreenEv
                0x03806164       0x2c C:\Program Files (x86)\VEX Robotics\VEXcode Pro V5\sdk/vexv5\libv5rt.a(vex_brain.cpp.obj)
                0x03806164                vex::brain::lcd::clearScreen()
 .text._ZN3vex5brain3lcd8pressingEv
                0x03806190       0x20 C:\Program Files (x86)\VEX Robotics\VEXcode Pro V5\sdk/vexv5\libv5rt.a(vex_brain.cpp.obj)
                0x03806190                vex::brain::lcd::pressing()
 .text._ZN3vex5brainD2Ev
                0x038061b0       0x20 C:\Program Files (x86)\VEX Robotics\VEXcode Pro V5\sdk/vexv5\libv5rt.a(vex_brain.cpp.obj)
                0x038061b0                vex::brain::~brain()
                0x038061b0                vex::brain::~brain()
 .text._ZN3vex11competition8_disableEPv
                0x038061d0       0xa4 C:\Program Files (x86)\VEX Robotics\VEXcode Pro V5\sdk/vexv5\libv5rt.a(vex_competition.cpp.obj)
                0x038061d0                vex::competition::_disable(void*)
 .text._ZN3vex11competition11_autonomousEv
                0x03806274       0x80 C:\Program Files (x86)\VEX Robotics\VEXcode Pro V5\sdk/vexv5\libv5rt.a(vex_competition.cpp.obj)
                0x03806274                vex::competition::_autonomous()
 .text._ZN3vex11competition14_drivercontrolEv
                0x038062f4       0x80 C:\Program Files (x86)\VEX Robotics\VEXcode Pro V5\sdk/vexv5\libv5rt.a(vex_competition.cpp.obj)
                0x038062f4                vex::competition::_drivercontrol()
 .text._ZN3vex11competitionC2Ev
                0x03806374      0x13c C:\Program Files (x86)\VEX Robotics\VEXcode Pro V5\sdk/vexv5\libv5rt.a(vex_competition.cpp.obj)
                0x03806374                vex::competition::competition()
                0x03806374                vex::competition::competition()
 .text._ZN3vex11competitionD2Ev
                0x038064b0        0x4 C:\Program Files (x86)\VEX Robotics\VEXcode Pro V5\sdk/vexv5\libv5rt.a(vex_competition.cpp.obj)
                0x038064b0                vex::competition::~competition()
                0x038064b0                vex::competition::~competition()
 .text._ZN3vex11competition10autonomousEPFvvE
                0x038064b4       0x44 C:\Program Files (x86)\VEX Robotics\VEXcode Pro V5\sdk/vexv5\libv5rt.a(vex_competition.cpp.obj)
                0x038064b4                vex::competition::autonomous(void (*)())
 .text._ZN3vex11competition13drivercontrolEPFvvE
                0x038064f8       0x44 C:\Program Files (x86)\VEX Robotics\VEXcode Pro V5\sdk/vexv5\libv5rt.a(vex_competition.cpp.obj)
                0x038064f8                vex::competition::drivercontrol(void (*)())
 .text._ZN3vex7triportD2Ev
                0x0380653c       0x38 C:\Program Files (x86)\VEX Robotics\VEXcode Pro V5\sdk/vexv5\libv5rt.a(vex_triport.cpp.obj)
                0x0380653c                vex::triport::~triport()
                0x0380653c                vex::triport::~triport()
 .text._ZN3vex7triportD0Ev
                0x03806574       0x1c C:\Program Files (x86)\VEX Robotics\VEXcode Pro V5\sdk/vexv5\libv5rt.a(vex_triport.cpp.obj)
                0x03806574                vex::triport::~triport()
 .text._ZN3vex7triport9installedEv
                0x03806590       0x18 C:\Program Files (x86)\VEX Robotics\VEXcode Pro V5\sdk/vexv5\libv5rt.a(vex_triport.cpp.obj)
                0x03806590                vex::triport::installed()
 .text._ZN3vex7triport4portC2ElPS0_
                0x038065a8       0x74 C:\Program Files (x86)\VEX Robotics\VEXcode Pro V5\sdk/vexv5\libv5rt.a(vex_triport.cpp.obj)
                0x038065a8                vex::triport::port::port(long, vex::triport*)
                0x038065a8                vex::triport::port::port(long, vex::triport*)
 .text._ZN3vex7triportC2El
                0x0380661c       0xf0 C:\Program Files (x86)\VEX Robotics\VEXcode Pro V5\sdk/vexv5\libv5rt.a(vex_triport.cpp.obj)
                0x0380661c                vex::triport::triport(long)
                0x0380661c                vex::triport::triport(long)
 .text._ZN3vex7triport4port4typeENS_11triportTypeE
                0x0380670c       0x30 C:\Program Files (x86)\VEX Robotics\VEXcode Pro V5\sdk/vexv5\libv5rt.a(vex_triport.cpp.obj)
                0x0380670c                vex::triport::port::type(vex::triportType)
 .text._ZN3vex7triport4port4typeEv
                0x0380673c       0x38 C:\Program Files (x86)\VEX Robotics\VEXcode Pro V5\sdk/vexv5\libv5rt.a(vex_triport.cpp.obj)
                0x0380673c                vex::triport::port::type()
 .text._ZN3vex7triport4port5valueEl
                0x03806774       0x18 C:\Program Files (x86)\VEX Robotics\VEXcode Pro V5\sdk/vexv5\libv5rt.a(vex_triport.cpp.obj)
                0x03806774                vex::triport::port::value(long)
 .text._ZN3vex11__trideviceC2ERNS_7triport4portENS_11triportTypeE
                0x0380678c       0x5c C:\Program Files (x86)\VEX Robotics\VEXcode Pro V5\sdk/vexv5\libv5rt.a(vex_triport.cpp.obj)
                0x0380678c                vex::__tridevice::__tridevice(vex::triport::port&, vex::triportType)
                0x0380678c                vex::__tridevice::__tridevice(vex::triport::port&, vex::triportType)
 .text._ZN3vex11digital_outC2ERNS_7triport4portE
                0x038067e8       0x18 C:\Program Files (x86)\VEX Robotics\VEXcode Pro V5\sdk/vexv5\libv5rt.a(vex_triport.cpp.obj)
                0x038067e8                vex::digital_out::digital_out(vex::triport::port&)
                0x038067e8                vex::digital_out::digital_out(vex::triport::port&)
 .text._ZN3vex11digital_outD2Ev
                0x03806800        0x4 C:\Program Files (x86)\VEX Robotics\VEXcode Pro V5\sdk/vexv5\libv5rt.a(vex_triport.cpp.obj)
                0x03806800                vex::digital_out::~digital_out()
                0x03806800                vex::digital_out::~digital_out()
 .text._ZN3vex11digital_out3setEb
                0x03806804        0x8 C:\Program Files (x86)\VEX Robotics\VEXcode Pro V5\sdk/vexv5\libv5rt.a(vex_triport.cpp.obj)
                0x03806804                vex::digital_out::set(bool)
 .text._ZN3vex5colorD2Ev
                0x0380680c        0x4 C:\Program Files (x86)\VEX Robotics\VEXcode Pro V5\sdk/vexv5\libv5rt.a(vex_color.cpp.obj)
                0x0380680c                vex::color::~color()
                0x0380680c                vex::color::~color()
 .text._ZNK3vex5colorcvmEv
                0x03806810        0x8 C:\Program Files (x86)\VEX Robotics\VEXcode Pro V5\sdk/vexv5\libv5rt.a(vex_color.cpp.obj)
                0x03806810                vex::color::operator unsigned long() const
 .text.startup._GLOBAL__sub_I__ZN3vex5color5blackE
                0x03806818      0x164 C:\Program Files (x86)\VEX Robotics\VEXcode Pro V5\sdk/vexv5\libv5rt.a(vex_color.cpp.obj)
 .text._ZN3vex5timerD2Ev
                0x0380697c        0x4 C:\Program Files (x86)\VEX Robotics\VEXcode Pro V5\sdk/vexv5\libv5rt.a(vex_timer.cpp.obj)
                0x0380697c                vex::timer::~timer()
                0x0380697c                vex::timer::~timer()
 .text._ZN3vex5timer5clearEv
                0x03806980       0x1c C:\Program Files (x86)\VEX Robotics\VEXcode Pro V5\sdk/vexv5\libv5rt.a(vex_timer.cpp.obj)
                0x03806980                vex::timer::clear()
 .text._ZN3vex5timerC2Ev
                0x0380699c       0x14 C:\Program Files (x86)\VEX Robotics\VEXcode Pro V5\sdk/vexv5\libv5rt.a(vex_timer.cpp.obj)
                0x0380699c                vex::timer::timer()
                0x0380699c                vex::timer::timer()
 .text._ZN3vex11motor_group18motor_group_motorsC2Ev
                0x038069b0       0x28 C:\Program Files (x86)\VEX Robotics\VEXcode Pro V5\sdk/vexv5\libv5rt.a(vex_motorgroup.cpp.obj)
                0x038069b0                vex::motor_group::motor_group_motors::motor_group_motors()
                0x038069b0                vex::motor_group::motor_group_motors::motor_group_motors()
 .text._ZN3vex11motor_group18motor_group_motorsC2ERKS1_
                0x038069d8       0x20 C:\Program Files (x86)\VEX Robotics\VEXcode Pro V5\sdk/vexv5\libv5rt.a(vex_motorgroup.cpp.obj)
                0x038069d8                vex::motor_group::motor_group_motors::motor_group_motors(vex::motor_group::motor_group_motors const&)
                0x038069d8                vex::motor_group::motor_group_motors::motor_group_motors(vex::motor_group::motor_group_motors const&)
 .text._ZN3vex11motor_groupC2Ev
                0x038069f8       0x1c C:\Program Files (x86)\VEX Robotics\VEXcode Pro V5\sdk/vexv5\libv5rt.a(vex_motorgroup.cpp.obj)
                0x038069f8                vex::motor_group::motor_group()
                0x038069f8                vex::motor_group::motor_group()
 .text._ZN3vex11motor_groupD2Ev
                0x03806a14        0x4 C:\Program Files (x86)\VEX Robotics\VEXcode Pro V5\sdk/vexv5\libv5rt.a(vex_motorgroup.cpp.obj)
                0x03806a14                vex::motor_group::~motor_group()
                0x03806a14                vex::motor_group::~motor_group()
 .text._ZN3vex11motor_group9_addMotorERNS_5motorE
                0x03806a18       0x20 C:\Program Files (x86)\VEX Robotics\VEXcode Pro V5\sdk/vexv5\libv5rt.a(vex_motorgroup.cpp.obj)
                0x03806a18                vex::motor_group::_addMotor(vex::motor&)
 .text._ZN3vex11motor_group4spinENS_13directionTypeEdNS_13velocityUnitsE
                0x03806a38       0x54 C:\Program Files (x86)\VEX Robotics\VEXcode Pro V5\sdk/vexv5\libv5rt.a(vex_motorgroup.cpp.obj)
                0x03806a38                vex::motor_group::spin(vex::directionType, double, vex::velocityUnits)
 .text._ZN3vex11motor_group4spinENS_13directionTypeEdNS_12voltageUnitsE
                0x03806a8c       0x54 C:\Program Files (x86)\VEX Robotics\VEXcode Pro V5\sdk/vexv5\libv5rt.a(vex_motorgroup.cpp.obj)
                0x03806a8c                vex::motor_group::spin(vex::directionType, double, vex::voltageUnits)
 .text._ZN3vex11motor_group4stopEv
                0x03806ae0       0x30 C:\Program Files (x86)\VEX Robotics\VEXcode Pro V5\sdk/vexv5\libv5rt.a(vex_motorgroup.cpp.obj)
                0x03806ae0                vex::motor_group::stop()
 .text._ZN3vex11motor_group4stopENS_9brakeTypeE
                0x03806b10       0x38 C:\Program Files (x86)\VEX Robotics\VEXcode Pro V5\sdk/vexv5\libv5rt.a(vex_motorgroup.cpp.obj)
                0x03806b10                vex::motor_group::stop(vex::brakeType)
 .text._ZN3vex11motor_group8positionENS_13rotationUnitsE
                0x03806b48        0xc C:\Program Files (x86)\VEX Robotics\VEXcode Pro V5\sdk/vexv5\libv5rt.a(vex_motorgroup.cpp.obj)
                0x03806b48                vex::motor_group::position(vex::rotationUnits)
 .text.vexAdiPortConfigSet
                0x03806b54       0x28 C:\Program Files (x86)\VEX Robotics\VEXcode Pro V5\sdk/vexv5\libv5rt.a(v5_apiuser.c.obj)
                0x03806b54                vexAdiPortConfigSet
 .text.vexAdiPortConfigGet
                0x03806b7c       0x28 C:\Program Files (x86)\VEX Robotics\VEXcode Pro V5\sdk/vexv5\libv5rt.a(v5_apiuser.c.obj)
                0x03806b7c                vexAdiPortConfigGet
 .text.vexAdiValueSet
                0x03806ba4       0x28 C:\Program Files (x86)\VEX Robotics\VEXcode Pro V5\sdk/vexv5\libv5rt.a(v5_apiuser.c.obj)
                0x03806ba4                vexAdiValueSet
 .text.vexMotorVelocitySet
                0x03806bcc       0x20 C:\Program Files (x86)\VEX Robotics\VEXcode Pro V5\sdk/vexv5\libv5rt.a(v5_apiuser.c.obj)
                0x03806bcc                vexMotorVelocitySet
 .text.vexMotorVoltageSet
                0x03806bec       0x20 C:\Program Files (x86)\VEX Robotics\VEXcode Pro V5\sdk/vexv5\libv5rt.a(v5_apiuser.c.obj)
                0x03806bec                vexMotorVoltageSet
 .text.vexMotorVelocityGet
                0x03806c0c       0x18 C:\Program Files (x86)\VEX Robotics\VEXcode Pro V5\sdk/vexv5\libv5rt.a(v5_apiuser.c.obj)
                0x03806c0c                vexMotorVelocityGet
 .text.vexMotorActualVelocityGet
                0x03806c24       0x24 C:\Program Files (x86)\VEX Robotics\VEXcode Pro V5\sdk/vexv5\libv5rt.a(v5_apiuser.c.obj)
                0x03806c24                vexMotorActualVelocityGet
 .text.vexMotorModeGet
                0x03806c48       0x18 C:\Program Files (x86)\VEX Robotics\VEXcode Pro V5\sdk/vexv5\libv5rt.a(v5_apiuser.c.obj)
                0x03806c48                vexMotorModeGet
 .text.vexMotorZeroPositionFlagGet
                0x03806c60       0x18 C:\Program Files (x86)\VEX Robotics\VEXcode Pro V5\sdk/vexv5\libv5rt.a(v5_apiuser.c.obj)
                0x03806c60                vexMotorZeroPositionFlagGet
 .text.vexMotorReverseFlagSet
                0x03806c78       0x20 C:\Program Files (x86)\VEX Robotics\VEXcode Pro V5\sdk/vexv5\libv5rt.a(v5_apiuser.c.obj)
                0x03806c78                vexMotorReverseFlagSet
 .text.vexMotorEncoderUnitsSet
                0x03806c98       0x20 C:\Program Files (x86)\VEX Robotics\VEXcode Pro V5\sdk/vexv5\libv5rt.a(v5_apiuser.c.obj)
                0x03806c98                vexMotorEncoderUnitsSet
 .text.vexMotorBrakeModeSet
                0x03806cb8       0x20 C:\Program Files (x86)\VEX Robotics\VEXcode Pro V5\sdk/vexv5\libv5rt.a(v5_apiuser.c.obj)
                0x03806cb8                vexMotorBrakeModeSet
 .text.vexMotorPositionSet
                0x03806cd8       0x28 C:\Program Files (x86)\VEX Robotics\VEXcode Pro V5\sdk/vexv5\libv5rt.a(v5_apiuser.c.obj)
                0x03806cd8                vexMotorPositionSet
 .text.vexMotorPositionGet
                0x03806d00       0x24 C:\Program Files (x86)\VEX Robotics\VEXcode Pro V5\sdk/vexv5\libv5rt.a(v5_apiuser.c.obj)
                0x03806d00                vexMotorPositionGet
 .text.vexMotorRelativeTargetSet
                0x03806d24       0x30 C:\Program Files (x86)\VEX Robotics\VEXcode Pro V5\sdk/vexv5\libv5rt.a(v5_apiuser.c.obj)
                0x03806d24                vexMotorRelativeTargetSet
 .text.vexMotorGearingSet
                0x03806d54       0x20 C:\Program Files (x86)\VEX Robotics\VEXcode Pro V5\sdk/vexv5\libv5rt.a(v5_apiuser.c.obj)
                0x03806d54                vexMotorGearingSet
 .text.vexMotorGearingGet
                0x03806d74       0x18 C:\Program Files (x86)\VEX Robotics\VEXcode Pro V5\sdk/vexv5\libv5rt.a(v5_apiuser.c.obj)
                0x03806d74                vexMotorGearingGet
 .text.vexVisionModeSet
                0x03806d8c       0x20 C:\Program Files (x86)\VEX Robotics\VEXcode Pro V5\sdk/vexv5\libv5rt.a(v5_apiuser.c.obj)
                0x03806d8c                vexVisionModeSet
 .text.vexVisionObjectCountGet
                0x03806dac       0x18 C:\Program Files (x86)\VEX Robotics\VEXcode Pro V5\sdk/vexv5\libv5rt.a(v5_apiuser.c.obj)
                0x03806dac                vexVisionObjectCountGet
 .text.vexVisionObjectGet
                0x03806dc4       0x28 C:\Program Files (x86)\VEX Robotics\VEXcode Pro V5\sdk/vexv5\libv5rt.a(v5_apiuser.c.obj)
                0x03806dc4                vexVisionObjectGet
 .text.vexVisionSignatureSet
                0x03806dec       0x20 C:\Program Files (x86)\VEX Robotics\VEXcode Pro V5\sdk/vexv5\libv5rt.a(v5_apiuser.c.obj)
                0x03806dec                vexVisionSignatureSet
 .text.vexVisionBrightnessSet
                0x03806e0c       0x20 C:\Program Files (x86)\VEX Robotics\VEXcode Pro V5\sdk/vexv5\libv5rt.a(v5_apiuser.c.obj)
                0x03806e0c                vexVisionBrightnessSet
 .text.vexVisionLedModeSet
                0x03806e2c       0x20 C:\Program Files (x86)\VEX Robotics\VEXcode Pro V5\sdk/vexv5\libv5rt.a(v5_apiuser.c.obj)
                0x03806e2c                vexVisionLedModeSet
 .text.vexVisionLedColorSet
                0x03806e4c       0x2c C:\Program Files (x86)\VEX Robotics\VEXcode Pro V5\sdk/vexv5\libv5rt.a(v5_apiuser.c.obj)
                0x03806e4c                vexVisionLedColorSet
 .text.vexImuReset
                0x03806e78       0x10 C:\Program Files (x86)\VEX Robotics\VEXcode Pro V5\sdk/vexv5\libv5rt.a(v5_apiuser.c.obj)
                0x03806e78                vexImuReset
 .text.vexImuHeadingGet
                0x03806e88       0x10 C:\Program Files (x86)\VEX Robotics\VEXcode Pro V5\sdk/vexv5\libv5rt.a(v5_apiuser.c.obj)
                0x03806e88                vexImuHeadingGet
 .text.vexImuDegreesGet
                0x03806e98       0x10 C:\Program Files (x86)\VEX Robotics\VEXcode Pro V5\sdk/vexv5\libv5rt.a(v5_apiuser.c.obj)
                0x03806e98                vexImuDegreesGet
 .text.vexImuStatusGet
                0x03806ea8       0x10 C:\Program Files (x86)\VEX Robotics\VEXcode Pro V5\sdk/vexv5\libv5rt.a(v5_apiuser.c.obj)
                0x03806ea8                vexImuStatusGet
 .text.vexEventMaskSet
                0x03806eb8       0x28 C:\Program Files (x86)\VEX Robotics\VEXcode Pro V5\sdk/vexv5\libv5rt.a(v5_apiuser.c.obj)
                0x03806eb8                vexEventMaskSet
 .text.vexEventMaskGet
                0x03806ee0       0x18 C:\Program Files (x86)\VEX Robotics\VEXcode Pro V5\sdk/vexv5\libv5rt.a(v5_apiuser.c.obj)
                0x03806ee0                vexEventMaskGet
 .text._ZN3vex6deviceD2Ev
                0x03806ef8        0x4 C:\Program Files (x86)\VEX Robotics\VEXcode Pro V5\sdk/vexv5\libv5rt.a(vex_device.cpp.obj)
                0x03806ef8                vex::device::~device()
                0x03806ef8                vex::device::~device()
 .text._ZN3vex6device5valueEv
                0x03806efc        0x8 C:\Program Files (x86)\VEX Robotics\VEXcode Pro V5\sdk/vexv5\libv5rt.a(vex_device.cpp.obj)
                0x03806efc                vex::device::value()
 .text._ZN3vex6deviceD0Ev
                0x03806f04       0x14 C:\Program Files (x86)\VEX Robotics\VEXcode Pro V5\sdk/vexv5\libv5rt.a(vex_device.cpp.obj)
                0x03806f04                vex::device::~device()
 .text._ZN3vex6device4initEl
                0x03806f18       0x30 C:\Program Files (x86)\VEX Robotics\VEXcode Pro V5\sdk/vexv5\libv5rt.a(vex_device.cpp.obj)
                0x03806f18                vex::device::init(long)
 .text._ZN3vex6deviceC2El
                0x03806f48       0x20 C:\Program Files (x86)\VEX Robotics\VEXcode Pro V5\sdk/vexv5\libv5rt.a(vex_device.cpp.obj)
                0x03806f48                vex::device::device(long)
                0x03806f48                vex::device::device(long)
 .text._ZN3vex6device4typeEv
                0x03806f68       0x10 C:\Program Files (x86)\VEX Robotics\VEXcode Pro V5\sdk/vexv5\libv5rt.a(vex_device.cpp.obj)
                0x03806f68                vex::device::type()
 .text._ZN3vex6device9installedEv
                0x03806f78       0x14 C:\Program Files (x86)\VEX Robotics\VEXcode Pro V5\sdk/vexv5\libv5rt.a(vex_device.cpp.obj)
                0x03806f78                vex::device::installed()
 .text.__aeabi_memcpy
                0x03806f8c        0x4 C:\Program Files (x86)\VEX Robotics\VEXcode Pro V5\sdk/vexv5/gcc/libs\libc.a(lib_a-aeabi_memcpy.o)
                0x03806f8c                __aeabi_memcpy
                0x03806f8c                __aeabi_memcpy8
                0x03806f8c                __aeabi_memcpy4
 .text.__libc_fini_array
                0x03806f90       0x30 C:\Program Files (x86)\VEX Robotics\VEXcode Pro V5\sdk/vexv5/gcc/libs\libc.a(lib_a-fini.o)
                0x03806f90                __libc_fini_array
 .text.__libc_init_array
                0x03806fc0       0x58 C:\Program Files (x86)\VEX Robotics\VEXcode Pro V5\sdk/vexv5/gcc/libs\libc.a(lib_a-init.o)
                0x03806fc0                __libc_init_array
 .text.memcpy   0x03807018       0xa8 C:\Program Files (x86)\VEX Robotics\VEXcode Pro V5\sdk/vexv5/gcc/libs\libc.a(lib_a-memcpy.o)
                0x03807018                memcpy
 .text.hypot    0x038070c0       0xb4 C:\Program Files (x86)\VEX Robotics\VEXcode Pro V5\sdk/vexv5/gcc/libs\libm.a(lib_a-w_hypot.o)
                0x038070c0                hypot
 .text.__ieee754_hypot
                0x03807174      0x198 C:\Program Files (x86)\VEX Robotics\VEXcode Pro V5\sdk/vexv5/gcc/libs\libm.a(lib_a-e_hypot.o)
                0x03807174                __ieee754_hypot
 *fill*         0x0380730c        0x4 
 .text.__ieee754_hypot.__stub
                0x03807310       0x18 linker stubs
 *(.gnu.linkonce.t.*)
 *(.plt)
 *(.gnu_warning)
 *(.gcc_except_table)
 *(.glue_7)
 .glue_7        0x00000000        0x0 linker stubs
 *(.glue_7t)
 .glue_7t       0x00000000        0x0 linker stubs
 *(.vfp11_veneer)
 .vfp11_veneer  0x00000000        0x0 linker stubs
 *(.ARM.extab)
 *(.gnu.linkonce.armextab.*)

.v4_bx          0x03807328        0x0
 .v4_bx         0x00000000        0x0 linker stubs

.iplt           0x03807328        0x0
 .iplt          0x00000000        0x0 build/src/util.o

.init
 *(.init)

.fini
 *(.fini)

.rodata         0x03807328      0x2c4
                0x03807328                __rodata_start = .
 *(.rodata)
 *(.rodata.*)
 .rodata.str1.1
                0x03807328       0x96 build/src/main.o
                                 0x98 (size before relaxing)
 .rodata.str1.1
                0x038073be       0x1c build/src/autons.o
                                 0x26 (size before relaxing)
 .rodata.str1.1
                0x038073da       0x2e C:\Program Files (x86)\VEX Robotics\VEXcode Pro V5\sdk/vexv5\libv5rt.a(v5_startup.c.obj)
 .rodata._ZN3vex3fwdE
                0x03807408        0x4 C:\Program Files (x86)\VEX Robotics\VEXcode Pro V5\sdk/vexv5\libv5rt.a(vex_global.cpp.obj)
                0x03807408                vex::fwd
 .rodata._ZN3vex5PORT3E
                0x0380740c        0x4 C:\Program Files (x86)\VEX Robotics\VEXcode Pro V5\sdk/vexv5\libv5rt.a(vex_global.cpp.obj)
                0x0380740c                vex::PORT3
 .rodata._ZN3vex5PORT1E
                0x03807410        0x4 C:\Program Files (x86)\VEX Robotics\VEXcode Pro V5\sdk/vexv5\libv5rt.a(vex_global.cpp.obj)
                0x03807410                vex::PORT1
 .rodata._ZN3vex7reverseE
                0x03807414        0x4 C:\Program Files (x86)\VEX Robotics\VEXcode Pro V5\sdk/vexv5\libv5rt.a(vex_global.cpp.obj)
                0x03807414                vex::reverse
 .rodata._ZN3vex4voltE
                0x03807418        0x4 C:\Program Files (x86)\VEX Robotics\VEXcode Pro V5\sdk/vexv5\libv5rt.a(vex_global.cpp.obj)
                0x03807418                vex::volt
 .rodata._ZN3vex6PORT10E
                0x0380741c        0x4 C:\Program Files (x86)\VEX Robotics\VEXcode Pro V5\sdk/vexv5\libv5rt.a(vex_global.cpp.obj)
                0x0380741c                vex::PORT10
 .rodata._ZN3vex5PORT5E
                0x03807420        0x4 C:\Program Files (x86)\VEX Robotics\VEXcode Pro V5\sdk/vexv5\libv5rt.a(vex_global.cpp.obj)
                0x03807420                vex::PORT5
 .rodata._ZN3vex7forwardE
                0x03807424        0x4 C:\Program Files (x86)\VEX Robotics\VEXcode Pro V5\sdk/vexv5\libv5rt.a(vex_global.cpp.obj)
                0x03807424                vex::forward
 .rodata._ZN3vex3secE
                0x03807428        0x4 C:\Program Files (x86)\VEX Robotics\VEXcode Pro V5\sdk/vexv5\libv5rt.a(vex_global.cpp.obj)
                0x03807428                vex::sec
 .rodata._ZN3vex4msecE
                0x0380742c        0x4 C:\Program Files (x86)\VEX Robotics\VEXcode Pro V5\sdk/vexv5\libv5rt.a(vex_global.cpp.obj)
                0x0380742c                vex::msec
 .rodata._ZN3vex5PORT9E
                0x03807430        0x4 C:\Program Files (x86)\VEX Robotics\VEXcode Pro V5\sdk/vexv5\libv5rt.a(vex_global.cpp.obj)
                0x03807430                vex::PORT9
 .rodata._ZN3vex6PORT21E
                0x03807434        0x4 C:\Program Files (x86)\VEX Robotics\VEXcode Pro V5\sdk/vexv5\libv5rt.a(vex_global.cpp.obj)
                0x03807434                vex::PORT21
 .rodata._ZN3vex5PORT2E
                0x03807438        0x4 C:\Program Files (x86)\VEX Robotics\VEXcode Pro V5\sdk/vexv5\libv5rt.a(vex_global.cpp.obj)
                0x03807438                vex::PORT2
 .rodata._ZN3vex6PORT11E
                0x0380743c        0x4 C:\Program Files (x86)\VEX Robotics\VEXcode Pro V5\sdk/vexv5\libv5rt.a(vex_global.cpp.obj)
                0x0380743c                vex::PORT11
 .rodata._ZN3vex7primaryE
                0x03807440        0x4 C:\Program Files (x86)\VEX Robotics\VEXcode Pro V5\sdk/vexv5\libv5rt.a(vex_global.cpp.obj)
                0x03807440                vex::primary
 .rodata._ZN3vex3degE
                0x03807444        0x4 C:\Program Files (x86)\VEX Robotics\VEXcode Pro V5\sdk/vexv5\libv5rt.a(vex_global.cpp.obj)
                0x03807444                vex::deg
 .rodata._ZN3vex7percentE
                0x03807448        0x4 C:\Program Files (x86)\VEX Robotics\VEXcode Pro V5\sdk/vexv5\libv5rt.a(vex_global.cpp.obj)
                0x03807448                vex::percent
 .rodata._ZN3vex6PORT22E
                0x0380744c        0x4 C:\Program Files (x86)\VEX Robotics\VEXcode Pro V5\sdk/vexv5\libv5rt.a(vex_global.cpp.obj)
                0x0380744c                vex::PORT22
 .rodata._ZN3vex4holdE
                0x03807450        0x4 C:\Program Files (x86)\VEX Robotics\VEXcode Pro V5\sdk/vexv5\libv5rt.a(vex_global.cpp.obj)
                0x03807450                vex::hold
 .rodata._ZN3vex5PORT7E
                0x03807454        0x4 C:\Program Files (x86)\VEX Robotics\VEXcode Pro V5\sdk/vexv5\libv5rt.a(vex_global.cpp.obj)
                0x03807454                vex::PORT7
 .rodata._ZN3vex5turnsE
                0x03807458        0x4 C:\Program Files (x86)\VEX Robotics\VEXcode Pro V5\sdk/vexv5\libv5rt.a(vex_global.cpp.obj)
                0x03807458                vex::turns
 .rodata._ZN3vex8ratio6_1E
                0x0380745c        0x4 C:\Program Files (x86)\VEX Robotics\VEXcode Pro V5\sdk/vexv5\libv5rt.a(vex_global.cpp.obj)
                0x0380745c                vex::ratio6_1
 .rodata._ZN3vex5brakeE
                0x03807460        0x4 C:\Program Files (x86)\VEX Robotics\VEXcode Pro V5\sdk/vexv5\libv5rt.a(vex_global.cpp.obj)
                0x03807460                vex::brake
 .rodata._ZN3vex5PORT4E
                0x03807464        0x4 C:\Program Files (x86)\VEX Robotics\VEXcode Pro V5\sdk/vexv5\libv5rt.a(vex_global.cpp.obj)
                0x03807464                vex::PORT4
 .rodata._ZN3vex5PORT8E
                0x03807468        0x4 C:\Program Files (x86)\VEX Robotics\VEXcode Pro V5\sdk/vexv5\libv5rt.a(vex_global.cpp.obj)
                0x03807468                vex::PORT8
 .rodata._ZN3vex9ratio18_1E
                0x0380746c        0x4 C:\Program Files (x86)\VEX Robotics\VEXcode Pro V5\sdk/vexv5\libv5rt.a(vex_global.cpp.obj)
                0x0380746c                vex::ratio18_1
 .rodata._ZN3vex7secondsE
                0x03807470        0x4 C:\Program Files (x86)\VEX Robotics\VEXcode Pro V5\sdk/vexv5\libv5rt.a(vex_global.cpp.obj)
                0x03807470                vex::seconds
 *fill*         0x03807474        0x4 
 .rodata._ZTVN3vex5motorE
                0x03807478       0x18 C:\Program Files (x86)\VEX Robotics\VEXcode Pro V5\sdk/vexv5\libv5rt.a(vex_motor.cpp.obj)
                0x03807478                vtable for vex::motor
 .rodata._ZTVN3vex6visionE
                0x03807490       0x18 C:\Program Files (x86)\VEX Robotics\VEXcode Pro V5\sdk/vexv5\libv5rt.a(vex_vision.cpp.obj)
                0x03807490                vtable for vex::vision
 .rodata._ZTVN3vex8inertialE
                0x038074a8       0x68 C:\Program Files (x86)\VEX Robotics\VEXcode Pro V5\sdk/vexv5\libv5rt.a(vex_imu.cpp.obj)
                0x038074a8                vtable for vex::inertial
 .rodata.str1.1
                0x03807510       0x1f C:\Program Files (x86)\VEX Robotics\VEXcode Pro V5\sdk/vexv5\libv5rt.a(vex_controller.cpp.obj)
                                 0x20 (size before relaxing)
 .rodata.CSWTCH.16
                0x0380752f        0xb C:\Program Files (x86)\VEX Robotics\VEXcode Pro V5\sdk/vexv5\libv5rt.a(vex_controller.cpp.obj)
 .rodata.CSWTCH.18
                0x0380753a        0xb C:\Program Files (x86)\VEX Robotics\VEXcode Pro V5\sdk/vexv5\libv5rt.a(vex_controller.cpp.obj)
 .rodata.CSWTCH.24
                0x03807545        0x3 C:\Program Files (x86)\VEX Robotics\VEXcode Pro V5\sdk/vexv5\libv5rt.a(vex_controller.cpp.obj)
 .rodata.str1.1
                0x03807548       0x14 C:\Program Files (x86)\VEX Robotics\VEXcode Pro V5\sdk/vexv5\libv5rt.a(vex_task.cpp.obj)
 .rodata.str1.1
                0x0380755c       0x2d C:\Program Files (x86)\VEX Robotics\VEXcode Pro V5\sdk/vexv5\libv5rt.a(vex_brain.cpp.obj)
 *fill*         0x03807589        0x7 
 .rodata._ZTVN3vex7triportE
                0x03807590       0x18 C:\Program Files (x86)\VEX Robotics\VEXcode Pro V5\sdk/vexv5\libv5rt.a(vex_triport.cpp.obj)
                0x03807590                vtable for vex::triport
 .rodata.CSWTCH.38
                0x038075a8       0x10 C:\Program Files (x86)\VEX Robotics\VEXcode Pro V5\sdk/vexv5\libv5rt.a(vex_triport.cpp.obj)
 .rodata.CSWTCH.33
                0x038075b8        0xe C:\Program Files (x86)\VEX Robotics\VEXcode Pro V5\sdk/vexv5\libv5rt.a(vex_triport.cpp.obj)
 *fill*         0x038075c6        0x2 
 .rodata._ZTVN3vex6deviceE
                0x038075c8       0x18 C:\Program Files (x86)\VEX Robotics\VEXcode Pro V5\sdk/vexv5\libv5rt.a(vex_device.cpp.obj)
                0x038075c8                vtable for vex::device
 .rodata.str1.4
                0x038075e0        0x2 C:\Program Files (x86)\VEX Robotics\VEXcode Pro V5\sdk/vexv5/gcc/libs\libc.a(lib_a-impure.o)
 *fill*         0x038075e2        0x2 
 .rodata.str1.4
                0x038075e4        0x8 C:\Program Files (x86)\VEX Robotics\VEXcode Pro V5\sdk/vexv5/gcc/libs\libm.a(lib_a-w_hypot.o)
                                  0x6 (size before relaxing)
 *(.gnu.linkonce.r.*)
                0x038075ec                __rodata_end = .

.rodata1        0x038075ec        0x0
                0x038075ec                __rodata1_start = .
 *(.rodata1)
 *(.rodata1.*)
                0x038075ec                __rodata1_end = .

.sdata2         0x038075ec        0x0
                0x038075ec                __sdata2_start = .
 *(.sdata2)
 *(.sdata2.*)
 *(.gnu.linkonce.s2.*)
                0x038075ec                __sdata2_end = .

.sbss2          0x038075ec        0x0
                0x038075ec                __sbss2_start = .
 *(.sbss2)
 *(.sbss2.*)
 *(.gnu.linkonce.sb2.*)
                0x038075ec                __sbss2_end = .

.data           0x038075f0      0x43d
                0x038075f0                __data_start = .
 *(.data)
 *(.data.*)
 .data.appRunning
                0x038075f0        0x4 C:\Program Files (x86)\VEX Robotics\VEXcode Pro V5\sdk/vexv5\libv5rt.a(v5_startup.c.obj)
                0x038075f0                appRunning
 .data.__yoff   0x038075f4        0x4 C:\Program Files (x86)\VEX Robotics\VEXcode Pro V5\sdk/vexv5\libv5rt.a(v5_apijump.c.obj)
 .data._ZN3vex24__default_motor_velocityE
                0x038075f8        0x4 C:\Program Files (x86)\VEX Robotics\VEXcode Pro V5\sdk/vexv5\libv5rt.a(vex_motor.cpp.obj)
                0x038075f8                vex::__default_motor_velocity
 *fill*         0x038075fc        0x4 
 .data.impure_data
                0x03807600      0x428 C:\Program Files (x86)\VEX Robotics\VEXcode Pro V5\sdk/vexv5/gcc/libs\libc.a(lib_a-impure.o)
 .data._impure_ptr
                0x03807a28        0x4 C:\Program Files (x86)\VEX Robotics\VEXcode Pro V5\sdk/vexv5/gcc/libs\libc.a(lib_a-impure.o)
                0x03807a28                _impure_ptr
 .data.__fdlib_version
                0x03807a2c        0x1 C:\Program Files (x86)\VEX Robotics\VEXcode Pro V5\sdk/vexv5/gcc/libs\libm.a(lib_a-s_lib_ver.o)
                0x03807a2c                __fdlib_version
 *(.gnu.linkonce.d.*)
 *(.jcr)
 *(.got)
 *(.got.plt)
                0x03807a2d                __data_end = .

.igot.plt       0x03807a30        0x0
 .igot.plt      0x00000000        0x0 build/src/util.o

.data1          0x03807a2d        0x0
                0x03807a2d                __data1_start = .
 *(.data1)
 *(.data1.*)
                0x03807a2d                __data1_end = .

.got
 *(.got)

.ctors          0x03807a2d        0x0
                0x03807a2d                __CTOR_LIST__ = .
                0x03807a2d                ___CTORS_LIST___ = .
 *crtbegin.o(.ctors)
 *(EXCLUDE_FILE(*crtend.o) .ctors)
 *(SORT(.ctors.*))
 *(.ctors)
                0x03807a2d                __CTOR_END__ = .
                0x03807a2d                ___CTORS_END___ = .

.dtors          0x03807a2d        0x0
                0x03807a2d                __DTOR_LIST__ = .
                0x03807a2d                ___DTORS_LIST___ = .
 *crtbegin.o(.dtors)
 *(EXCLUDE_FILE(*crtend.o) .dtors)
 *(SORT(.dtors.*))
 *(.dtors)
                0x03807a2d                __DTOR_END__ = .
                0x03807a2d                ___DTORS_END___ = .

.fixup          0x03807a2d        0x0
                0x03807a2d                __fixup_start = .
 *(.fixup)
                0x03807a2d                __fixup_end = .

.eh_frame
 *(.eh_frame)

.eh_framehdr    0x03807a2d        0x0
                0x03807a2d                __eh_framehdr_start = .
 *(.eh_framehdr)
                0x03807a2d                __eh_framehdr_end = .

.gcc_except_table
 *(.gcc_except_table)

.mmu_tbl        0x03808000        0x0
                0x03808000                __mmu_tbl_start = .
 *(.mmu_tbl)
                0x03808000                __mmu_tbl_end = .

.ARM.exidx      0x03807a30        0x8
                0x03807a30                __exidx_start = .
 *(.ARM.exidx*)
 .ARM.exidx.text._Z15reduce_0_to_360f
                0x03807a30        0x8 build/src/util.o
 .ARM.exidx.text._Z26reduce_negative_180_to_180f
                0x03807a38        0x0 build/src/util.o
                                  0x8 (size before relaxing)
 .ARM.exidx.text._Z24reduce_negative_90_to_90f
                0x03807a38        0x0 build/src/util.o
                                  0x8 (size before relaxing)
 .ARM.exidx.text._Z6to_radf
                0x03807a38        0x0 build/src/util.o
                                  0x8 (size before relaxing)
 .ARM.exidx.text._Z6to_degf
                0x03807a38        0x0 build/src/util.o
                                  0x8 (size before relaxing)
 .ARM.exidx.text._Z5clampfff
                0x03807a38        0x0 build/src/util.o
                                  0x8 (size before relaxing)
 .ARM.exidx.text._Z7to_voltf
                0x03807a38        0x0 build/src/util.o
                                  0x8 (size before relaxing)
 .ARM.exidx.text._Z8deadbandff
                0x03807a38        0x0 build/src/util.o
                                  0x8 (size before relaxing)
 .ARM.exidx.text._ZN3vex11motor_groupC2IJNS_5motorES2_EEERS2_DpRT_
                0x03807a38        0x0 build/src/main.o
                                  0x8 (size before relaxing)
 .ARM.exidx.text._ZN5DriveD2Ev
                0x03807a38        0x0 build/src/main.o
                                  0x8 (size before relaxing)
 .ARM.exidx.text._Z9pre_autonv
                0x03807a38        0x0 build/src/main.o
                                  0x8 (size before relaxing)
 .ARM.exidx.text._Z10autonomousv
                0x03807a38        0x0 build/src/main.o
                                  0x8 (size before relaxing)
 .ARM.exidx.text._Z11usercontrolv
                0x03807a38        0x0 build/src/main.o
                                  0x8 (size before relaxing)
 .ARM.exidx.text._ZN3vex10controller3lcd5printIfEEvT_
                0x03807a38        0x0 build/src/main.o
                                  0x8 (size before relaxing)
 .ARM.exidx.text.main
                0x03807a38        0x0 build/src/main.o
                                  0x8 (size before relaxing)
 .ARM.exidx.text._GLOBAL__sub_I_main.cpp
                0x03807a38        0x0 build/src/main.o
                                  0x8 (size before relaxing)
 .ARM.exidx.text._Z11VisionChasefffN3vex6vision9signatureEff